warm start from best_iter (旧口径 hold_fit 5103)
gen 0: fit 5534 (margin -79464 own 73390 solo 84471) elite_mean -9614 | straw=33 wheat=32 cow=4.7
gen 1: fit -2986 (margin -74617 own 59107 solo 89424) elite_mean -10578 | straw=28 wheat=33 cow=3.0
gen 2: fit 7839 (margin -67142 own 55210 solo 106332) elite_mean 475 | straw=28 wheat=20 cow=6.0
gen 3: fit 7518 (margin -69874 own 62144 solo 91119) elite_mean -592 | straw=26 wheat=24 cow=5.4
gen 4: fit 11525 (margin -66320 own 67940 solo 114566) elite_mean 6290 | straw=25 wheat=23 cow=4.2
gen 5: fit 10546 (margin -55067 own 54894 solo 90158) elite_mean 4170 | straw=26 wheat=23 cow=5.4
gen 6: fit 11974 (margin -68676 own 67146 solo 105576) elite_mean 9584 | straw=26 wheat=25 cow=4.7
gen 7: fit 10297 (margin -69516 own 65324 solo 122693) elite_mean 6837 | straw=26 wheat=25 cow=5.5
gen 8: fit 16435 (margin -66302 own 69242 solo 105156) elite_mean 6428 | straw=28 wheat=25 cow=4.8
gen 9: fit 10895 (margin -68064 own 66586 solo 86897) elite_mean 8026 | straw=28 wheat=21 cow=4.9
gen 10: fit 8752 (margin -72335 own 65120 solo 106630) elite_mean 1749 | straw=27 wheat=23 cow=4.9
gen 11: fit 14519 (margin -75571 own 80414 solo 78710) elite_mean 7963 | straw=25 wheat=22 cow=5.9
HOLDOUT baseline: fit -33301 margin -97229 own 49227
HOLDOUT cand0: fit 11091 margin -69618 own 63183 solo 116836
HOLDOUT cand1: fit -5484 margin -71158 own 48789 solo 112564
HOLDOUT cand2: fit 8091 margin -67242 own 59771 solo 103744
HOLDOUT cand3: fit -2126 margin -69425 own 50631 solo 111128
HOLDOUT cand4: fit 8939 margin -74173 own 66592 solo 110134
迭代池 5 条 -> plan_pool_iter.json
