gen 0: 对手 ['majkel_107678936', 'packs', 'packs', 'v29_adaptive', 'v31_sell_timing', 'majkel_107624912'] | 各岛最优(相对fit,相对margin,评估次数) [(43639, 16387, 1), (24018, 17371, 1), (33344, 9539, 1), (23704, 9776, 1)] | 全局 margin 16387 own 80641 n=1 | straw=23 cow=6.5 岛间距 32.91
gen 1: 对手 ['v1_baseline_sche', 'packs', 'packs', 'v25_market_maker', 'v39_pure_tape', 'fta_slice1.json'] | 各岛最优(相对fit,相对margin,评估次数) [(33046, 18194, 2), (22645, 13144, 2), (27174, 10032, 2), (21271, 9898, 1)] | 全局 margin 18194 own 68358 n=2 | straw=23 cow=6.5 岛间距 27.78
gen 2: 对手 ['nl_SpaTaro_10728', 'packs', 'packs', 'v25_market_maker', 'v24_hybrid', 'ymg_slice1.json'] | 各岛最优(相对fit,相对margin,评估次数) [(31588, 12405, 1), (17697, 9500, 3), (18808, 9857, 3), (17672, 5456, 2)] | 全局 margin 14925 own 70062 n=3 | straw=23 cow=6.5 岛间距 28.70
gen 3: 对手 ['nl_SpaTaro_10728', 'packs', 'packs', 'nl_Otter_Vibe_10', 'v39_pure_tape', 'fta_slice1.json'] | 各岛最优(相对fit,相对margin,评估次数) [(22042, 13164, 4), (15355, 7794, 4), (16092, 6369, 4), (12187, -1337, 1)] | 全局 margin 13164 own 66294 n=4 | straw=23 cow=6.5 岛间距 32.55
gen 4: 对手 ['majkel_107678936', 'packs', 'packs', 'v29_adaptive', 'v31_sell_timing', 'majkel_107976609'] | 各岛最优(相对fit,相对margin,评估次数) [(18222, 12227, 5), (15177, 15141, 1), (17064, 2219, 1), (13723, 8366, 1)] | 全局 margin 12227 own 64344 n=5 | straw=23 cow=6.5 岛间距 31.78
gen 5: 对手 ['v1_baseline_sche', 'packs', 'v58_rebuild.py', 'v2_survival_guar', 'v39_pure_tape', 'ult_normal.json'] | 各岛最优(相对fit,相对margin,评估次数) [(18933, 11044, 1), (16065, 1499, 1), (12441, 4461, 6), (10789, 2143, 1)] | 全局 margin 11408 own 63469 n=6 | straw=23 cow=6.5 岛间距 31.34
gen 6: 对手 ['v1_baseline_sche', 'packs', 'packs', 'v29_adaptive', 'v31_sell_timing', 'fta_slice0.json'] | 各岛最优(相对fit,相对margin,评估次数) [(14444, 3603, 1), (8607, 7179, 2), (11194, 2956, 7), (15881, 760, 2)] | 全局 margin 8699 own 65559 n=7 | straw=23 cow=6.5 岛间距 32.14
gen 7: 对手 ['majkel_107678936', 'packs', 'v58_rebuild.py', 'v25_market_maker', 'v39_pure_tape', 'majkel_107624912'] | 各岛最优(相对fit,相对margin,评估次数) [(13135, 8516, 8), (11887, 13640, 1), (9850, 2475, 8), (11360, 1734, 3)] | 全局 margin 8516 own 65225 n=8 | straw=23 cow=6.5 岛间距 31.19
gen 8: 对手 ['nl_SpaTaro_10728', 'packs', 'packs', 'v2_survival_guar', 'v33_opp_router', 'majkel_107976609'] | 各岛最优(相对fit,相对margin,评估次数) [(13828, 9466, 9), (11746, 3253, 1), (13966, 12669, 2), (12473, 3350, 1)] | 全局 margin 9466 own 65040 n=9 | straw=23 cow=6.5 岛间距 31.89
gen 9: 对手 ['majkel_107678936', 'packs', 'packs', 'v1_adaptive_mark', 'v24_hybrid', 'fta_slice0.json'] | 各岛最优(相对fit,相对margin,评估次数) [(17927, 8289, 1), (14075, 3486, 1), (13796, 10630, 3), (16234, 9305, 1)] | 全局 margin 9420 own 64741 n=10 | straw=23 cow=6.5 岛间距 32.66
gen 10: 对手 ['nl_SpaTaro_10728', 'packs', 'packs', 'v1_adaptive_mark', 'v39_pure_tape', 'majkel_107620962'] | 各岛最优(相对fit,相对margin,评估次数) [(22786, 9731, 1), (10123, 2369, 3), (11798, 9985, 4), (6251, 7733, 2)] | 全局 margin 9142 own 64542 n=11 | straw=23 cow=6.5 岛间距 31.74
gen 11: 对手 ['v1_baseline_sche', 'packs', 'v58_rebuild.py', 'v1_adaptive_mark', 'v33_opp_router', 'majkel_107976609'] | 各岛最优(相对fit,相对margin,评估次数) [(19079, 13807, 1), (6736, 113, 1), (16178, 2653, 1), (5330, -2474, 1)] | 全局 margin 11351 own 63174 n=3 | straw=23 cow=6.5 岛间距 32.27
gen 12: 对手 ['majkel_107678936', 'packs', 'packs', 'v119_center_live', 'v39_pure_tape', 'majkel_107976609'] | 各岛最优(相对fit,相对margin,评估次数) [(14025, 7751, 3), (6186, 2445, 1), (10710, -2109, 1), (10856, 2486, 1)] | 全局 margin 7751 own 65580 n=3 | straw=23 cow=6.5 岛间距 32.29
gen 13: 对手 ['nl_SpaTaro_10728', 'packs', 'packs', 'v25_market_maker', 'v39_pure_tape', 'majkel_107620962'] | 各岛最优(相对fit,相对margin,评估次数) [(14242, 10933, 1), (14814, 5074, 1), (10813, -2346, 1), (5764, 3020, 2)] | 全局 margin 8546 own 65232 n=4 | straw=23 cow=6.5 岛间距 32.39
gen 14: 对手 ['v1_baseline_sche', 'packs', 'dist_backup', 'v119_center_live', 'v24_hybrid', 'fta_slice0.json'] | 各岛最优(相对fit,相对margin,评估次数) [(17074, 8508, 1), (10802, 1439, 1), (9993, 1058, 1), (5864, 17, 1)] | 全局 margin 7382 own 65897 n=5 | straw=23 cow=6.5 岛间距 33.77
gen 15: 对手 ['nl_SpaTaro_10728', 'packs', 'packs', 'v2_survival_guar', 'v39_pure_tape', 'ymg_slice1.json'] | 各岛最优(相对fit,相对margin,评估次数) [(15876, 7091, 1), (8820, 630, 1), (8791, 803, 5), (6074, -549, 1)] | 全局 margin 803 own 70949 n=5 | straw=20 cow=7.0 岛间距 34.66
gen 16: 对手 ['majkel_107678936', 'v58_rebuild.py', 'packs', 'v29_adaptive', 'v24_hybrid', 'fta_slice1.json'] | 各岛最优(相对fit,相对margin,评估次数) [(17926, 19566, 1), (17935, 7680, 1), (20401, 1303, 1), (9922, -95, 1)] | 全局 margin 7911 own 69312 n=3 | straw=23 cow=6.5 岛间距 35.32
gen 17: 对手 ['majkel_107678936', 'v58_rebuild.py', 'packs', 'v1_adaptive_mark', 'v120_hierarchica', 'majkel_107637563'] | 各岛最优(相对fit,相对margin,评估次数) [(15831, 13002, 2), (10077, 6637, 2), (15764, 5279, 2), (8717, 10968, 1)] | 全局 margin 498 own 68899 n=7 | straw=18 cow=7.0 岛间距 27.11
gen 18: 对手 ['nl_SpaTaro_10728', 'dist_backup', 'packs', 'v2_survival_guar', 'v33_opp_router', 'ult_normal.json'] | 各岛最优(相对fit,相对margin,评估次数) [(17493, 7784, 1), (10182, 7564, 1), (14174, 4188, 3), (15277, 6512, 1)] | 全局 margin 10958 own 63044 n=3 | straw=23 cow=6.9 岛间距 31.99
gen 19: 对手 ['v1_baseline_sche', 'packs', 'packs', 'v1_adaptive_mark', 'v33_opp_router', 'majkel_107629571'] | 各岛最优(相对fit,相对margin,评估次数) [(13777, 4151, 2), (5903, 5035, 4), (13410, 5427, 4), (8538, -6402, 1)] | 全局 margin 5427 own 67232 n=4 | straw=20 cow=7.0 岛间距 28.75
gen 20: 对手 ['nl_SpaTaro_10728', 'packs', 'packs', 'v1_adaptive_mark', 'v33_opp_router', 'ymg_slice0.json'] | 各岛最优(相对fit,相对margin,评估次数) [(16175, 8507, 1), (9583, 5988, 1), (12383, 6746, 5), (14490, -4183, 1)] | 全局 margin 5325 own 68143 n=3 | straw=23 cow=6.9 岛间距 30.86
gen 21: 对手 ['v1_baseline_sche', 'packs', 'dist_backup', 'v29_adaptive', 'v33_opp_router', 'majkel_107624912'] | 各岛最优(相对fit,相对margin,评估次数) [(22917, 8197, 1), (6508, 1079, 1), (12035, 5667, 6), (5407, 1455, 2)] | 全局 margin 5667 own 66289 n=6 | straw=20 cow=7.0 岛间距 30.70
gen 22: 对手 ['majkel_107678936', 'packs', 'packs', 'v1_adaptive_mark', 'v39_pure_tape', 'majkel_107637563'] | 各岛最优(相对fit,相对margin,评估次数) [(13134, 6816, 2), (8936, -2491, 1), (10668, 3821, 7), (12357, 7563, 1)] | 全局 margin 3821 own 66663 n=7 | straw=20 cow=7.0 岛间距 30.78
gen 23: 对手 ['v1_baseline_sche', 'packs', 'dist_backup', 'v2_survival_guar', 'v33_opp_router', 'majkel_107976609'] | 各岛最优(相对fit,相对margin,评估次数) [(19057, 7312, 1), (3121, 1071, 2), (13815, 11847, 1), (7030, 5731, 1)] | 全局 margin 2024 own 66501 n=3 | straw=23 cow=4.3 岛间距 32.47
gen 24: 对手 ['v1_baseline_sche', 'v58_rebuild.py', 'packs', 'v2_survival_guar', 'v39_pure_tape', 'majkel_107620962'] | 各岛最优(相对fit,相对margin,评估次数) [(15440, 2798, 1), (11638, 5691, 1), (11948, 7299, 2), (9850, 7813, 1)] | 全局 margin 3771 own 65162 n=9 | straw=20 cow=7.0 岛间距 30.67
gen 25: 对手 ['majkel_107678936', 'packs', 'packs', 'nl_Otter_Vibe_10', 'v39_pure_tape', 'ymg_slice1.json'] | 各岛最优(相对fit,相对margin,评估次数) [(20388, 7261, 1), (13197, 6495, 1), (12676, 2634, 1), (7402, 4642, 2)] | 全局 margin 5572 own 69429 n=3 | straw=26 cow=6.9 岛间距 31.76
gen 26: 对手 ['v1_baseline_sche', 'packs', 'packs', 'v25_market_maker', 'v39_pure_tape', 'fta_slice0.json'] | 各岛最优(相对fit,相对margin,评估次数) [(16688, 5790, 1), (11914, 3400, 1), (17417, 2489, 1), (11335, -3282, 1)] | 全局 margin 4646 own 68404 n=4 | straw=20 cow=7.0 岛间距 26.80
gen 27: 对手 ['v1_baseline_sche', 'packs', 'dist_backup', 'v2_survival_guar', 'v33_opp_router', 'fta_slice1.json'] | 各岛最优(相对fit,相对margin,评估次数) [(14881, 3597, 1), (7162, 4771, 4), (12125, -102, 2), (9030, 6700, 1)] | 全局 margin 4771 own 62580 n=4 | straw=30 cow=9.0 岛间距 32.66
gen 28: 对手 ['nl_SpaTaro_10728', 'packs', 'dist_backup', 'v119_center_live', 'v120_hierarchica', 'majkel_107629571'] | 各岛最优(相对fit,相对margin,评估次数) [(18104, 12298, 1), (18007, 12143, 1), (16765, 2340, 1), (8786, 1582, 3)] | 全局 margin 712 own 73978 n=3 | straw=20 cow=7.0 岛间距 32.51
gen 29: 对手 ['nl_SpaTaro_10728', 'v58_rebuild.py', 'packs', 'v25_market_maker', 'v31_sell_timing', 'majkel_107620962'] | 各岛最优(相对fit,相对margin,评估次数) [(11589, 8314, 2), (12312, 10735, 1), (13677, 1934, 2), (9000, 3029, 4)] | 全局 margin 1074 own 72742 n=4 | straw=20 cow=7.0 岛间距 32.51
gen 30: 对手 ['nl_SpaTaro_10728', 'packs', 'packs', 'v119_center_live', 'v24_hybrid', 'fta_slice0.json'] | 各岛最优(相对fit,相对margin,评估次数) [(14177, 4445, 1), (7549, 7307, 2), (10275, -361, 5), (10370, 3714, 5)] | 全局 margin 6275 own 69979 n=3 | straw=29 cow=6.9 岛间距 31.96
gen 31: 对手 ['v1_baseline_sche', 'dist_backup', 'packs', 'nl_Otter_Vibe_10', 'v24_hybrid', 'majkel_107624912'] | 各岛最优(相对fit,相对margin,评估次数) [(12179, 7868, 1), (11124, 6440, 1), (11240, -2543, 1), (9254, 2433, 6)] | 全局 margin -1008 own 72617 n=6 | straw=20 cow=7.0 岛间距 32.06
gen 32: 对手 ['nl_SpaTaro_10728', 'packs', 'packs', 'v2_survival_guar', 'v24_hybrid', 'ymg_slice1.json'] | 各岛最优(相对fit,相对margin,评估次数) [(11836, 11317, 1), (13901, 6553, 1), (14889, 14006, 1), (11981, 12071, 1)] | 全局 margin 3573 own 67823 n=7 | straw=18 cow=3.0 岛间距 19.56
gen 33: 对手 ['nl_SpaTaro_10728', 'v58_rebuild.py', 'packs', 'v25_market_maker', 'v33_opp_router', 'ult_normal.json'] | 各岛最优(相对fit,相对margin,评估次数) [(24718, -3021, 1), (16898, 5731, 1), (14768, 6268, 2), (12132, 1708, 1)] | 全局 margin 4986 own 64239 n=3 | straw=20 cow=7.0 岛间距 30.62
gen 34: 对手 ['nl_SpaTaro_10728', 'packs', 'dist_backup', 'v2_survival_guar', 'v31_sell_timing', 'majkel_107629571'] | 各岛最优(相对fit,相对margin,评估次数) [(13739, 14852, 2), (12995, 5812, 2), (8250, 2875, 3), (10246, 6019, 1)] | 全局 margin 2875 own 64291 n=3 | straw=20 cow=7.0 岛间距 31.93
gen 35: 对手 ['v1_baseline_sche', 'packs', 'packs', 'v25_market_maker', 'v33_opp_router', 'majkel_107756423'] | 各岛最优(相对fit,相对margin,评估次数) [(18638, 7737, 1), (11031, 5884, 3), (25204, 12801, 1), (15013, 8922, 1)] | 全局 margin 10617 own 63679 n=3 | straw=29 cow=6.9 岛间距 32.92
gen 36: 对手 ['v1_baseline_sche', 'packs', 'packs', 'v2_survival_guar', 'v31_sell_timing', 'fta_slice0.json'] | 各岛最优(相对fit,相对margin,评估次数) [(13152, 3420, 2), (10699, 5667, 4), (11576, 8629, 2), (9590, 6447, 2)] | 全局 margin 5667 own 65662 n=4 | straw=30 cow=9.0 岛间距 32.92
gen 37: 对手 ['nl_SpaTaro_10728', 'packs', 'packs', 'v1_adaptive_mark', 'v33_opp_router', 'majkel_107620962'] | 各岛最优(相对fit,相对margin,评估次数) [(10004, 6351, 1), (9285, 9079, 2), (9712, 9123, 1), (14564, 1130, 1)] | 全局 margin 5851 own 65357 n=3 | straw=20 cow=7.0 岛间距 33.84
gen 38: 对手 ['majkel_107678936', 'packs', 'packs', 'nl_Otter_Vibe_10', 'v31_sell_timing', 'fta_slice1.json'] | 各岛最优(相对fit,相对margin,评估次数) [(15222, 10841, 1), (10479, 5870, 1), (7672, 699, 1), (5831, 1, 2)] | 全局 margin 8529 own 62752 n=3 | straw=30 cow=13.6 岛间距 34.96
gen 39: 对手 ['v1_baseline_sche', 'dist_backup', 'packs', 'v2_survival_guar', 'v31_sell_timing', 'fta_slice1.json'] | 各岛最优(相对fit,相对margin,评估次数) [(16284, 2294, 1), (10803, -1581, 2), (20908, 3431, 1), (2859, -638, 3)] | 全局 margin 7176 own 63083 n=5 | straw=20 cow=7.0 岛间距 32.63
gen 40: 对手 ['majkel_107678936', 'packs', 'packs', 'v25_market_maker', 'v33_opp_router', 'ymg_slice0.json'] | 各岛最优(相对fit,相对margin,评估次数) [(16754, 9195, 1), (12944, 4773, 1), (14891, 2698, 2), (13210, 2985, 2)] | 全局 margin 3834 own 71576 n=3 | straw=29 cow=6.9 岛间距 30.89
gen 41: 对手 ['nl_SpaTaro_10728', 'packs', 'packs', 'nl_Otter_Vibe_10', 'v120_hierarchica', 'majkel_107624912'] | 各岛最优(相对fit,相对margin,评估次数) [(15675, 7361, 2), (13943, 4943, 1), (15120, 6179, 1), (11258, 3939, 3)] | 全局 margin 3458 own 74083 n=3 | straw=17 cow=7.0 岛间距 30.89
gen 42: 对手 ['v1_baseline_sche', 'packs', 'packs', 'v25_market_maker', 'v33_opp_router', 'ymg_slice1.json'] | 各岛最优(相对fit,相对margin,评估次数) [(15827, 5079, 1), (7063, 3220, 2), (12488, 1736, 1), (9692, 2278, 2)] | 全局 margin 7355 own 70620 n=3 | straw=31 cow=4.5 岛间距 36.74
gen 43: 对手 ['majkel_107678936', 'packs', 'packs', 'v25_market_maker', 'v31_sell_timing', 'fta_slice0.json'] | 各岛最优(相对fit,相对margin,评估次数) [(10382, 4791, 2), (17730, 15676, 1), (17830, 7491, 1), (9047, 3077, 1)] | 全局 margin 2693 own 70035 n=5 | straw=17 cow=7.0 岛间距 35.80
gen 44: 对手 ['nl_SpaTaro_10728', 'packs', 'packs', 'nl_Otter_Vibe_10', 'v31_sell_timing', 'majkel_107629571'] | 各岛最优(相对fit,相对margin,评估次数) [(17203, 3348, 1), (6355, 6832, 1), (15288, 4504, 1), (13387, 7385, 1)] | 全局 margin 4226 own 69255 n=3 | straw=29 cow=6.9 岛间距 36.50
gen 45: 对手 ['nl_SpaTaro_10728', 'packs', 'dist_backup', 'v2_survival_guar', 'v33_opp_router', 'majkel_107637563'] | 各岛最优(相对fit,相对margin,评估次数) [(18414, 3456, 1), (6476, 4329, 1), (12028, 6206, 2), (11151, 3189, 1)] | 全局 margin 4576 own 63612 n=3 | straw=11 cow=7.0 岛间距 34.32
gen 46: 对手 ['majkel_107678936', 'packs', 'packs', 'v1_adaptive_mark', 'v33_opp_router', 'majkel_107637563'] | 各岛最优(相对fit,相对margin,评估次数) [(15905, 2646, 2), (928, 2376, 4), (11541, 6281, 2), (8577, 1355, 1)] | 全局 margin 4192 own 72488 n=3 | straw=27 cow=6.9 岛间距 35.91
gen 47: 对手 ['majkel_107678936', 'packs', 'packs', 'nl_Otter_Vibe_10', 'v31_sell_timing', 'majkel_107624912'] | 各岛最优(相对fit,相对margin,评估次数) [(11319, 1448, 3), (9248, 2647, 1), (13035, 9345, 1), (8385, 1903, 1)] | 全局 margin 1448 own 71575 n=3 | straw=29 cow=4.2 岛间距 35.59
gen 48: 对手 ['v1_baseline_sche', 'packs', 'packs', 'v29_adaptive', 'v31_sell_timing', 'fta_slice1.json'] | 各岛最优(相对fit,相对margin,评估次数) [(10485, 1268, 4), (10874, 5180, 1), (9241, -4420, 1), (10897, 4547, 2)] | 全局 margin 1268 own 70439 n=4 | straw=29 cow=4.2 岛间距 30.60
gen 49: 对手 ['v1_baseline_sche', 'packs', 'packs', 'v29_adaptive', 'v120_hierarchica', 'majkel_107976609'] | 各岛最优(相对fit,相对margin,评估次数) [(15013, 12378, 1), (11093, 4268, 1), (16224, 7446, 1), (7004, 2047, 3)] | 全局 margin 2007 own 70399 n=5 | straw=29 cow=4.2 岛间距 30.57
gen 50: 对手 ['majkel_107678936', 'packs', 'packs', 'v1_adaptive_mark', 'v120_hierarchica', 'ymg_slice1.json'] | 各岛最优(相对fit,相对margin,评估次数) [(14233, 8553, 1), (5481, 3283, 2), (14950, 5343, 2), (5264, 2290, 4)] | 全局 margin 2290 own 65993 n=4 | straw=18 cow=7.0 岛间距 30.84
gen 51: 对手 ['nl_SpaTaro_10728', 'dist_backup', 'packs', 'v29_adaptive', 'v39_pure_tape', 'ult_normal.json'] | 各岛最优(相对fit,相对margin,评估次数) [(10855, 5823, 2), (8643, 724, 1), (12694, 3991, 3), (16662, 4618, 1)] | 全局 margin 3991 own 71269 n=3 | straw=20 cow=4.1 岛间距 31.31
gen 52: 对手 ['majkel_107678936', 'packs', 'packs', 'v29_adaptive', 'v24_hybrid', 'ymg_slice0.json'] | 各岛最优(相对fit,相对margin,评估次数) [(13753, 6252, 1), (8901, 18275, 1), (18374, 2397, 1), (9078, 746, 2)] | 全局 margin 5624 own 65566 n=3 | straw=27 cow=4.2 岛间距 31.46
gen 53: 对手 ['v1_baseline_sche', 'dist_backup', 'packs', 'nl_Otter_Vibe_10', 'v39_pure_tape', 'majkel_107756423'] | 各岛最优(相对fit,相对margin,评估次数) [(16060, 3912, 1), (3296, -1085, 1), (13445, 8724, 1), (11753, 6673, 1)] | 全局 margin 4457 own 66500 n=5 | straw=20 cow=4.1 岛间距 31.60
gen 54: 对手 ['v1_baseline_sche', 'dist_backup', 'packs', 'v29_adaptive', 'v24_hybrid', 'majkel_107756423'] | 各岛最优(相对fit,相对margin,评估次数) [(10254, 2492, 1), (13899, 14457, 1), (9435, 8762, 2), (9422, 5931, 2)] | 全局 margin 7658 own 60601 n=3 | straw=20 cow=4.1 岛间距 32.68
gen 55: 对手 ['v1_baseline_sche', 'packs', 'dist_backup', 'nl_Otter_Vibe_10', 'v120_hierarchica', 'majkel_107624912'] | 各岛最优(相对fit,相对margin,评估次数) [(9846, 13930, 1), (10630, 6728, 1), (11283, 9591, 1), (7176, 4561, 3)] | 全局 margin 6586 own 61697 n=4 | straw=20 cow=4.1 岛间距 31.75
gen 56: 对手 ['nl_SpaTaro_10728', 'packs', 'packs', 'v2_survival_guar', 'v31_sell_timing', 'majkel_107756423'] | 各岛最优(相对fit,相对margin,评估次数) [(20497, 10562, 1), (27417, 15611, 1), (18520, 4885, 1), (16474, 3166, 1)] | 全局 margin 6496 own 65534 n=4 | straw=18 cow=7.0 岛间距 31.38
gen 57: 对手 ['v1_baseline_sche', 'packs', 'packs', 'nl_Otter_Vibe_10', 'v24_hybrid', 'ymg_slice1.json'] | 各岛最优(相对fit,相对margin,评估次数) [(12786, 7801, 2), (10068, 10756, 2), (12639, 2145, 1), (11636, 3086, 2)] | 全局 margin 7801 own 66806 n=2 | straw=23 cow=4.2 岛间距 31.38
gen 58: 对手 ['majkel_107678936', 'packs', 'packs', 'v119_center_live', 'v24_hybrid', 'majkel_107976609'] | 各岛最优(相对fit,相对margin,评估次数) [(11056, 5810, 3), (6557, 6110, 3), (12654, -5053, 2), (14862, 15538, 1)] | 全局 margin 7035 own 66769 n=3 | straw=18 cow=8.2 岛间距 31.88
gen 59: 对手 ['majkel_107678936', 'packs', 'packs', 'v1_adaptive_mark', 'v120_hierarchica', 'ymg_slice0.json'] | 各岛最优(相对fit,相对margin,评估次数) [(11443, 2526, 1), (13959, -1385, 1), (14587, 9529, 1), (10755, 6028, 4)] | 全局 margin -2403 own 72297 n=3 | straw=20 cow=7.0 岛间距 30.14
gen 60: 对手 ['nl_SpaTaro_10728', 'packs', 'packs', 'v119_center_live', 'v24_hybrid', 'majkel_107624912'] | 各岛最优(相对fit,相对margin,评估次数) [(16507, 9149, 1), (14445, 11286, 1), (14696, 6563, 1), (7774, 1910, 1)] | 全局 margin -344 own 71577 n=4 | straw=20 cow=7.0 岛间距 31.27
gen 61: 对手 ['nl_SpaTaro_10728', 'v58_rebuild.py', 'packs', 'v1_adaptive_mark', 'v120_hierarchica', 'majkel_107976609'] | 各岛最优(相对fit,相对margin,评估次数) [(16445, 4895, 1), (6377, 5625, 3), (11764, 7001, 1), (7605, 2196, 6)] | 全局 margin 5495 own 65652 n=3 | straw=20 cow=7.0 岛间距 30.54
gen 62: 对手 ['majkel_107678936', 'packs', 'packs', 'v2_survival_guar', 'v24_hybrid', 'majkel_107620962'] | 各岛最优(相对fit,相对margin,评估次数) [(10018, 5074, 3), (7949, 11585, 1), (9930, 5095, 3), (7230, 1812, 7)] | 全局 margin 5074 own 67140 n=3 | straw=23 cow=7.4 岛间距 30.87
gen 63: 对手 ['v1_baseline_sche', 'packs', 'packs', 'v119_center_live', 'v33_opp_router', 'fta_slice0.json'] | 各岛最优(相对fit,相对margin,评估次数) [(13438, -3715, 1), (8109, 417, 1), (15894, 1849, 1), (6149, 2153, 8)] | 全局 margin 6106 own 64916 n=4 | straw=23 cow=7.4 岛间距 31.48
gen 64: 对手 ['nl_SpaTaro_10728', 'packs', 'packs', 'v119_center_live', 'v33_opp_router', 'ymg_slice1.json'] | 各岛最优(相对fit,相对margin,评估次数) [(21749, 5203, 1), (6266, -1928, 1), (9785, 6181, 2), (11953, 2346, 1)] | 全局 margin 2413 own 66270 n=9 | straw=18 cow=8.2 岛间距 32.29
gen 65: 对手 ['majkel_107678936', 'packs', 'v58_rebuild.py', 'v1_adaptive_mark', 'v31_sell_timing', 'ult_normal.json'] | 各岛最优(相对fit,相对margin,评估次数) [(13106, 1643, 1), (3398, 4698, 3), (12453, 3179, 1), (6722, 7024, 1)] | 全局 margin 5626 own 67372 n=3 | straw=20 cow=6.8 岛间距 28.04
gen 66: 对手 ['majkel_107678936', 'packs', 'packs', 'v25_market_maker', 'v120_hierarchica', 'majkel_107756423'] | 各岛最优(相对fit,相对margin,评估次数) [(11951, 6147, 1), (9497, 1751, 2), (16773, 9385, 1), (20031, 6122, 1)] | 全局 margin 4006 own 68630 n=3 | straw=23 cow=6.4 岛间距 32.05
gen 67: 对手 ['majkel_107678936', 'packs', 'packs', 'v2_survival_guar', 'v39_pure_tape', 'majkel_107620962'] | 各岛最优(相对fit,相对margin,评估次数) [(9898, 2882, 2), (7574, 2340, 3), (13282, 9232, 1), (11754, 5791, 2)] | 全局 margin 2340 own 65989 n=3 | straw=30 cow=11.7 岛间距 32.05
gen 68: 对手 ['v1_baseline_sche', 'packs', 'packs', 'v2_survival_guar', 'v33_opp_router', 'fta_slice0.json'] | 各岛最优(相对fit,相对margin,评估次数) [(25172, 6338, 1), (5677, 2753, 4), (19475, 4109, 1), (17145, 4683, 1)] | 全局 margin 10900 own 61566 n=3 | straw=20 cow=6.8 岛间距 31.71
gen 69: 对手 ['nl_SpaTaro_10728', 'packs', 'packs', 'v2_survival_guar', 'v24_hybrid', 'fta_slice0.json'] | 各岛最优(相对fit,相对margin,评估次数) [(22435, 10846, 2), (16302, 7623, 1), (23121, 12167, 1), (13505, 5741, 1)] | 全局 margin 3727 own 66781 n=5 | straw=30 cow=11.7 岛间距 27.84
HOLDOUT 岛0 cand0: fit 38625 margin -39662 own 60772 solo 116770 (训练 margin 10846 n=2)
HOLDOUT 岛0 cand1: fit 35601 margin -44949 own 64154 solo 109306 (训练 margin 2800 n=2)
HOLDOUT 岛1 cand2: fit 34561 margin -44841 own 63384 solo 106784 (训练 margin 3727 n=5)
HOLDOUT 岛1 cand3: fit 21040 margin -51468 own 56446 solo 107083 (训练 margin -5800 n=2)
HOLDOUT 岛2 cand4: fit 33587 margin -43786 own 60747 solo 110844 (训练 margin 7043 n=2)
HOLDOUT 岛2 cand5: fit 41057 margin -43632 own 68408 solo 108547 (训练 margin 9491 n=2)
HOLDOUT 岛3 cand6: fit 30216 margin -41859 own 56596 solo 103196 (训练 margin 4790 n=2)
HOLDOUT 岛3 cand7: fit 32581 margin -43499 own 59356 solo 111489 (训练 margin -980 n=2)
迭代池 7 条（来自岛 [0, 1, 2, 3]）
