gen 0: 对手 ['majkel_107678936', 'packs', 'packs', 'v29_adaptive', 'v31_sell_timing', 'majkel_107624912'] | 各岛最优(相对fit,相对margin,评估次数) [(63273, 23486, 1), (63273, 23486, 1), (18352, 11166, 1), (18905, 6167, 1)] | 全局 margin 23486 own 78534 n=1 | straw=23 cow=6.5 岛间距 12.36
gen 1: 对手 ['v1_baseline_sche', 'packs', 'packs', 'v25_market_maker', 'v39_pure_tape', 'fta_slice1.json'] | 各岛最优(相对fit,相对margin,评估次数) [(52962, 28270, 2), (52962, 28270, 2), (8385, 2452, 2), (9080, 3874, 2)] | 全局 margin 28270 own 67856 n=2 | straw=23 cow=6.5 岛间距 12.36
gen 2: 对手 ['nl_SpaTaro_10728', 'packs', 'packs', 'v25_market_maker', 'v24_hybrid', 'ymg_slice1.json'] | 各岛最优(相对fit,相对margin,评估次数) [(47501, 21935, 3), (46883, 24114, 3), (4695, 783, 3), (5712, 1754, 1)] | 全局 margin 21935 own 72009 n=3 | straw=23 cow=6.5 岛间距 12.49
gen 3: 对手 ['nl_SpaTaro_10728', 'packs', 'packs', 'nl_Otter_Vibe_10', 'v39_pure_tape', 'fta_slice1.json'] | 各岛最优(相对fit,相对margin,评估次数) [(42637, 21156, 4), (41694, 23133, 4), (352, -1583, 4), (-1758, -2266, 4)] | 全局 margin 21156 own 68895 n=4 | straw=23 cow=6.5 岛间距 12.52
gen 4: 对手 ['majkel_107678936', 'packs', 'packs', 'v29_adaptive', 'v31_sell_timing', 'majkel_107976609'] | 各岛最优(相对fit,相对margin,评估次数) [(40043, 16923, 5), (41949, 19188, 1), (4103, 9922, 1), (-4196, -1529, 5)] | 全局 margin 16923 own 70832 n=5 | straw=23 cow=6.5 岛间距 12.52
gen 5: 对手 ['v1_baseline_sche', 'packs', 'v58_rebuild.py', 'v2_survival_guar', 'v39_pure_tape', 'ult_normal.json'] | 各岛最优(相对fit,相对margin,评估次数) [(36269, 15063, 6), (35159, 20472, 6), (-5446, -5252, 6), (4595, -932, 1)] | 全局 margin 15063 own 69820 n=6 | straw=23 cow=6.5 岛间距 13.15
gen 6: 对手 ['v1_baseline_sche', 'packs', 'packs', 'v29_adaptive', 'v31_sell_timing', 'fta_slice0.json'] | 各岛最优(相对fit,相对margin,评估次数) [(34306, 15500, 7), (32803, 17227, 3), (93, -11453, 1), (11402, 2420, 1)] | 全局 margin 15500 own 69065 n=7 | straw=23 cow=6.5 岛间距 12.69
gen 7: 对手 ['majkel_107678936', 'packs', 'v58_rebuild.py', 'v25_market_maker', 'v39_pure_tape', 'majkel_107624912'] | 各岛最优(相对fit,相对margin,评估次数) [(32769, 14696, 8), (31661, 18699, 8), (2567, 242, 1), (3992, 5407, 2)] | 全局 margin 14696 own 68776 n=8 | straw=23 cow=6.5 岛间距 12.69
gen 8: 对手 ['nl_SpaTaro_10728', 'packs', 'packs', 'v2_survival_guar', 'v33_opp_router', 'majkel_107976609'] | 各岛最优(相对fit,相对margin,评估次数) [(30431, 18778, 9), (30431, 18778, 9), (30431, 18778, 9), (12257, -3003, 1)] | 全局 margin 18778 own 63912 n=9 | straw=23 cow=6.5 岛间距 15.27
gen 9: 对手 ['majkel_107678936', 'packs', 'packs', 'v1_adaptive_mark', 'v24_hybrid', 'fta_slice0.json'] | 各岛最优(相对fit,相对margin,评估次数) [(29516, 17830, 10), (29516, 17830, 10), (29516, 17830, 10), (-816, -4316, 1)] | 全局 margin 17830 own 63827 n=10 | straw=23 cow=6.5 岛间距 14.54
gen 10: 对手 ['nl_SpaTaro_10728', 'packs', 'packs', 'v1_adaptive_mark', 'v39_pure_tape', 'majkel_107620962'] | 各岛最优(相对fit,相对margin,评估次数) [(28164, 17060, 11), (28164, 17060, 11), (28164, 17060, 11), (-7258, -5129, 3)] | 全局 margin 17060 own 64255 n=11 | straw=23 cow=6.5 岛间距 15.27
gen 11: 对手 ['v1_baseline_sche', 'packs', 'v58_rebuild.py', 'v1_adaptive_mark', 'v33_opp_router', 'majkel_107976609'] | 各岛最优(相对fit,相对margin,评估次数) [(27108, 16648, 12), (27108, 16648, 12), (27108, 16648, 12), (-9892, -9520, 3)] | 全局 margin 16648 own 63952 n=12 | straw=23 cow=6.5 岛间距 14.54
gen 12: 对手 ['majkel_107678936', 'packs', 'packs', 'v119_center_live', 'v39_pure_tape', 'majkel_107976609'] | 各岛最优(相对fit,相对margin,评估次数) [(25782, 13449, 13), (25782, 13449, 13), (25264, 15663, 13), (-10322, -8037, 4)] | 全局 margin 13449 own 65740 n=13 | straw=23 cow=6.5 岛间距 14.73
gen 13: 对手 ['nl_SpaTaro_10728', 'packs', 'packs', 'v25_market_maker', 'v39_pure_tape', 'majkel_107620962'] | 各岛最优(相对fit,相对margin,评估次数) [(27331, 8526, 1), (25120, 15624, 14), (29966, 5500, 1), (-3744, -1104, 1)] | 全局 margin 15624 own 63029 n=14 | straw=23 cow=6.5 岛间距 15.16
gen 14: 对手 ['v1_baseline_sche', 'packs', 'dist_backup', 'v119_center_live', 'v24_hybrid', 'fta_slice0.json'] | 各岛最优(相对fit,相对margin,评估次数) [(24339, 15036, 15), (24339, 15036, 15), (24339, 15036, 15), (566, 1994, 1)] | 全局 margin 15036 own 63805 n=15 | straw=23 cow=6.5 岛间距 16.52
gen 15: 对手 ['nl_SpaTaro_10728', 'packs', 'packs', 'v2_survival_guar', 'v39_pure_tape', 'ymg_slice1.json'] | 各岛最优(相对fit,相对margin,评估次数) [(23737, 14569, 16), (23737, 14569, 16), (23737, 14569, 16), (-5445, -1750, 2)] | 全局 margin 14569 own 64400 n=16 | straw=23 cow=6.5 岛间距 15.56
gen 16: 对手 ['majkel_107678936', 'v58_rebuild.py', 'packs', 'v29_adaptive', 'v24_hybrid', 'fta_slice1.json'] | 各岛最优(相对fit,相对margin,评估次数) [(25281, 14368, 1), (23165, 14073, 17), (23165, 14073, 17), (23165, 14073, 17)] | 全局 margin 14073 own 64932 n=17 | straw=23 cow=6.5 岛间距 1.30
gen 17: 对手 ['majkel_107678936', 'v58_rebuild.py', 'packs', 'v1_adaptive_mark', 'v120_hierarchica', 'majkel_107637563'] | 各岛最优(相对fit,相对margin,评估次数) [(22410, 13714, 18), (22410, 13714, 18), (22410, 13714, 18), (22410, 13714, 18)] | 全局 margin 13714 own 64472 n=18 | straw=23 cow=6.5 岛间距 0.00
gen 18: 对手 ['nl_SpaTaro_10728', 'dist_backup', 'packs', 'v2_survival_guar', 'v33_opp_router', 'ult_normal.json'] | 各岛最优(相对fit,相对margin,评估次数) [(21800, 13286, 19), (21800, 13286, 19), (21800, 13286, 19), (21800, 13286, 19)] | 全局 margin 13286 own 64389 n=19 | straw=23 cow=6.5 岛间距 0.00
gen 19: 对手 ['v1_baseline_sche', 'packs', 'packs', 'v1_adaptive_mark', 'v33_opp_router', 'majkel_107629571'] | 各岛最优(相对fit,相对margin,评估次数) [(21242, 13156, 20), (21242, 13156, 20), (21242, 13156, 20), (21242, 13156, 20)] | 全局 margin 13156 own 64265 n=20 | straw=23 cow=6.5 岛间距 0.00
gen 20: 对手 ['nl_SpaTaro_10728', 'packs', 'packs', 'v1_adaptive_mark', 'v33_opp_router', 'ymg_slice0.json'] | 各岛最优(相对fit,相对margin,评估次数) [(20570, 12776, 21), (20570, 12776, 21), (20570, 12776, 21), (20570, 12776, 21)] | 全局 margin 12776 own 64336 n=21 | straw=23 cow=6.5 岛间距 0.00
gen 21: 对手 ['v1_baseline_sche', 'packs', 'dist_backup', 'v29_adaptive', 'v33_opp_router', 'majkel_107624912'] | 各岛最优(相对fit,相对margin,评估次数) [(20156, 12459, 22), (20156, 12459, 22), (20156, 12459, 22), (20156, 12459, 22)] | 全局 margin 12459 own 64334 n=22 | straw=23 cow=6.5 岛间距 0.00
gen 22: 对手 ['majkel_107678936', 'packs', 'packs', 'v1_adaptive_mark', 'v39_pure_tape', 'majkel_107637563'] | 各岛最优(相对fit,相对margin,评估次数) [(19636, 12232, 23), (19636, 12232, 23), (19636, 12232, 23), (19636, 12232, 23)] | 全局 margin 12232 own 64257 n=23 | straw=23 cow=6.5 岛间距 0.00
gen 23: 对手 ['v1_baseline_sche', 'packs', 'dist_backup', 'v2_survival_guar', 'v33_opp_router', 'majkel_107976609'] | 各岛最优(相对fit,相对margin,评估次数) [(19104, 11845, 24), (19104, 11845, 24), (19104, 11845, 24), (19104, 11845, 24)] | 全局 margin 11845 own 64114 n=24 | straw=23 cow=6.5 岛间距 0.00
gen 24: 对手 ['v1_baseline_sche', 'v58_rebuild.py', 'packs', 'v2_survival_guar', 'v39_pure_tape', 'majkel_107620962'] | 各岛最优(相对fit,相对margin,评估次数) [(18612, 11625, 25), (18612, 11625, 25), (18612, 11625, 25), (18612, 11625, 25)] | 全局 margin 11625 own 64153 n=25 | straw=23 cow=6.5 岛间距 0.00
gen 25: 对手 ['majkel_107678936', 'packs', 'packs', 'nl_Otter_Vibe_10', 'v39_pure_tape', 'ymg_slice1.json'] | 各岛最优(相对fit,相对margin,评估次数) [(18119, 11396, 26), (18119, 11396, 26), (18119, 11396, 26), (18119, 11396, 26)] | 全局 margin 11396 own 64235 n=26 | straw=23 cow=6.5 岛间距 0.00
gen 26: 对手 ['v1_baseline_sche', 'packs', 'packs', 'v25_market_maker', 'v39_pure_tape', 'fta_slice0.json'] | 各岛最优(相对fit,相对margin,评估次数) [(17286, 11269, 27), (19476, 1020, 1), (21856, 4278, 1), (17286, 11269, 27)] | 全局 margin 11269 own 63756 n=27 | straw=23 cow=6.5 岛间距 0.00
gen 27: 对手 ['v1_baseline_sche', 'packs', 'dist_backup', 'v2_survival_guar', 'v33_opp_router', 'fta_slice1.json'] | 各岛最优(相对fit,相对margin,评估次数) [(16894, 11082, 28), (19593, 8287, 1), (17474, 3759, 2), (16894, 11082, 28)] | 全局 margin 11082 own 63689 n=28 | straw=23 cow=6.5 岛间距 0.00
gen 28: 对手 ['nl_SpaTaro_10728', 'packs', 'dist_backup', 'v119_center_live', 'v120_hierarchica', 'majkel_107629571'] | 各岛最优(相对fit,相对margin,评估次数) [(16555, 10809, 29), (16555, 10809, 29), (16555, 10809, 29), (16555, 10809, 29)] | 全局 margin 10809 own 63765 n=29 | straw=23 cow=6.5 岛间距 0.00
gen 29: 对手 ['nl_SpaTaro_10728', 'v58_rebuild.py', 'packs', 'v25_market_maker', 'v31_sell_timing', 'majkel_107620962'] | 各岛最优(相对fit,相对margin,评估次数) [(16323, 10709, 30), (16323, 10709, 30), (16323, 10709, 30), (16323, 10709, 30)] | 全局 margin 10709 own 63598 n=30 | straw=23 cow=6.5 岛间距 0.00
gen 30: 对手 ['nl_SpaTaro_10728', 'packs', 'packs', 'v119_center_live', 'v24_hybrid', 'fta_slice0.json'] | 各岛最优(相对fit,相对margin,评估次数) [(16038, 10539, 31), (16038, 10539, 31), (20992, 9694, 1), (16038, 10539, 31)] | 全局 margin 10539 own 63712 n=31 | straw=23 cow=6.5 岛间距 0.00
gen 31: 对手 ['v1_baseline_sche', 'dist_backup', 'packs', 'nl_Otter_Vibe_10', 'v24_hybrid', 'majkel_107624912'] | 各岛最优(相对fit,相对margin,评估次数) [(15790, 10623, 32), (15790, 10623, 32), (18817, 7173, 2), (15790, 10623, 32)] | 全局 margin 10623 own 63437 n=32 | straw=23 cow=6.5 岛间距 0.00
gen 32: 对手 ['nl_SpaTaro_10728', 'packs', 'packs', 'v2_survival_guar', 'v24_hybrid', 'ymg_slice1.json'] | 各岛最优(相对fit,相对margin,评估次数) [(15545, 10518, 33), (15545, 10518, 33), (16762, 7640, 1), (15545, 10518, 33)] | 全局 margin 10518 own 63312 n=33 | straw=23 cow=6.5 岛间距 0.00
gen 33: 对手 ['nl_SpaTaro_10728', 'v58_rebuild.py', 'packs', 'v25_market_maker', 'v33_opp_router', 'ult_normal.json'] | 各岛最优(相对fit,相对margin,评估次数) [(15523, 10105, 34), (15523, 10105, 34), (19373, 3938, 1), (15523, 10105, 34)] | 全局 margin 10105 own 63657 n=34 | straw=23 cow=6.5 岛间距 0.00
gen 34: 对手 ['nl_SpaTaro_10728', 'packs', 'dist_backup', 'v2_survival_guar', 'v31_sell_timing', 'majkel_107629571'] | 各岛最优(相对fit,相对margin,评估次数) [(15295, 9919, 35), (15295, 9919, 35), (19939, 3368, 2), (15295, 9919, 35)] | 全局 margin 9919 own 63721 n=35 | straw=23 cow=6.5 岛间距 0.00
gen 35: 对手 ['v1_baseline_sche', 'packs', 'packs', 'v25_market_maker', 'v33_opp_router', 'majkel_107756423'] | 各岛最优(相对fit,相对margin,评估次数) [(15129, 9793, 36), (15129, 9793, 36), (14459, 2082, 3), (15129, 9793, 36)] | 全局 margin 9793 own 63867 n=36 | straw=23 cow=6.5 岛间距 0.00
gen 36: 对手 ['v1_baseline_sche', 'packs', 'packs', 'v2_survival_guar', 'v31_sell_timing', 'fta_slice0.json'] | 各岛最优(相对fit,相对margin,评估次数) [(14868, 9683, 37), (14868, 9683, 37), (12404, 7258, 1), (14868, 9683, 37)] | 全局 margin 9683 own 63818 n=37 | straw=23 cow=6.5 岛间距 0.00
gen 37: 对手 ['nl_SpaTaro_10728', 'packs', 'packs', 'v1_adaptive_mark', 'v33_opp_router', 'majkel_107620962'] | 各岛最优(相对fit,相对margin,评估次数) [(14612, 9618, 38), (14612, 9618, 38), (11440, 4079, 1), (14612, 9618, 38)] | 全局 margin 9618 own 63638 n=38 | straw=23 cow=6.5 岛间距 0.00
gen 38: 对手 ['majkel_107678936', 'packs', 'packs', 'nl_Otter_Vibe_10', 'v31_sell_timing', 'fta_slice1.json'] | 各岛最优(相对fit,相对margin,评估次数) [(14337, 9423, 39), (15127, 1311, 1), (13585, 7408, 3), (14337, 9423, 39)] | 全局 margin 9423 own 63731 n=39 | straw=23 cow=6.5 岛间距 0.00
gen 39: 对手 ['v1_baseline_sche', 'dist_backup', 'packs', 'v2_survival_guar', 'v31_sell_timing', 'fta_slice1.json'] | 各岛最优(相对fit,相对margin,评估次数) [(19783, 5627, 1), (14988, 12228, 1), (14769, -1279, 1), (14291, 9559, 40)] | 全局 margin 9559 own 63784 n=40 | straw=23 cow=6.5 岛间距 2.73
gen 40: 对手 ['majkel_107678936', 'packs', 'packs', 'v25_market_maker', 'v33_opp_router', 'ymg_slice0.json'] | 各岛最优(相对fit,相对margin,评估次数) [(14347, 3456, 2), (14347, 3456, 2), (13663, 10808, 2), (16548, 14504, 1)] | 全局 margin 9559 own 63709 n=41 | straw=23 cow=6.5 岛间距 3.80
gen 41: 对手 ['nl_SpaTaro_10728', 'packs', 'packs', 'nl_Otter_Vibe_10', 'v120_hierarchica', 'majkel_107624912'] | 各岛最优(相对fit,相对margin,评估次数) [(14536, 2531, 1), (17261, 10643, 1), (10135, 7045, 3), (14129, 9531, 42)] | 全局 margin 9531 own 63754 n=42 | straw=23 cow=6.5 岛间距 3.79
gen 42: 对手 ['v1_baseline_sche', 'packs', 'packs', 'v25_market_maker', 'v33_opp_router', 'ymg_slice1.json'] | 各岛最优(相对fit,相对margin,评估次数) [(16882, 8899, 1), (15544, 6680, 2), (14370, 3254, 1), (13982, 9441, 43)] | 全局 margin 9441 own 63902 n=43 | straw=23 cow=6.5 岛间距 4.27
gen 43: 对手 ['majkel_107678936', 'packs', 'packs', 'v25_market_maker', 'v31_sell_timing', 'fta_slice0.json'] | 各岛最优(相对fit,相对margin,评估次数) [(17926, 14486, 1), (19980, 6194, 1), (10366, 12321, 1), (13900, 9320, 44)] | 全局 margin 7057 own 69969 n=3 | straw=23 cow=6.5 岛间距 5.10
gen 44: 对手 ['nl_SpaTaro_10728', 'packs', 'packs', 'nl_Otter_Vibe_10', 'v31_sell_timing', 'majkel_107629571'] | 各岛最优(相对fit,相对margin,评估次数) [(18931, 15845, 2), (18199, 5686, 1), (14642, 4203, 1), (22507, 7961, 1)] | 全局 margin 7046 own 70846 n=4 | straw=23 cow=6.5 岛间距 6.55
gen 45: 对手 ['nl_SpaTaro_10728', 'packs', 'dist_backup', 'v2_survival_guar', 'v33_opp_router', 'majkel_107637563'] | 各岛最优(相对fit,相对margin,评估次数) [(13715, 15391, 3), (14803, 1497, 3), (14909, 5148, 2), (14359, 8497, 2)] | 全局 margin 1497 own 70179 n=3 | straw=23 cow=6.5 岛间距 6.55
gen 46: 对手 ['majkel_107678936', 'packs', 'packs', 'v1_adaptive_mark', 'v33_opp_router', 'majkel_107637563'] | 各岛最优(相对fit,相对margin,评估次数) [(13747, 11754, 4), (20927, 7488, 1), (15121, 5444, 3), (17005, 5768, 1)] | 全局 margin 6236 own 69087 n=3 | straw=23 cow=6.5 岛间距 5.32
gen 47: 对手 ['majkel_107678936', 'packs', 'packs', 'nl_Otter_Vibe_10', 'v31_sell_timing', 'majkel_107624912'] | 各岛最优(相对fit,相对margin,评估次数) [(15077, 10911, 1), (19009, 8339, 2), (13226, 4782, 4), (17787, 9647, 2)] | 全局 margin 12339 own 59350 n=5 | straw=28 cow=6.5 岛间距 6.26
gen 48: 对手 ['v1_baseline_sche', 'packs', 'packs', 'v29_adaptive', 'v31_sell_timing', 'fta_slice1.json'] | 各岛最优(相对fit,相对margin,评估次数) [(14877, 8890, 2), (14355, 4238, 3), (19515, 18370, 1), (17596, 4636, 1)] | 全局 margin 5395 own 73060 n=3 | straw=23 cow=6.5 岛间距 6.40
gen 49: 对手 ['v1_baseline_sche', 'packs', 'packs', 'v29_adaptive', 'v120_hierarchica', 'majkel_107976609'] | 各岛最优(相对fit,相对margin,评估次数) [(15549, 6178, 1), (18213, 6805, 1), (17624, 10305, 1), (13704, 4287, 2)] | 全局 margin 4867 own 72563 n=4 | straw=23 cow=6.5 岛间距 6.64
gen 50: 对手 ['majkel_107678936', 'packs', 'packs', 'v1_adaptive_mark', 'v120_hierarchica', 'ymg_slice1.json'] | 各岛最优(相对fit,相对margin,评估次数) [(12265, 6025, 1), (13659, 10879, 3), (16826, 10146, 1), (14060, 5118, 3)] | 全局 margin 5118 own 73323 n=3 | straw=23 cow=6.5 岛间距 5.95
gen 51: 对手 ['nl_SpaTaro_10728', 'dist_backup', 'packs', 'v29_adaptive', 'v39_pure_tape', 'ult_normal.json'] | 各岛最优(相对fit,相对margin,评估次数) [(11578, 8165, 1), (12709, 10021, 4), (27119, 8755, 1), (12996, 5831, 1)] | 全局 margin 10021 own 65236 n=4 | straw=23 cow=6.5 岛间距 6.56
gen 52: 对手 ['majkel_107678936', 'packs', 'packs', 'v29_adaptive', 'v24_hybrid', 'ymg_slice0.json'] | 各岛最优(相对fit,相对margin,评估次数) [(8747, 6395, 1), (12891, 9237, 5), (14820, 7745, 2), (9413, -596, 2)] | 全局 margin 9237 own 65060 n=5 | straw=23 cow=6.5 岛间距 7.09
gen 53: 对手 ['v1_baseline_sche', 'dist_backup', 'packs', 'nl_Otter_Vibe_10', 'v39_pure_tape', 'majkel_107756423'] | 各岛最优(相对fit,相对margin,评估次数) [(8322, 105, 1), (23767, 12746, 1), (16023, 6675, 1), (7876, 7004, 1)] | 全局 margin 5736 own 69334 n=3 | straw=27 cow=6.5 岛间距 7.31
gen 54: 对手 ['v1_baseline_sche', 'dist_backup', 'packs', 'v29_adaptive', 'v24_hybrid', 'majkel_107756423'] | 各岛最优(相对fit,相对margin,评估次数) [(7425, 33, 2), (33752, 23694, 1), (18081, 16813, 1), (8675, 10440, 1)] | 全局 margin 3827 own 69611 n=4 | straw=27 cow=6.5 岛间距 8.05
gen 55: 对手 ['v1_baseline_sche', 'packs', 'dist_backup', 'nl_Otter_Vibe_10', 'v120_hierarchica', 'majkel_107624912'] | 各岛最优(相对fit,相对margin,评估次数) [(8850, -6299, 1), (16757, 13478, 2), (13012, 10337, 2), (10064, 11977, 1)] | 全局 margin 1333 own 70710 n=3 | straw=23 cow=6.5 岛间距 7.99
gen 56: 对手 ['nl_SpaTaro_10728', 'packs', 'packs', 'v2_survival_guar', 'v31_sell_timing', 'majkel_107756423'] | 各岛最优(相对fit,相对margin,评估次数) [(14646, 18081, 1), (28757, 15693, 1), (17239, 12218, 3), (14934, 6968, 1)] | 全局 margin 14944 own 64660 n=3 | straw=32 cow=6.5 岛间距 8.81
gen 57: 对手 ['v1_baseline_sche', 'packs', 'packs', 'nl_Otter_Vibe_10', 'v24_hybrid', 'ymg_slice1.json'] | 各岛最优(相对fit,相对margin,评估次数) [(15057, 10866, 1), (16116, 12581, 4), (18008, -577, 1), (10334, 5458, 4)] | 全局 margin 12581 own 62657 n=4 | straw=32 cow=6.5 岛间距 12.28
gen 58: 对手 ['majkel_107678936', 'packs', 'packs', 'v119_center_live', 'v24_hybrid', 'majkel_107976609'] | 各岛最优(相对fit,相对margin,评估次数) [(10655, 10741, 2), (31047, 15298, 1), (20976, 2159, 2), (19704, 7946, 1)] | 全局 margin 13318 own 65008 n=5 | straw=32 cow=6.5 岛间距 8.84
gen 59: 对手 ['majkel_107678936', 'packs', 'packs', 'v1_adaptive_mark', 'v120_hierarchica', 'ymg_slice0.json'] | 各岛最优(相对fit,相对margin,评估次数) [(22354, 9393, 1), (14135, 9800, 2), (16389, 1148, 3), (15510, 10145, 2)] | 全局 margin 1148 own 72743 n=3 | straw=28 cow=6.5 岛间距 10.26
gen 60: 对手 ['nl_SpaTaro_10728', 'packs', 'packs', 'v119_center_live', 'v24_hybrid', 'majkel_107624912'] | 各岛最优(相对fit,相对margin,评估次数) [(17362, 8198, 2), (14121, 11134, 1), (13391, 1092, 4), (14132, 6863, 3)] | 全局 margin 6863 own 69459 n=3 | straw=23 cow=5.9 岛间距 10.26
gen 61: 对手 ['nl_SpaTaro_10728', 'v58_rebuild.py', 'packs', 'v1_adaptive_mark', 'v120_hierarchica', 'majkel_107976609'] | 各岛最优(相对fit,相对margin,评估次数) [(12881, 5449, 3), (20324, 8709, 1), (15738, 7070, 1), (12009, 6324, 4)] | 全局 margin 9023 own 68626 n=4 | straw=29 cow=6.5 岛间距 10.26
gen 62: 对手 ['majkel_107678936', 'packs', 'packs', 'v2_survival_guar', 'v24_hybrid', 'majkel_107620962'] | 各岛最优(相对fit,相对margin,评估次数) [(15475, 5197, 1), (19789, 8532, 1), (10539, 1862, 6), (11979, 5704, 5)] | 全局 margin 5502 own 68955 n=4 | straw=27 cow=6.0 岛间距 10.72
gen 63: 对手 ['v1_baseline_sche', 'packs', 'packs', 'v119_center_live', 'v33_opp_router', 'fta_slice0.json'] | 各岛最优(相对fit,相对margin,评估次数) [(12169, 5952, 5), (19927, 7996, 2), (21227, 11735, 1), (11497, 4745, 6)] | 全局 margin 5952 own 67524 n=5 | straw=27 cow=6.0 岛间距 10.26
gen 64: 对手 ['nl_SpaTaro_10728', 'packs', 'packs', 'v119_center_live', 'v33_opp_router', 'ymg_slice1.json'] | 各岛最优(相对fit,相对margin,评估次数) [(17967, 4777, 1), (20557, 3554, 1), (14873, 12028, 3), (15658, 4769, 1)] | 全局 margin 8754 own 65295 n=3 | straw=32 cow=6.5 岛间距 12.14
gen 65: 对手 ['majkel_107678936', 'packs', 'v58_rebuild.py', 'v1_adaptive_mark', 'v31_sell_timing', 'ult_normal.json'] | 各岛最优(相对fit,相对margin,评估次数) [(23519, 6759, 1), (18760, 12149, 2), (15817, 11293, 4), (11993, 4032, 8)] | 全局 margin 11293 own 63612 n=4 | straw=29 cow=6.5 岛间距 10.88
gen 66: 对手 ['majkel_107678936', 'packs', 'packs', 'v25_market_maker', 'v120_hierarchica', 'majkel_107756423'] | 各岛最优(相对fit,相对margin,评估次数) [(5558, -366, 2), (37068, 20856, 1), (31695, 14867, 1), (22767, 9182, 1)] | 全局 margin 15107 own 68285 n=3 | straw=29 cow=6.5 岛间距 11.80
gen 67: 对手 ['majkel_107678936', 'packs', 'packs', 'v2_survival_guar', 'v39_pure_tape', 'majkel_107620962'] | 各岛最优(相对fit,相对margin,评估次数) [(9153, 605, 3), (26966, 16916, 2), (14735, 10275, 6), (14282, 7824, 2)] | 全局 margin 10275 own 63519 n=6 | straw=29 cow=6.5 岛间距 11.80
gen 68: 对手 ['v1_baseline_sche', 'packs', 'packs', 'v2_survival_guar', 'v33_opp_router', 'fta_slice0.json'] | 各岛最优(相对fit,相对margin,评估次数) [(10742, 7841, 1), (20999, 9294, 1), (14117, 10654, 7), (11383, 3101, 11)] | 全局 margin 11886 own 70843 n=3 | straw=32 cow=6.5 岛间距 10.19
gen 69: 对手 ['nl_SpaTaro_10728', 'packs', 'packs', 'v2_survival_guar', 'v24_hybrid', 'fta_slice0.json'] | 各岛最优(相对fit,相对margin,评估次数) [(14229, 2534, 1), (26513, 12715, 1), (23285, 10595, 1), (11491, 5801, 4)] | 全局 margin 9515 own 69783 n=4 | straw=32 cow=6.5 岛间距 11.75
HOLDOUT 岛0 cand0: fit 29660 margin -42999 own 57088 solo 103807 (训练 margin 10990 n=2)
HOLDOUT 岛0 cand1: fit 21228 margin -47944 own 53698 solo 103165 (训练 margin -6163 n=2)
HOLDOUT 岛1 cand2: fit 32517 margin -46638 own 61831 solo 115494 (训练 margin 11687 n=2)
HOLDOUT 岛1 cand3: fit 27591 margin -45884 own 56449 solo 113500 (训练 margin 9515 n=4)
HOLDOUT 岛2 cand4: fit 35077 margin -44102 own 62917 solo 108415 (训练 margin 8675 n=8)
HOLDOUT 岛2 cand5: fit 36216 margin -43499 own 63980 solo 104905 (训练 margin 4644 n=4)
HOLDOUT 岛3 cand6: fit 37195 margin -47859 own 69893 solo 101078 (训练 margin 5801 n=4)
HOLDOUT 岛3 cand7: fit 34970 margin -40671 own 58321 solo 115464 (训练 margin 2447 n=12)
迭代池 8 条（来自岛 [0, 1, 2, 3]）
