gen 0: 各岛最优(fit,margin,评估次数) [(8296, -73870, 1), (8296, -73870, 1), (-54521, -104911, 1), (-26088, -89288, 1)] | 全局 margin -73870 own 69397 n=1 | straw=28 cow=5.4 岛间距 7.94
gen 1: 各岛最优(fit,margin,评估次数) [(8090, -71168, 1), (9049, -72565, 1), (-50056, -112817, 1), (-28612, -90823, 2)] | 全局 margin -72565 own 65544 n=1 | straw=31 cow=5.4 岛间距 7.95
gen 2: 各岛最优(fit,margin,评估次数) [(9602, -71669, 2), (10416, -73322, 2), (-44994, -102875, 2), (-26600, -81194, 1)] | 全局 margin -78286 own 68605 n=3 | straw=28 cow=5.4 岛间距 16.40
gen 3: 各岛最优(fit,margin,评估次数) [(9036, -65388, 1), (8810, -72986, 3), (-25740, -90215, 1), (-19651, -84236, 1)] | 全局 margin -72986 own 65660 n=3 | straw=31 cow=5.4 岛间距 16.63
gen 4: 各岛最优(fit,margin,评估次数) [(7552, -69821, 1), (11212, -63716, 1), (-21277, -74817, 1), (-8750, -72516, 1)] | 全局 margin -73328 own 67276 n=4 | straw=31 cow=5.4 岛间距 9.31
gen 5: 各岛最优(fit,margin,评估次数) [(1725, -64102, 1), (7063, -69907, 1), (3872, -66987, 2), (-16845, -83774, 2)] | 全局 margin -69907 own 57624 n=1 | straw=31 cow=5.4 岛间距 9.67
gen 6: 各岛最优(fit,margin,评估次数) [(10105, -72343, 1), (13794, -68604, 1), (3778, -71895, 3), (-16822, -94979, 1)] | 全局 margin -71895 own 59526 n=3 | straw=31 cow=5.4 岛间距 9.76
gen 7: 各岛最优(fit,margin,评估次数) [(8592, -62074, 1), (12156, -68282, 2), (10824, -67119, 1), (542, -76941, 1)] | 全局 margin -70959 own 56840 n=3 | straw=31 cow=5.4 岛间距 13.46
gen 8: 各岛最优(fit,margin,评估次数) [(14024, -71222, 1), (15969, -69804, 1), (10188, -78350, 1), (-14414, -84136, 1)] | 全局 margin -69406 own 65891 n=3 | straw=31 cow=5.4 岛间距 10.57
gen 9: 各岛最优(fit,margin,评估次数) [(12378, -65664, 3), (11183, -72977, 4), (9734, -75396, 2), (-18753, -82219, 3)] | 全局 margin -65664 own 62335 n=3 | straw=25 cow=5.9 岛间距 13.46
gen 10: 各岛最优(fit,margin,评估次数) [(12676, -65472, 4), (12676, -65472, 4), (10069, -72335, 5), (9448, -72200, 3)] | 全局 margin -65472 own 62583 n=4 | straw=25 cow=5.9 岛间距 6.19
gen 11: 各岛最优(fit,margin,评估次数) [(19520, -71272, 1), (14558, -66472, 5), (8729, -72777, 6), (6033, -72338, 4)] | 全局 margin -66472 own 65043 n=5 | straw=25 cow=5.9 岛间距 5.87
gen 12: 各岛最优(fit,margin,评估次数) [(18758, -69940, 2), (15012, -67000, 6), (7482, -72335, 7), (4639, -71814, 5)] | 全局 margin -67000 own 66349 n=6 | straw=25 cow=5.9 岛间距 5.87
gen 13: 各岛最优(fit,margin,评估次数) [(11453, -72798, 3), (12422, -68645, 7), (9221, -83178, 1), (23448, -75675, 1)] | 全局 margin -68645 own 65516 n=7 | straw=25 cow=5.9 岛间距 6.86
gen 14: 各岛最优(fit,margin,评估次数) [(10057, -71946, 4), (11030, -68757, 8), (5138, -79591, 2), (8244, -77173, 2)] | 全局 margin -68757 own 64214 n=8 | straw=25 cow=5.9 岛间距 6.86
gen 15: 各岛最优(fit,margin,评估次数) [(16876, -78424, 1), (10604, -70288, 9), (11383, -77810, 1), (6948, -76010, 3)] | 全局 margin -70288 own 65071 n=9 | straw=25 cow=5.9 岛间距 8.36
gen 16: 各岛最优(fit,margin,评估次数) [(8436, -64955, 1), (10434, -70230, 10), (10434, -70230, 10), (10384, -72724, 1)] | 全局 margin -70230 own 64943 n=10 | straw=25 cow=5.9 岛间距 6.91
gen 17: 各岛最优(fit,margin,评估次数) [(5775, -74452, 3), (10002, -69774, 11), (10002, -69774, 11), (6562, -70318, 2)] | 全局 margin -69774 own 63836 n=11 | straw=25 cow=5.9 岛间距 6.93
gen 18: 各岛最优(fit,margin,评估次数) [(11858, -81192, 1), (11276, -78252, 1), (17581, -77936, 1), (12072, -71473, 3)] | 全局 margin -71473 own 67418 n=3 | straw=34 cow=5.4 岛间距 7.30
gen 19: 各岛最优(fit,margin,评估次数) [(5971, -73206, 2), (8635, -70626, 13), (8635, -70626, 13), (6752, -74447, 4)] | 全局 margin -70626 own 63787 n=13 | straw=25 cow=5.9 岛间距 7.37
gen 20: 各岛最优(fit,margin,评估次数) [(7017, -71873, 1), (15577, -68310, 1), (14430, -62700, 1), (8975, -70118, 14)] | 全局 margin -70118 own 63534 n=14 | straw=25 cow=5.9 岛间距 3.34
gen 21: 各岛最优(fit,margin,评估次数) [(8686, -70244, 1), (9460, -73988, 2), (10552, -83406, 1), (8595, -70886, 15)] | 全局 margin -70886 own 64097 n=15 | straw=25 cow=5.9 岛间距 3.78
gen 22: 各岛最优(fit,margin,评估次数) [(11610, -70270, 2), (12436, -75931, 1), (15199, -75215, 2), (12359, -65566, 1)] | 全局 margin -71354 own 66117 n=3 | straw=25 cow=6.5 岛间距 4.43
gen 23: 各岛最优(fit,margin,评估次数) [(11883, -70095, 3), (9536, -64916, 1), (16816, -71808, 2), (12896, -68492, 2)] | 全局 margin -75434 own 72353 n=3 | straw=33 cow=5.9 岛间距 4.43
gen 24: 各岛最优(fit,margin,评估次数) [(8835, -68965, 1), (12296, -78454, 1), (15268, -69311, 3), (11496, -76344, 1)] | 全局 margin -69311 own 69017 n=3 | straw=25 cow=5.9 岛间距 6.09
gen 25: 各岛最优(fit,margin,评估次数) [(12972, -68040, 1), (12837, -62299, 1), (15085, -70641, 4), (15085, -70641, 4)] | 全局 margin -70641 own 71037 n=4 | straw=25 cow=5.9 岛间距 4.99
gen 26: 各岛最优(fit,margin,评估次数) [(8781, -65969, 3), (13155, -65215, 1), (12794, -68856, 5), (12794, -68856, 5)] | 全局 margin -68856 own 66945 n=5 | straw=25 cow=5.9 岛间距 4.30
gen 27: 各岛最优(fit,margin,评估次数) [(10027, -60666, 1), (8666, -65943, 1), (8866, -70833, 6), (9296, -53853, 1)] | 全局 margin -64500 own 58146 n=4 | straw=21 cow=5.9 岛间距 5.70
gen 28: 各岛最优(fit,margin,评估次数) [(30264, -68110, 1), (20330, -76128, 1), (15354, -69795, 1), (15723, -73268, 1)] | 全局 margin -66879 own 62283 n=5 | straw=21 cow=5.9 岛间距 5.18
gen 29: 各岛最优(fit,margin,评估次数) [(19147, -65824, 1), (13563, -75550, 2), (10779, -78739, 1), (11472, -70523, 2)] | 全局 margin -70082 own 65201 n=8 | straw=25 cow=5.9 岛间距 6.82
gen 30: 各岛最优(fit,margin,评估次数) [(16149, -70409, 3), (14912, -57466, 1), (10997, -67859, 1), (16998, -68088, 1)] | 全局 margin -70409 own 69947 n=3 | straw=37 cow=7.4 岛间距 6.03
gen 31: 各岛最优(fit,margin,评估次数) [(13756, -71918, 4), (10678, -66617, 2), (13638, -72398, 1), (11251, -72176, 2)] | 全局 margin -71918 own 68999 n=4 | straw=37 cow=7.4 岛间距 6.03
gen 32: 各岛最优(fit,margin,评估次数) [(9378, -72344, 5), (5654, -67126, 3), (12276, -68345, 1), (7087, -68890, 1)] | 全局 margin -72344 own 64889 n=5 | straw=37 cow=7.4 岛间距 5.68
gen 33: 各岛最优(fit,margin,评估次数) [(11068, -69022, 1), (13006, -66864, 1), (11236, -63160, 1), (13139, -61083, 1)] | 全局 margin -71593 own 63648 n=6 | straw=37 cow=7.4 岛间距 6.62
gen 34: 各岛最优(fit,margin,评估次数) [(15932, -64809, 1), (14300, -57706, 1), (7586, -65875, 3), (13489, -59938, 1)] | 全局 margin -65875 own 58971 n=3 | straw=30 cow=5.9 岛间距 6.40
gen 35: 各岛最优(fit,margin,评估次数) [(6046, -65530, 2), (6828, -63146, 2), (6828, -63146, 2), (9855, -59849, 2)] | 全局 margin -64811 own 56096 n=4 | straw=30 cow=5.9 岛间距 6.17
gen 36: 各岛最优(fit,margin,评估次数) [(7056, -76596, 1), (2950, -67159, 1), (8748, -66040, 1), (7538, -63837, 3)] | 全局 margin -63837 own 55577 n=3 | straw=25 cow=5.7 岛间距 6.85
gen 37: 各岛最优(fit,margin,评估次数) [(16900, -70313, 1), (18652, -62767, 1), (15463, -78733, 1), (12548, -73926, 1)] | 全局 margin -67589 own 60394 n=4 | straw=25 cow=5.7 岛间距 9.22
gen 38: 各岛最优(fit,margin,评估次数) [(11205, -69916, 2), (12007, -72766, 1), (12800, -72107, 1), (11222, -66531, 1)] | 全局 margin -72107 own 68842 n=1 | straw=30 cow=5.9 岛间距 8.72
gen 39: 各岛最优(fit,margin,评估次数) [(16104, -70085, 1), (8488, -66680, 2), (16411, -72749, 1), (10898, -73849, 1)] | 全局 margin -71690 own 66857 n=3 | straw=30 cow=5.9 岛间距 9.14
gen 40: 各岛最优(fit,margin,评估次数) [(7216, -68255, 2), (7378, -65324, 3), (11483, -65972, 2), (11483, -65972, 2)] | 全局 margin -65324 own 56911 n=3 | straw=30 cow=6.5 岛间距 9.25
gen 41: 各岛最优(fit,margin,评估次数) [(7004, -68794, 1), (22421, -63821, 1), (9423, -58134, 1), (20498, -61825, 1)] | 全局 margin -66809 own 61041 n=4 | straw=30 cow=6.5 岛间距 4.74
gen 42: 各岛最优(fit,margin,评估次数) [(13982, -70176, 1), (15290, -62016, 2), (9590, -73726, 1), (20423, -63511, 2)] | 全局 margin -66198 own 61423 n=3 | straw=28 cow=5.7 岛间距 6.51
gen 43: 各岛最优(fit,margin,评估次数) [(3565, -65526, 2), (10648, -64497, 3), (5051, -53419, 1), (14458, -61465, 3)] | 全局 margin -61465 own 62457 n=3 | straw=28 cow=5.7 岛间距 5.78
gen 44: 各岛最优(fit,margin,评估次数) [(2593, -66783, 3), (24479, -71288, 1), (10568, -69805, 1), (13996, -66762, 1)] | 全局 margin -62207 own 61108 n=4 | straw=28 cow=5.7 岛间距 8.17
gen 45: 各岛最优(fit,margin,评估次数) [(3644, -70406, 2), (14950, -70216, 1), (9798, -67415, 1), (10048, -61454, 5)] | 全局 margin -61454 own 57630 n=5 | straw=28 cow=5.7 岛间距 4.90
gen 46: 各岛最优(fit,margin,评估次数) [(4031, -71286, 3), (9278, -69616, 2), (2029, -70797, 2), (9111, -62942, 6)] | 全局 margin -62942 own 58024 n=6 | straw=28 cow=5.7 岛间距 4.90
gen 47: 各岛最优(fit,margin,评估次数) [(8351, -69982, 1), (14838, -74546, 1), (5049, -72481, 1), (19665, -73605, 1)] | 全局 margin -69846 own 65457 n=3 | straw=23 cow=6.5 岛间距 5.34
gen 48: 各岛最优(fit,margin,评估次数) [(7271, -72417, 1), (11627, -68669, 4), (8138, -85605, 1), (8749, -68677, 2)] | 全局 margin -68669 own 64884 n=4 | straw=23 cow=6.5 岛间距 5.36
gen 49: 各岛最优(fit,margin,评估次数) [(13591, -79485, 1), (11044, -66993, 5), (15613, -65624, 1), (28900, -68522, 1)] | 全局 margin -66993 own 63293 n=5 | straw=23 cow=6.5 岛间距 6.58
gen 50: 各岛最优(fit,margin,评估次数) [(17941, -70374, 2), (11365, -65604, 6), (7298, -70500, 2), (17941, -70374, 2)] | 全局 margin -65604 own 61817 n=6 | straw=23 cow=6.5 岛间距 0.00
gen 51: 各岛最优(fit,margin,评估次数) [(14667, -69425, 3), (10904, -66608, 7), (8845, -66593, 3), (14667, -69425, 3)] | 全局 margin -69425 own 68603 n=3 | straw=28 cow=5.7 岛间距 0.00
gen 52: 各岛最优(fit,margin,评估次数) [(15286, -67610, 1), (9647, -67283, 8), (13211, -74596, 1), (14024, -71205, 4)] | 全局 margin -71205 own 69889 n=4 | straw=28 cow=5.7 岛间距 6.94
gen 53: 各岛最优(fit,margin,评估次数) [(12272, -69736, 5), (11989, -56147, 1), (9601, -62370, 1), (12272, -69736, 5)] | 全局 margin -69736 own 67154 n=5 | straw=28 cow=5.7 岛间距 0.00
gen 54: 各岛最优(fit,margin,评估次数) [(11049, -67945, 2), (12241, -64499, 1), (7143, -69586, 6), (13864, -71852, 1)] | 全局 margin -69703 own 65097 n=6 | straw=28 cow=5.7 岛间距 4.52
gen 55: 各岛最优(fit,margin,评估次数) [(12510, -73235, 1), (13925, -64890, 1), (12640, -68682, 1), (21409, -63651, 1)] | 全局 margin -68769 own 65528 n=7 | straw=28 cow=5.7 岛间距 4.19
gen 56: 各岛最优(fit,margin,评估次数) [(8443, -66851, 4), (11609, -60331, 2), (11434, -65063, 3), (17136, -67332, 1)] | 全局 margin -65063 own 60624 n=3 | straw=23 cow=6.5 岛间距 5.64
gen 57: 各岛最优(fit,margin,评估次数) [(9676, -64220, 1), (8265, -66555, 1), (9170, -64012, 4), (11514, -72942, 1)] | 全局 margin -69510 own 66116 n=3 | straw=28 cow=5.7 岛间距 5.10
gen 58: 各岛最优(fit,margin,评估次数) [(9756, -66581, 1), (8771, -66121, 2), (7473, -71039, 2), (14361, -59519, 1)] | 全局 margin -68790 own 65044 n=4 | straw=28 cow=5.7 岛间距 5.93
gen 59: 各岛最优(fit,margin,评估次数) [(14147, -62807, 1), (19512, -67545, 1), (7107, -66066, 6), (5640, -72899, 2)] | 全局 margin -68004 own 62789 n=3 | straw=26 cow=5.7 岛间距 6.38
HOLDOUT 岛0 cand0: fit 13995 margin -72508 own 72653 solo 92329 (训练 margin -64979 n=2)
HOLDOUT 岛0 cand1: fit 17329 margin -69168 own 72924 solo 90486 (训练 margin -68004 n=3)
HOLDOUT 岛1 cand2: fit 3520 margin -72410 own 59564 solo 109109 (训练 margin -65711 n=3)
HOLDOUT 岛1 cand3: fit 6623 margin -72450 own 63273 solo 105336 (训练 margin -69669 n=2)
HOLDOUT 岛2 cand4: fit 9055 margin -62664 own 56276 solo 102960 (训练 margin -66066 n=6)
HOLDOUT 岛2 cand5: fit 8876 margin -71153 own 65010 solo 100128 (训练 margin -73334 n=3)
HOLDOUT 岛3 cand6: fit 57 margin -69090 own 54011 solo 100908 (训练 margin -72899 n=2)
HOLDOUT 岛3 cand7: fit -220 margin -68338 own 53683 solo 96234 (训练 margin -68879 n=2)
迭代池 4 条（来自岛 [0, 2, 3]）
