warm start from best_iter (旧口径 hold_fit 5103)
gen 0: fit 14519 (margin -75571 own 80414 solo 78710) elite_mean 6419 | straw=25 wheat=22 cow=5.9
gen 1: fit 6692 (margin -73619 own 73675 solo 90586) elite_mean -664 | straw=34 wheat=28 cow=5.9
gen 2: fit 10352 (margin -76966 own 80296 solo 78964) elite_mean 6101 | straw=31 wheat=23 cow=6.6
gen 3: fit 7052 (margin -77990 own 74796 solo 98239) elite_mean 441 | straw=29 wheat=24 cow=5.2
gen 4: fit 7566 (margin -61790 own 59640 solo 98146) elite_mean 1492 | straw=29 wheat=27 cow=5.5
gen 5: fit 4010 (margin -65573 own 55824 solo 105177) elite_mean -234 | straw=28 wheat=28 cow=6.2
gen 6: fit 11592 (margin -65414 own 63150 solo 106724) elite_mean 6561 | straw=28 wheat=31 cow=5.1
gen 7: fit 11424 (margin -66112 own 63268 solo 118852) elite_mean 7864 | straw=31 wheat=33 cow=5.4
gen 8: fit 10497 (margin -69791 own 67846 solo 108089) elite_mean 4896 | straw=29 wheat=33 cow=4.5
gen 9: fit 8265 (margin -80728 own 75945 solo 102751) elite_mean 3584 | straw=31 wheat=31 cow=5.2
gen 10: fit 10121 (margin -75647 own 76630 solo 76865) elite_mean 5757 | straw=31 wheat=34 cow=7.4
gen 11: fit 12025 (margin -78948 own 77752 solo 97064) elite_mean 7996 | straw=31 wheat=32 cow=5.4
HOLDOUT baseline: fit -33301 margin -97229 own 49227
HOLDOUT cand0: fit -5484 margin -71158 own 48789 solo 112564
HOLDOUT cand1: fit 4231 margin -69069 own 57026 solo 108486
HOLDOUT cand2: fit 668 margin -70158 own 54267 solo 110396
HOLDOUT cand3: fit 609 margin -75598 own 60065 solo 107621
HOLDOUT cand4: fit 5446 margin -65738 own 55098 solo 107238
迭代池 5 条 -> plan_pool_iter.json
