gen 0: 对手 ['majkel_107678936', 'packs', 'packs', 'v29_adaptive', 'v31_sell_timing', 'majkel_107624912'] | 各岛最优(相对fit,相对margin,评估次数) [(71081, 28821, 1), (71081, 28821, 1), (32160, 20320, 1), (26713, 11501, 1)] | 全局 margin 28821 own 78534 n=1 | straw=23 cow=6.5 岛间距 12.36
gen 1: 对手 ['v1_baseline_sche', 'packs', 'packs', 'v25_market_maker', 'v39_pure_tape', 'fta_slice1.json'] | 各岛最优(相对fit,相对margin,评估次数) [(59056, 31327, 2), (59056, 31327, 2), (18353, 8595, 2), (15174, 6932, 2)] | 全局 margin 31327 own 67856 n=2 | straw=23 cow=6.5 岛间距 12.36
gen 2: 对手 ['nl_SpaTaro_10728', 'packs', 'packs', 'v25_market_maker', 'v24_hybrid', 'ymg_slice1.json'] | 各岛最优(相对fit,相对margin,评估次数) [(51169, 23935, 3), (50551, 26114, 3), (8058, 3244, 3), (7352, 2307, 3)] | 全局 margin 23935 own 72009 n=3 | straw=23 cow=6.5 岛间距 12.52
gen 3: 对手 ['nl_SpaTaro_10728', 'packs', 'packs', 'nl_Otter_Vibe_10', 'v39_pure_tape', 'fta_slice1.json'] | 各岛最优(相对fit,相对margin,评估次数) [(44913, 22039, 4), (43970, 24017, 4), (3675, 1461, 4), (517, -1383, 4)] | 全局 margin 22039 own 68895 n=4 | straw=23 cow=6.5 岛间距 12.52
gen 4: 对手 ['majkel_107678936', 'packs', 'packs', 'v29_adaptive', 'v31_sell_timing', 'majkel_107976609'] | 各岛最优(相对fit,相对margin,评估次数) [(41277, 8977, 1), (39514, 22714, 5), (575, -866, 5), (17589, -4672, 1)] | 全局 margin 17964 own 70832 n=5 | straw=23 cow=6.5 岛间距 14.99
gen 5: 对手 ['v1_baseline_sche', 'packs', 'v58_rebuild.py', 'v2_survival_guar', 'v39_pure_tape', 'ult_normal.json'] | 各岛最优(相对fit,相对margin,评估次数) [(37427, 13556, 2), (37427, 13556, 2), (35869, 21059, 6), (9507, -3508, 2)] | 全局 margin 15650 own 69820 n=6 | straw=23 cow=6.5 岛间距 14.99
gen 6: 对手 ['v1_baseline_sche', 'packs', 'packs', 'v29_adaptive', 'v31_sell_timing', 'fta_slice0.json'] | 各岛最优(相对fit,相对margin,评估次数) [(34367, 15271, 7), (32835, 19203, 7), (32835, 19203, 7), (8904, 2677, 1)] | 全局 margin 15271 own 69065 n=7 | straw=23 cow=6.5 岛间距 13.16
gen 7: 对手 ['majkel_107678936', 'packs', 'v58_rebuild.py', 'v25_market_maker', 'v39_pure_tape', 'majkel_107624912'] | 各岛最优(相对fit,相对margin,评估次数) [(31752, 13765, 8), (30644, 17769, 8), (30644, 17769, 8), (10106, 8445, 1)] | 全局 margin 13765 own 68776 n=8 | straw=23 cow=6.5 岛间距 14.14
gen 8: 对手 ['nl_SpaTaro_10728', 'packs', 'packs', 'v2_survival_guar', 'v33_opp_router', 'majkel_107976609'] | 各岛最优(相对fit,相对margin,评估次数) [(29132, 13092, 9), (29346, 17609, 9), (29346, 17609, 9), (1975, 774, 3)] | 全局 margin 17609 own 63912 n=9 | straw=23 cow=6.5 岛间距 13.16
gen 9: 对手 ['majkel_107678936', 'packs', 'packs', 'v1_adaptive_mark', 'v24_hybrid', 'fta_slice0.json'] | 各岛最优(相对fit,相对margin,评估次数) [(28049, 12799, 10), (28227, 16523, 10), (28227, 16523, 10), (-1685, 887, 1)] | 全局 margin 16523 own 63827 n=10 | straw=23 cow=6.5 岛间距 13.55
gen 10: 对手 ['nl_SpaTaro_10728', 'packs', 'packs', 'v1_adaptive_mark', 'v39_pure_tape', 'majkel_107620962'] | 各岛最优(相对fit,相对margin,评估次数) [(26082, 12135, 11), (26506, 15529, 11), (26506, 15529, 11), (26506, 15529, 11)] | 全局 margin 15529 own 64255 n=11 | straw=23 cow=6.5 岛间距 1.07
gen 11: 对手 ['v1_baseline_sche', 'packs', 'v58_rebuild.py', 'v1_adaptive_mark', 'v33_opp_router', 'majkel_107976609'] | 各岛最优(相对fit,相对margin,评估次数) [(24679, 11846, 12), (25267, 15123, 12), (25267, 15123, 12), (25267, 15123, 12)] | 全局 margin 15123 own 63952 n=12 | straw=23 cow=6.5 岛间距 1.07
gen 12: 对手 ['majkel_107678936', 'packs', 'packs', 'v119_center_live', 'v39_pure_tape', 'majkel_107976609'] | 各岛最优(相对fit,相对margin,评估次数) [(23578, 11710, 13), (23578, 11710, 13), (23061, 13924, 13), (23061, 13924, 13)] | 全局 margin 11710 own 65740 n=13 | straw=23 cow=6.5 岛间距 1.07
gen 13: 对手 ['nl_SpaTaro_10728', 'packs', 'packs', 'v25_market_maker', 'v39_pure_tape', 'majkel_107620962'] | 各岛最优(相对fit,相对margin,评估次数) [(21420, 10966, 14), (22502, 13668, 14), (22502, 13668, 14), (22502, 13668, 14)] | 全局 margin 13668 own 63029 n=14 | straw=23 cow=6.5 岛间距 1.07
gen 14: 对手 ['v1_baseline_sche', 'packs', 'dist_backup', 'v119_center_live', 'v24_hybrid', 'fta_slice0.json'] | 各岛最优(相对fit,相对margin,评估次数) [(20393, 10246, 15), (21685, 12983, 15), (21685, 12983, 15), (21685, 12983, 15)] | 全局 margin 12983 own 63805 n=15 | straw=23 cow=6.5 岛间距 1.07
gen 15: 对手 ['nl_SpaTaro_10728', 'packs', 'packs', 'v2_survival_guar', 'v39_pure_tape', 'ymg_slice1.json'] | 各岛最优(相对fit,相对margin,评估次数) [(20812, 12461, 16), (20812, 12461, 16), (20812, 12461, 16), (20812, 12461, 16)] | 全局 margin 12461 own 64400 n=16 | straw=23 cow=6.5 岛间距 0.00
gen 16: 对手 ['majkel_107678936', 'v58_rebuild.py', 'packs', 'v29_adaptive', 'v24_hybrid', 'fta_slice1.json'] | 各岛最优(相对fit,相对margin,评估次数) [(19851, 11864, 17), (19851, 11864, 17), (19851, 11864, 17), (19851, 11864, 17)] | 全局 margin 11864 own 64932 n=17 | straw=23 cow=6.5 岛间距 0.00
gen 17: 对手 ['majkel_107678936', 'v58_rebuild.py', 'packs', 'v1_adaptive_mark', 'v120_hierarchica', 'majkel_107637563'] | 各岛最优(相对fit,相对margin,评估次数) [(19316, 11637, 18), (19316, 11637, 18), (19316, 11637, 18), (19316, 11637, 18)] | 全局 margin 11637 own 64472 n=18 | straw=23 cow=6.5 岛间距 0.00
gen 18: 对手 ['nl_SpaTaro_10728', 'dist_backup', 'packs', 'v2_survival_guar', 'v33_opp_router', 'ult_normal.json'] | 各岛最优(相对fit,相对margin,评估次数) [(18977, 11304, 19), (18977, 11304, 19), (18977, 11304, 19), (18977, 11304, 19)] | 全局 margin 11304 own 64389 n=19 | straw=23 cow=6.5 岛间距 0.00
gen 19: 对手 ['v1_baseline_sche', 'packs', 'packs', 'v1_adaptive_mark', 'v33_opp_router', 'majkel_107629571'] | 各岛最优(相对fit,相对margin,评估次数) [(18585, 11268, 20), (18585, 11268, 20), (18585, 11268, 20), (18585, 11268, 20)] | 全局 margin 11268 own 64265 n=20 | straw=23 cow=6.5 岛间距 0.00
gen 20: 对手 ['nl_SpaTaro_10728', 'packs', 'packs', 'v1_adaptive_mark', 'v33_opp_router', 'ymg_slice0.json'] | 各岛最优(相对fit,相对margin,评估次数) [(17942, 10949, 21), (17942, 10949, 21), (17942, 10949, 21), (17942, 10949, 21)] | 全局 margin 10949 own 64336 n=21 | straw=23 cow=6.5 岛间距 0.00
gen 21: 对手 ['v1_baseline_sche', 'packs', 'dist_backup', 'v29_adaptive', 'v33_opp_router', 'majkel_107624912'] | 各岛最优(相对fit,相对margin,评估次数) [(17508, 10565, 22), (17508, 10565, 22), (17508, 10565, 22), (17508, 10565, 22)] | 全局 margin 10565 own 64334 n=22 | straw=23 cow=6.5 岛间距 0.00
gen 22: 对手 ['majkel_107678936', 'packs', 'packs', 'v1_adaptive_mark', 'v39_pure_tape', 'majkel_107637563'] | 各岛最优(相对fit,相对margin,评估次数) [(17059, 10330, 23), (17059, 10330, 23), (17059, 10330, 23), (17059, 10330, 23)] | 全局 margin 10330 own 64257 n=23 | straw=23 cow=6.5 岛间距 0.00
gen 23: 对手 ['v1_baseline_sche', 'packs', 'dist_backup', 'v2_survival_guar', 'v33_opp_router', 'majkel_107976609'] | 各岛最优(相对fit,相对margin,评估次数) [(16681, 10023, 24), (16681, 10023, 24), (16681, 10023, 24), (16681, 10023, 24)] | 全局 margin 10023 own 64114 n=24 | straw=23 cow=6.5 岛间距 0.00
gen 24: 对手 ['v1_baseline_sche', 'v58_rebuild.py', 'packs', 'v2_survival_guar', 'v39_pure_tape', 'majkel_107620962'] | 各岛最优(相对fit,相对margin,评估次数) [(16232, 9816, 25), (16232, 9816, 25), (16232, 9816, 25), (16232, 9816, 25)] | 全局 margin 9816 own 64153 n=25 | straw=23 cow=6.5 岛间距 0.00
gen 25: 对手 ['majkel_107678936', 'packs', 'packs', 'nl_Otter_Vibe_10', 'v39_pure_tape', 'ymg_slice1.json'] | 各岛最优(相对fit,相对margin,评估次数) [(15911, 9667, 26), (15911, 9667, 26), (15911, 9667, 26), (15911, 9667, 26)] | 全局 margin 9667 own 64235 n=26 | straw=23 cow=6.5 岛间距 0.00
gen 26: 对手 ['v1_baseline_sche', 'packs', 'packs', 'v25_market_maker', 'v39_pure_tape', 'fta_slice0.json'] | 各岛最优(相对fit,相对margin,评估次数) [(15294, 9606, 27), (15294, 9606, 27), (22798, -3923, 1), (18581, 1584, 1)] | 全局 margin 9606 own 63756 n=27 | straw=23 cow=6.5 岛间距 1.48
gen 27: 对手 ['v1_baseline_sche', 'packs', 'dist_backup', 'v2_survival_guar', 'v33_opp_router', 'fta_slice1.json'] | 各岛最优(相对fit,相对margin,评估次数) [(17584, 11768, 1), (14941, 9485, 28), (13931, -2323, 2), (16283, 4640, 2)] | 全局 margin 9485 own 63689 n=28 | straw=23 cow=6.5 岛间距 3.22
gen 28: 对手 ['nl_SpaTaro_10728', 'packs', 'dist_backup', 'v119_center_live', 'v120_hierarchica', 'majkel_107629571'] | 各岛最优(相对fit,相对margin,评估次数) [(14758, 9294, 29), (14758, 9294, 29), (15786, 1990, 1), (15681, 4461, 3)] | 全局 margin 4461 own 70231 n=3 | straw=23 cow=6.5 岛间距 1.48
gen 29: 对手 ['nl_SpaTaro_10728', 'v58_rebuild.py', 'packs', 'v25_market_maker', 'v31_sell_timing', 'majkel_107620962'] | 各岛最优(相对fit,相对margin,评估次数) [(14587, 9197, 30), (14587, 9197, 30), (12262, 748, 4), (14951, 5562, 4)] | 全局 margin 5562 own 68090 n=4 | straw=23 cow=6.5 岛间距 1.48
gen 30: 对手 ['nl_SpaTaro_10728', 'packs', 'packs', 'v119_center_live', 'v24_hybrid', 'fta_slice0.json'] | 各岛最优(相对fit,相对margin,评估次数) [(14303, 9049, 31), (14303, 9049, 31), (14303, 9049, 31), (14303, 9049, 31)] | 全局 margin 9049 own 63712 n=31 | straw=23 cow=6.5 岛间距 0.00
gen 31: 对手 ['v1_baseline_sche', 'dist_backup', 'packs', 'nl_Otter_Vibe_10', 'v24_hybrid', 'majkel_107624912'] | 各岛最优(相对fit,相对margin,评估次数) [(14143, 9182, 32), (14143, 9182, 32), (14143, 9182, 32), (14143, 9182, 32)] | 全局 margin 9182 own 63437 n=32 | straw=23 cow=6.5 岛间距 0.00
gen 32: 对手 ['nl_SpaTaro_10728', 'packs', 'packs', 'v2_survival_guar', 'v24_hybrid', 'ymg_slice1.json'] | 各岛最优(相对fit,相对margin,评估次数) [(13992, 9161, 33), (16991, 10986, 1), (13992, 9161, 33), (13992, 9161, 33)] | 全局 margin 9161 own 63312 n=33 | straw=23 cow=6.5 岛间距 0.00
gen 33: 对手 ['nl_SpaTaro_10728', 'v58_rebuild.py', 'packs', 'v25_market_maker', 'v33_opp_router', 'ult_normal.json'] | 各岛最优(相对fit,相对margin,评估次数) [(13999, 8732, 34), (16701, 3800, 2), (13999, 8732, 34), (13999, 8732, 34)] | 全局 margin 8732 own 63657 n=34 | straw=23 cow=6.5 岛间距 0.00
gen 34: 对手 ['nl_SpaTaro_10728', 'packs', 'dist_backup', 'v2_survival_guar', 'v31_sell_timing', 'majkel_107629571'] | 各岛最优(相对fit,相对margin,评估次数) [(13788, 8533, 35), (15494, 4855, 3), (13788, 8533, 35), (14780, 3030, 1)] | 全局 margin 4855 own 68778 n=3 | straw=23 cow=6.5 岛间距 2.46
gen 35: 对手 ['v1_baseline_sche', 'packs', 'packs', 'v25_market_maker', 'v33_opp_router', 'majkel_107756423'] | 各岛最优(相对fit,相对margin,评估次数) [(13796, 10984, 1), (13992, 6031, 4), (13992, 6031, 4), (13643, 8469, 36)] | 全局 margin 6031 own 67754 n=4 | straw=23 cow=6.5 岛间距 1.37
gen 36: 对手 ['v1_baseline_sche', 'packs', 'packs', 'v2_survival_guar', 'v31_sell_timing', 'fta_slice0.json'] | 各岛最优(相对fit,相对margin,评估次数) [(13441, 8457, 37), (13441, 8457, 37), (13441, 8457, 37), (13441, 8457, 37)] | 全局 margin 8457 own 63818 n=37 | straw=23 cow=6.5 岛间距 0.00
gen 37: 对手 ['nl_SpaTaro_10728', 'packs', 'packs', 'v1_adaptive_mark', 'v33_opp_router', 'majkel_107620962'] | 各岛最优(相对fit,相对margin,评估次数) [(13138, 8370, 38), (13138, 8370, 38), (13138, 8370, 38), (13138, 8370, 38)] | 全局 margin 8370 own 63638 n=38 | straw=23 cow=6.5 岛间距 0.00
gen 38: 对手 ['majkel_107678936', 'packs', 'packs', 'nl_Otter_Vibe_10', 'v31_sell_timing', 'fta_slice1.json'] | 各岛最优(相对fit,相对margin,评估次数) [(12931, 8231, 39), (13089, 7078, 1), (12931, 8231, 39), (17186, 2463, 1)] | 全局 margin 8231 own 63731 n=39 | straw=23 cow=6.5 岛间距 2.18
gen 39: 对手 ['v1_baseline_sche', 'dist_backup', 'packs', 'v2_survival_guar', 'v31_sell_timing', 'fta_slice1.json'] | 各岛最优(相对fit,相对margin,评估次数) [(12848, 8358, 40), (12962, 711, 1), (12848, 8358, 40), (18203, 3401, 1)] | 全局 margin 8358 own 63784 n=40 | straw=23 cow=6.5 岛间距 3.25
gen 40: 对手 ['majkel_107678936', 'packs', 'packs', 'v25_market_maker', 'v33_opp_router', 'ymg_slice0.json'] | 各岛最优(相对fit,相对margin,评估次数) [(14350, 5880, 1), (13659, 11155, 1), (15549, 8924, 1), (12786, 8376, 41)] | 全局 margin 8376 own 63709 n=41 | straw=23 cow=6.5 岛间距 3.15
gen 41: 对手 ['nl_SpaTaro_10728', 'packs', 'packs', 'nl_Otter_Vibe_10', 'v120_hierarchica', 'majkel_107624912'] | 各岛最优(相对fit,相对margin,评估次数) [(14348, 3907, 2), (12740, 8341, 42), (16495, 4914, 1), (14235, 3924, 1)] | 全局 margin 8341 own 63754 n=42 | straw=23 cow=6.5 岛间距 3.20
gen 42: 对手 ['v1_baseline_sche', 'packs', 'packs', 'v25_market_maker', 'v33_opp_router', 'ymg_slice1.json'] | 各岛最优(相对fit,相对margin,评估次数) [(12621, 8244, 43), (14790, 5679, 1), (15510, 7646, 2), (14967, 6159, 2)] | 全局 margin 8244 own 63902 n=43 | straw=23 cow=6.5 岛间距 0.37
gen 43: 对手 ['majkel_107678936', 'packs', 'packs', 'v25_market_maker', 'v31_sell_timing', 'fta_slice0.json'] | 各岛最优(相对fit,相对margin,评估次数) [(15195, 9541, 1), (12862, 2169, 2), (8936, 4026, 3), (12059, 5600, 3)] | 全局 margin 8076 own 63833 n=44 | straw=23 cow=6.5 岛间距 3.48
gen 44: 对手 ['nl_SpaTaro_10728', 'packs', 'packs', 'nl_Otter_Vibe_10', 'v31_sell_timing', 'majkel_107629571'] | 各岛最优(相对fit,相对margin,评估次数) [(12628, 11021, 2), (12944, 2499, 1), (14012, 3093, 1), (11606, 6065, 4)] | 全局 margin 8110 own 63636 n=45 | straw=23 cow=6.5 岛间距 3.48
gen 45: 对手 ['nl_SpaTaro_10728', 'packs', 'dist_backup', 'v2_survival_guar', 'v33_opp_router', 'majkel_107637563'] | 各岛最优(相对fit,相对margin,评估次数) [(12202, 7960, 46), (12936, -2595, 1), (10087, 3538, 2), (10944, 5475, 5)] | 全局 margin 7960 own 63618 n=46 | straw=23 cow=6.5 岛间距 0.37
gen 46: 对手 ['majkel_107678936', 'packs', 'packs', 'v1_adaptive_mark', 'v33_opp_router', 'majkel_107637563'] | 各岛最优(相对fit,相对margin,评估次数) [(12082, 7895, 47), (13796, 7114, 2), (10477, 2243, 3), (10887, 5966, 6)] | 全局 margin 7895 own 63718 n=47 | straw=23 cow=6.5 岛间距 0.37
gen 47: 对手 ['majkel_107678936', 'packs', 'packs', 'nl_Otter_Vibe_10', 'v31_sell_timing', 'majkel_107624912'] | 各岛最优(相对fit,相对margin,评估次数) [(13553, 7144, 1), (12504, 3929, 1), (9601, 6588, 1), (12435, 7392, 2)] | 全局 margin 7923 own 63669 n=48 | straw=23 cow=6.5 岛间距 2.63
gen 48: 对手 ['v1_baseline_sche', 'packs', 'packs', 'v29_adaptive', 'v31_sell_timing', 'fta_slice1.json'] | 各岛最优(相对fit,相对margin,评估次数) [(12702, 29701, 1), (29464, 38017, 1), (12318, 2218, 1), (17078, 13167, 1)] | 全局 margin 7790 own 63923 n=49 | straw=23 cow=6.5 岛间距 4.10
gen 49: 对手 ['v1_baseline_sche', 'packs', 'packs', 'v29_adaptive', 'v120_hierarchica', 'majkel_107976609'] | 各岛最优(相对fit,相对margin,评估次数) [(16461, 7585, 1), (20564, 12510, 1), (18505, 5655, 1), (15487, 8107, 2)] | 全局 margin 5325 own 72735 n=4 | straw=22 cow=6.5 岛间距 2.56
gen 50: 对手 ['majkel_107678936', 'packs', 'packs', 'v1_adaptive_mark', 'v120_hierarchica', 'ymg_slice1.json'] | 各岛最优(相对fit,相对margin,评估次数) [(14014, 10157, 3), (13630, 7001, 2), (15568, 5005, 2), (15568, 5005, 2)] | 全局 margin 10157 own 63980 n=3 | straw=24 cow=6.5 岛间距 5.02
gen 51: 对手 ['nl_SpaTaro_10728', 'dist_backup', 'packs', 'v29_adaptive', 'v39_pure_tape', 'ult_normal.json'] | 各岛最优(相对fit,相对margin,评估次数) [(18478, -6217, 1), (11645, 10618, 3), (12167, 5888, 3), (12567, 6651, 4)] | 全局 margin 6651 own 66016 n=4 | straw=24 cow=6.5 岛间距 4.42
gen 52: 对手 ['majkel_107678936', 'packs', 'packs', 'v29_adaptive', 'v24_hybrid', 'ymg_slice0.json'] | 各岛最优(相对fit,相对margin,评估次数) [(11665, 6339, 5), (10250, -2887, 2), (9835, 3973, 4), (11665, 6339, 5)] | 全局 margin 6339 own 65403 n=5 | straw=24 cow=6.5 岛间距 0.00
gen 53: 对手 ['v1_baseline_sche', 'dist_backup', 'packs', 'nl_Otter_Vibe_10', 'v39_pure_tape', 'majkel_107756423'] | 各岛最优(相对fit,相对margin,评估次数) [(12334, 342, 1), (17382, 12603, 1), (11116, 10036, 1), (10616, 5222, 6)] | 全局 margin 5222 own 66724 n=6 | straw=24 cow=6.5 岛间距 3.98
gen 54: 对手 ['v1_baseline_sche', 'dist_backup', 'packs', 'v29_adaptive', 'v24_hybrid', 'majkel_107756423'] | 各岛最优(相对fit,相对margin,评估次数) [(9432, 3966, 7), (14824, 14166, 3), (9893, 3824, 6), (11106, 10977, 1)] | 全局 margin 14166 own 66440 n=3 | straw=18 cow=6.5 岛间距 5.31
gen 55: 对手 ['v1_baseline_sche', 'packs', 'dist_backup', 'nl_Otter_Vibe_10', 'v120_hierarchica', 'majkel_107624912'] | 各岛最优(相对fit,相对margin,评估次数) [(8773, 5140, 8), (11794, 11451, 4), (12344, 262, 1), (9245, 4316, 7)] | 全局 margin 11451 own 64683 n=4 | straw=18 cow=6.5 岛间距 5.02
gen 56: 对手 ['nl_SpaTaro_10728', 'packs', 'packs', 'v2_survival_guar', 'v31_sell_timing', 'majkel_107756423'] | 各岛最优(相对fit,相对margin,评估次数) [(16253, 5195, 1), (11240, 9040, 1), (16441, 9664, 1), (11917, 8621, 1)] | 全局 margin 10707 own 65625 n=5 | straw=18 cow=6.5 岛间距 5.61
gen 57: 对手 ['v1_baseline_sche', 'packs', 'packs', 'nl_Otter_Vibe_10', 'v24_hybrid', 'ymg_slice1.json'] | 各岛最优(相对fit,相对margin,评估次数) [(11936, 7518, 2), (9067, 9530, 6), (13040, 6066, 3), (16096, 5438, 1)] | 全局 margin 6066 own 66780 n=3 | straw=23 cow=6.6 岛间距 5.64
gen 58: 对手 ['majkel_107678936', 'packs', 'packs', 'v119_center_live', 'v24_hybrid', 'majkel_107976609'] | 各岛最优(相对fit,相对margin,评估次数) [(10447, 9297, 3), (11074, 7467, 1), (11104, 4311, 4), (15213, 6945, 2)] | 全局 margin 4311 own 66830 n=4 | straw=23 cow=6.6 岛间距 5.64
gen 59: 对手 ['majkel_107678936', 'packs', 'packs', 'v1_adaptive_mark', 'v120_hierarchica', 'ymg_slice0.json'] | 各岛最优(相对fit,相对margin,评估次数) [(9325, 6665, 4), (9432, -1477, 1), (13137, 10397, 1), (12387, 9020, 3)] | 全局 margin 9020 own 62861 n=3 | straw=22 cow=6.5 岛间距 5.64
HOLDOUT 岛0 cand0: fit 35790 margin -41292 own 59440 solo 117615 (训练 margin 6665 n=4)
HOLDOUT 岛0 cand1: fit 29782 margin -42557 own 56948 solo 102606 (训练 margin 3984 n=4)
HOLDOUT 岛1 cand2: fit 38841 margin -44608 own 67093 solo 109039 (训练 margin 6357 n=2)
HOLDOUT 岛1 cand3: fit 36854 margin -43674 own 64278 solo 108335 (训练 margin 1438 n=2)
HOLDOUT 岛2 cand4: fit 41330 margin -42260 own 66118 solo 116483 (训练 margin 6478 n=5)
HOLDOUT 岛2 cand5: fit 34077 margin -43970 own 63170 solo 99178 (训练 margin 3625 n=2)
HOLDOUT 岛3 cand6: fit 35056 margin -40256 own 57859 solo 116353 (训练 margin 9020 n=3)
HOLDOUT 岛3 cand7: fit 37956 margin -43647 own 65430 solo 107818 (训练 margin 1727 n=2)
迭代池 8 条（来自岛 [0, 1, 2, 3]）
