gen 0: 对手 ['majkel_107678936', 'packs', 'packs', 'v29_adaptive', 'v31_sell_timing', 'majkel_107624912'] | 各岛最优(相对fit,相对margin,评估次数) [(63091, 23694, 1), (63091, 23694, 1), (11995, 6533, 1), (18723, 6375, 1)] | 全局 margin 23694 own 78534 n=1 | straw=23 cow=6.5 岛间距 12.36
gen 1: 对手 ['v1_baseline_sche', 'packs', 'packs', 'v25_market_maker', 'v39_pure_tape', 'fta_slice1.json'] | 各岛最优(相对fit,相对margin,评估次数) [(50942, 27359, 2), (50942, 27359, 2), (-2136, 617, 2), (7060, 2963, 2)] | 全局 margin 27359 own 67856 n=2 | straw=23 cow=6.5 岛间距 12.36
gen 2: 对手 ['nl_SpaTaro_10728', 'packs', 'packs', 'v25_market_maker', 'v24_hybrid', 'ymg_slice1.json'] | 各岛最优(相对fit,相对margin,评估次数) [(45193, 20998, 3), (44575, 23177, 3), (-5878, -343, 1), (4120, 6635, 1)] | 全局 margin 20998 own 72009 n=3 | straw=23 cow=6.5 岛间距 13.36
gen 3: 对手 ['nl_SpaTaro_10728', 'packs', 'packs', 'nl_Otter_Vibe_10', 'v39_pure_tape', 'fta_slice1.json'] | 各岛最优(相对fit,相对margin,评估次数) [(40354, 20042, 4), (39411, 22019, 4), (-867, -1326, 1), (-1498, 3817, 3)] | 全局 margin 20042 own 68895 n=4 | straw=23 cow=6.5 岛间距 26.90
gen 4: 对手 ['majkel_107678936', 'packs', 'packs', 'v29_adaptive', 'v31_sell_timing', 'majkel_107976609'] | 各岛最优(相对fit,相对margin,评估次数) [(37140, 15870, 5), (35402, 20621, 5), (11127, 7048, 1), (5068, -1583, 1)] | 全局 margin 15870 own 70832 n=5 | straw=23 cow=6.5 岛间距 27.51
gen 5: 对手 ['v1_baseline_sche', 'packs', 'v58_rebuild.py', 'v2_survival_guar', 'v39_pure_tape', 'ult_normal.json'] | 各岛最优(相对fit,相对margin,评估次数) [(34319, 14278, 6), (33208, 19686, 6), (-5579, -965, 2), (16117, 186, 1)] | 全局 margin 14278 own 69820 n=6 | straw=23 cow=6.5 岛间距 28.23
gen 6: 对手 ['v1_baseline_sche', 'packs', 'packs', 'v29_adaptive', 'v31_sell_timing', 'fta_slice0.json'] | 各岛最优(相对fit,相对margin,评估次数) [(33685, 15084, 7), (39808, 21482, 1), (-17940, -9119, 3), (14152, 9195, 2)] | 全局 margin 15084 own 69065 n=7 | straw=23 cow=6.5 岛间距 27.60
gen 7: 对手 ['majkel_107678936', 'packs', 'v58_rebuild.py', 'v25_market_maker', 'v39_pure_tape', 'majkel_107624912'] | 各岛最优(相对fit,相对margin,评估次数) [(32456, 14329, 8), (32976, 14571, 1), (-20579, -11880, 4), (18208, 13609, 1)] | 全局 margin 14329 own 68776 n=8 | straw=23 cow=6.5 岛间距 28.37
gen 8: 对手 ['nl_SpaTaro_10728', 'packs', 'packs', 'v2_survival_guar', 'v33_opp_router', 'majkel_107976609'] | 各岛最优(相对fit,相对margin,评估次数) [(30801, 18545, 9), (30587, 14028, 9), (27140, 11189, 2), (13538, 8567, 2)] | 全局 margin 18545 own 63912 n=9 | straw=23 cow=6.5 岛间距 28.30
gen 9: 对手 ['majkel_107678936', 'packs', 'packs', 'v1_adaptive_mark', 'v24_hybrid', 'fta_slice0.json'] | 各岛最优(相对fit,相对margin,评估次数) [(30013, 17728, 10), (29835, 14005, 10), (25219, 9458, 3), (5561, 3818, 3)] | 全局 margin 17728 own 63827 n=10 | straw=23 cow=6.5 岛间距 28.30
gen 10: 对手 ['nl_SpaTaro_10728', 'packs', 'packs', 'v1_adaptive_mark', 'v39_pure_tape', 'majkel_107620962'] | 各岛最优(相对fit,相对margin,评估次数) [(28557, 17002, 11), (28133, 13608, 11), (22452, 8545, 4), (6467, 2373, 4)] | 全局 margin 17002 own 64255 n=11 | straw=23 cow=6.5 岛间距 28.30
gen 11: 对手 ['v1_baseline_sche', 'packs', 'v58_rebuild.py', 'v1_adaptive_mark', 'v33_opp_router', 'majkel_107976609'] | 各岛最优(相对fit,相对margin,评估次数) [(27232, 16543, 12), (26643, 13266, 12), (23911, 8348, 1), (1275, 371, 5)] | 全局 margin 16543 own 63952 n=12 | straw=23 cow=6.5 岛间距 28.30
gen 12: 对手 ['majkel_107678936', 'packs', 'packs', 'v119_center_live', 'v39_pure_tape', 'majkel_107976609'] | 各岛最优(相对fit,相对margin,评估次数) [(25499, 13130, 13), (25499, 13130, 13), (17814, 7632, 2), (4831, -5578, 1)] | 全局 margin 13130 own 65740 n=13 | straw=23 cow=6.5 岛间距 28.81
gen 13: 对手 ['nl_SpaTaro_10728', 'packs', 'packs', 'v25_market_maker', 'v39_pure_tape', 'majkel_107620962'] | 各岛最优(相对fit,相对margin,评估次数) [(24653, 15274, 14), (23572, 12572, 14), (24971, 7911, 1), (4821, 1400, 1)] | 全局 margin 15274 own 63029 n=14 | straw=23 cow=6.5 岛间距 29.29
gen 14: 对手 ['v1_baseline_sche', 'packs', 'dist_backup', 'v119_center_live', 'v24_hybrid', 'fta_slice0.json'] | 各岛最优(相对fit,相对margin,评估次数) [(24090, 14844, 15), (22799, 12108, 15), (24004, 5575, 2), (-4299, -1380, 8)] | 全局 margin 14844 own 63805 n=15 | straw=23 cow=6.5 岛间距 28.30
gen 15: 对手 ['nl_SpaTaro_10728', 'packs', 'packs', 'v2_survival_guar', 'v39_pure_tape', 'ymg_slice1.json'] | 各岛最优(相对fit,相对margin,评估次数) [(23713, 14577, 16), (22323, 11757, 16), (21602, 7972, 3), (2909, 1208, 1)] | 全局 margin 14577 own 64400 n=16 | straw=23 cow=6.5 岛间距 30.62
gen 16: 对手 ['majkel_107678936', 'v58_rebuild.py', 'packs', 'v29_adaptive', 'v24_hybrid', 'fta_slice1.json'] | 各岛最优(相对fit,相对margin,评估次数) [(26976, 6645, 1), (23040, 14069, 17), (21600, 11511, 17), (18672, 8310, 4)] | 全局 margin 14069 own 64932 n=17 | straw=23 cow=6.5 岛间距 15.08
gen 17: 对手 ['majkel_107678936', 'v58_rebuild.py', 'packs', 'v1_adaptive_mark', 'v120_hierarchica', 'majkel_107637563'] | 各岛最优(相对fit,相对margin,评估次数) [(21957, 13599, 18), (21957, 13599, 18), (20493, 10943, 18), (21781, 11379, 1)] | 全局 margin 13599 own 64472 n=18 | straw=23 cow=6.5 岛间距 14.26
gen 18: 对手 ['nl_SpaTaro_10728', 'dist_backup', 'packs', 'v2_survival_guar', 'v33_opp_router', 'ult_normal.json'] | 各岛最优(相对fit,相对margin,评估次数) [(21386, 13172, 19), (21386, 13172, 19), (19268, 10528, 19), (17913, 4734, 1)] | 全局 margin 13172 own 64389 n=19 | straw=23 cow=6.5 岛间距 15.17
gen 19: 对手 ['v1_baseline_sche', 'packs', 'packs', 'v1_adaptive_mark', 'v33_opp_router', 'majkel_107629571'] | 各岛最优(相对fit,相对margin,评估次数) [(20621, 12859, 20), (20621, 12859, 20), (18427, 9972, 20), (15949, 6449, 1)] | 全局 margin 12859 own 64265 n=20 | straw=23 cow=6.5 岛间距 17.24
gen 20: 对手 ['nl_SpaTaro_10728', 'packs', 'packs', 'v1_adaptive_mark', 'v33_opp_router', 'ymg_slice0.json'] | 各岛最优(相对fit,相对margin,评估次数) [(19587, 12280, 21), (19587, 12280, 21), (17000, 8852, 21), (20789, 11852, 1)] | 全局 margin 12280 own 64336 n=21 | straw=23 cow=6.5 岛间距 17.37
gen 21: 对手 ['v1_baseline_sche', 'packs', 'dist_backup', 'v29_adaptive', 'v33_opp_router', 'majkel_107624912'] | 各岛最优(相对fit,相对margin,评估次数) [(18915, 11801, 22), (18915, 11801, 22), (16255, 8768, 22), (13303, 5232, 2)] | 全局 margin 11801 own 64334 n=22 | straw=23 cow=6.5 岛间距 17.53
gen 22: 对手 ['majkel_107678936', 'packs', 'packs', 'v1_adaptive_mark', 'v39_pure_tape', 'majkel_107637563'] | 各岛最优(相对fit,相对margin,评估次数) [(17986, 11367, 23), (17986, 11367, 23), (15797, 12366, 1), (13534, 6207, 3)] | 全局 margin 11367 own 64257 n=23 | straw=23 cow=6.5 岛间距 17.53
gen 23: 对手 ['v1_baseline_sche', 'packs', 'dist_backup', 'v2_survival_guar', 'v33_opp_router', 'majkel_107976609'] | 各岛最优(相对fit,相对margin,评估次数) [(17362, 11073, 24), (17362, 11073, 24), (14145, 11499, 1), (11802, -559, 1)] | 全局 margin 11073 own 64114 n=24 | straw=23 cow=6.5 岛间距 19.12
gen 24: 对手 ['v1_baseline_sche', 'v58_rebuild.py', 'packs', 'v2_survival_guar', 'v39_pure_tape', 'majkel_107620962'] | 各岛最优(相对fit,相对margin,评估次数) [(16869, 10820, 25), (16869, 10820, 25), (16869, 10820, 25), (14329, 10298, 2)] | 全局 margin 10820 own 64153 n=25 | straw=23 cow=6.5 岛间距 14.24
gen 25: 对手 ['majkel_107678936', 'packs', 'packs', 'nl_Otter_Vibe_10', 'v39_pure_tape', 'ymg_slice1.json'] | 各岛最优(相对fit,相对margin,评估次数) [(16469, 10717, 26), (16469, 10717, 26), (16469, 10717, 26), (14243, 7668, 3)] | 全局 margin 10717 own 64235 n=26 | straw=23 cow=6.5 岛间距 14.24
gen 26: 对手 ['v1_baseline_sche', 'packs', 'packs', 'v25_market_maker', 'v39_pure_tape', 'fta_slice0.json'] | 各岛最优(相对fit,相对margin,评估次数) [(15747, 10576, 27), (15747, 10576, 27), (15747, 10576, 27), (14864, 3452, 1)] | 全局 margin 10576 own 63756 n=27 | straw=23 cow=6.5 岛间距 16.06
gen 27: 对手 ['v1_baseline_sche', 'packs', 'dist_backup', 'v2_survival_guar', 'v33_opp_router', 'fta_slice1.json'] | 各岛最优(相对fit,相对margin,评估次数) [(15403, 10486, 28), (15403, 10486, 28), (20249, 10264, 1), (19524, 12578, 1)] | 全局 margin 10486 own 63689 n=28 | straw=23 cow=6.5 岛间距 15.29
gen 28: 对手 ['nl_SpaTaro_10728', 'packs', 'dist_backup', 'v119_center_live', 'v120_hierarchica', 'majkel_107629571'] | 各岛最优(相对fit,相对margin,评估次数) [(14221, 9672, 29), (14221, 9672, 29), (52733, 28949, 1), (27753, 15286, 1)] | 全局 margin 6328 own 73824 n=3 | straw=23 cow=6.5 岛间距 16.49
gen 29: 对手 ['nl_SpaTaro_10728', 'v58_rebuild.py', 'packs', 'v25_market_maker', 'v31_sell_timing', 'majkel_107620962'] | 各岛最优(相对fit,相对margin,评估次数) [(14007, 9626, 30), (14007, 9626, 30), (35599, 18202, 2), (20163, 10531, 2)] | 全局 margin 9626 own 63598 n=30 | straw=23 cow=6.5 岛间距 16.80
gen 30: 对手 ['nl_SpaTaro_10728', 'packs', 'packs', 'v119_center_live', 'v24_hybrid', 'fta_slice0.json'] | 各岛最优(相对fit,相对margin,评估次数) [(13683, 9382, 31), (13683, 9382, 31), (31029, 17046, 3), (16911, 7183, 3)] | 全局 margin 17046 own 79984 n=3 | straw=23 cow=6.5 岛间距 16.49
gen 31: 对手 ['v1_baseline_sche', 'dist_backup', 'packs', 'nl_Otter_Vibe_10', 'v24_hybrid', 'majkel_107624912'] | 各岛最优(相对fit,相对margin,评估次数) [(13356, 9471, 32), (13356, 9471, 32), (26615, 14496, 4), (16724, 9290, 4)] | 全局 margin 14496 own 77308 n=4 | straw=23 cow=6.5 岛间距 16.80
gen 32: 对手 ['nl_SpaTaro_10728', 'packs', 'packs', 'v2_survival_guar', 'v24_hybrid', 'ymg_slice1.json'] | 各岛最优(相对fit,相对margin,评估次数) [(14002, 8234, 5), (12808, 9160, 33), (23686, 13318, 5), (23686, 13318, 5)] | 全局 margin 13318 own 75368 n=5 | straw=23 cow=6.5 岛间距 14.13
gen 33: 对手 ['nl_SpaTaro_10728', 'v58_rebuild.py', 'packs', 'v25_market_maker', 'v33_opp_router', 'ult_normal.json'] | 各岛最优(相对fit,相对margin,评估次数) [(12942, 8926, 34), (12942, 8926, 34), (22218, 13147, 6), (22218, 13147, 6)] | 全局 margin 13147 own 73849 n=6 | straw=23 cow=6.5 岛间距 6.62
gen 34: 对手 ['nl_SpaTaro_10728', 'packs', 'dist_backup', 'v2_survival_guar', 'v31_sell_timing', 'majkel_107629571'] | 各岛最优(相对fit,相对margin,评估次数) [(12082, 8305, 35), (12082, 8305, 35), (22747, 16484, 1), (26005, 12453, 1)] | 全局 margin 13139 own 74368 n=7 | straw=23 cow=6.5 岛间距 9.60
gen 35: 对手 ['v1_baseline_sche', 'packs', 'packs', 'v25_market_maker', 'v33_opp_router', 'majkel_107756423'] | 各岛最优(相对fit,相对margin,评估次数) [(12637, 9575, 1), (11938, 8206, 36), (13326, 7116, 2), (17231, 10125, 2)] | 全局 margin 8206 own 63867 n=36 | straw=23 cow=6.5 岛间距 17.23
gen 36: 对手 ['v1_baseline_sche', 'packs', 'packs', 'v2_survival_guar', 'v31_sell_timing', 'fta_slice0.json'] | 各岛最优(相对fit,相对margin,评估次数) [(12638, 5596, 1), (11581, 8054, 37), (14917, 9283, 1), (20037, 9634, 1)] | 全局 margin 10301 own 73478 n=3 | straw=23 cow=6.5 岛间距 11.67
gen 37: 对手 ['nl_SpaTaro_10728', 'packs', 'packs', 'v1_adaptive_mark', 'v33_opp_router', 'majkel_107620962'] | 各岛最优(相对fit,相对margin,评估次数) [(12871, 8383, 1), (11013, 7753, 38), (16823, 7098, 1), (17859, 7950, 2)] | 全局 margin 6193 own 71669 n=4 | straw=23 cow=8.7 岛间距 12.08
gen 38: 对手 ['majkel_107678936', 'packs', 'packs', 'nl_Otter_Vibe_10', 'v31_sell_timing', 'fta_slice1.json'] | 各岛最优(相对fit,相对margin,评估次数) [(11585, 2307, 1), (11766, 10486, 1), (11286, 7399, 1), (16416, 5200, 1)] | 全局 margin 7840 own 71414 n=3 | straw=23 cow=6.5 岛间距 14.55
gen 39: 对手 ['v1_baseline_sche', 'dist_backup', 'packs', 'v2_survival_guar', 'v31_sell_timing', 'fta_slice1.json'] | 各岛最优(相对fit,相对margin,评估次数) [(15029, 6171, 2), (5983, 5172, 2), (15864, 8685, 1), (17338, 9567, 1)] | 全局 margin 7698 own 70612 n=4 | straw=23 cow=6.5 岛间距 15.35
gen 40: 对手 ['majkel_107678936', 'packs', 'packs', 'v25_market_maker', 'v33_opp_router', 'ymg_slice0.json'] | 各岛最优(相对fit,相对margin,评估次数) [(15341, 4770, 1), (12946, 11697, 1), (11256, 6058, 2), (15244, 7627, 3)] | 全局 margin 7627 own 70087 n=3 | straw=24 cow=6.5 岛间距 16.21
gen 41: 对手 ['nl_SpaTaro_10728', 'packs', 'packs', 'nl_Otter_Vibe_10', 'v120_hierarchica', 'majkel_107624912'] | 各岛最优(相对fit,相对margin,评估次数) [(14441, 9616, 1), (14378, 8602, 1), (13994, 7367, 1), (20143, 8893, 1)] | 全局 margin 7784 own 72273 n=4 | straw=24 cow=6.5 岛间距 15.77
gen 42: 对手 ['v1_baseline_sche', 'packs', 'packs', 'v25_market_maker', 'v33_opp_router', 'ymg_slice1.json'] | 各岛最优(相对fit,相对margin,评估次数) [(14298, 6384, 4), (12376, 2988, 2), (11966, 7460, 4), (16344, 7631, 2)] | 全局 margin 6384 own 73571 n=4 | straw=23 cow=6.5 岛间距 9.79
gen 43: 对手 ['majkel_107678936', 'packs', 'packs', 'v25_market_maker', 'v31_sell_timing', 'fta_slice0.json'] | 各岛最优(相对fit,相对margin,评估次数) [(13209, 7162, 5), (12213, 4559, 3), (9482, 4515, 5), (11280, 6544, 3)] | 全局 margin 7162 own 68799 n=5 | straw=23 cow=6.5 岛间距 9.79
gen 44: 对手 ['nl_SpaTaro_10728', 'packs', 'packs', 'nl_Otter_Vibe_10', 'v31_sell_timing', 'majkel_107629571'] | 各岛最优(相对fit,相对margin,评估次数) [(13203, 6902, 6), (11782, 4174, 4), (13394, 4406, 1), (9843, 5886, 4)] | 全局 margin 6902 own 70444 n=6 | straw=23 cow=6.5 岛间距 9.79
gen 45: 对手 ['nl_SpaTaro_10728', 'packs', 'dist_backup', 'v2_survival_guar', 'v33_opp_router', 'majkel_107637563'] | 各岛最优(相对fit,相对margin,评估次数) [(12858, 6801, 7), (10691, 5094, 5), (13720, 4403, 1), (13112, 4291, 1)] | 全局 margin 6801 own 72394 n=7 | straw=23 cow=6.5 岛间距 11.91
gen 46: 对手 ['majkel_107678936', 'packs', 'packs', 'v1_adaptive_mark', 'v33_opp_router', 'majkel_107637563'] | 各岛最优(相对fit,相对margin,评估次数) [(11670, 5850, 8), (10359, 4850, 6), (10197, 3775, 2), (11204, 3949, 2)] | 全局 margin 5850 own 72823 n=8 | straw=23 cow=6.5 岛间距 11.91
gen 47: 对手 ['majkel_107678936', 'packs', 'packs', 'nl_Otter_Vibe_10', 'v31_sell_timing', 'majkel_107624912'] | 各岛最优(相对fit,相对margin,评估次数) [(13853, 9912, 1), (9791, 4497, 7), (11538, 12430, 1), (8711, 4115, 1)] | 全局 margin 6042 own 72686 n=9 | straw=23 cow=6.5 岛间距 15.99
gen 48: 对手 ['v1_baseline_sche', 'packs', 'packs', 'v29_adaptive', 'v31_sell_timing', 'fta_slice1.json'] | 各岛最优(相对fit,相对margin,评估次数) [(8250, 2946, 2), (9407, 4454, 8), (8766, 6598, 1), (9049, -2116, 1)] | 全局 margin 4454 own 73791 n=8 | straw=29 cow=6.5 岛间距 13.90
gen 49: 对手 ['v1_baseline_sche', 'packs', 'packs', 'v29_adaptive', 'v120_hierarchica', 'majkel_107976609'] | 各岛最优(相对fit,相对margin,评估次数) [(11367, 4569, 1), (12070, 9998, 1), (8842, 5894, 2), (14844, 5564, 1)] | 全局 margin 4151 own 74415 n=9 | straw=29 cow=6.5 岛间距 14.64
gen 50: 对手 ['majkel_107678936', 'packs', 'packs', 'v1_adaptive_mark', 'v120_hierarchica', 'ymg_slice1.json'] | 各岛最优(相对fit,相对margin,评估次数) [(10435, 10533, 1), (12744, 9548, 2), (7945, 2907, 1), (9354, 3185, 2)] | 全局 margin 5615 own 71400 n=3 | straw=23 cow=6.5 岛间距 15.52
gen 51: 对手 ['nl_SpaTaro_10728', 'dist_backup', 'packs', 'v29_adaptive', 'v39_pure_tape', 'ult_normal.json'] | 各岛最优(相对fit,相对margin,评估次数) [(18023, 10181, 1), (18400, 8475, 1), (9235, 3636, 2), (15074, -511, 1)] | 全局 margin 8799 own 76389 n=3 | straw=23 cow=6.5 岛间距 17.02
gen 52: 对手 ['majkel_107678936', 'packs', 'packs', 'v29_adaptive', 'v24_hybrid', 'ymg_slice0.json'] | 各岛最优(相对fit,相对margin,评估次数) [(16188, 10776, 1), (12643, 7579, 4), (7023, 3283, 1), (13810, 6611, 1)] | 全局 margin 7579 own 73000 n=4 | straw=23 cow=6.5 岛间距 17.23
gen 53: 对手 ['v1_baseline_sche', 'dist_backup', 'packs', 'nl_Otter_Vibe_10', 'v39_pure_tape', 'majkel_107756423'] | 各岛最优(相对fit,相对margin,评估次数) [(12061, 7752, 2), (14411, 4762, 1), (3901, 2591, 4), (11322, 2256, 1)] | 全局 margin 7664 own 72465 n=5 | straw=23 cow=6.5 岛间距 18.44
gen 54: 对手 ['v1_baseline_sche', 'dist_backup', 'packs', 'v29_adaptive', 'v24_hybrid', 'majkel_107756423'] | 各岛最优(相对fit,相对margin,评估次数) [(12261, 8268, 3), (15178, 5972, 2), (6608, 1796, 1), (6706, 1251, 2)] | 全局 margin 8268 own 64044 n=3 | straw=23 cow=6.5 岛间距 17.96
gen 55: 对手 ['v1_baseline_sche', 'packs', 'dist_backup', 'nl_Otter_Vibe_10', 'v120_hierarchica', 'majkel_107624912'] | 各岛最优(相对fit,相对margin,评估次数) [(10758, 6745, 4), (13085, 6926, 3), (2740, 1077, 6), (7082, -2095, 1)] | 全局 margin 6926 own 70011 n=3 | straw=23 cow=6.5 岛间距 19.36
gen 56: 对手 ['nl_SpaTaro_10728', 'packs', 'packs', 'v2_survival_guar', 'v31_sell_timing', 'majkel_107756423'] | 各岛最优(相对fit,相对margin,评估次数) [(45917, 25942, 1), (10668, 6439, 4), (10668, 6439, 4), (10371, 3545, 1)] | 全局 margin 6439 own 71758 n=4 | straw=23 cow=6.5 岛间距 16.30
gen 57: 对手 ['v1_baseline_sche', 'packs', 'packs', 'nl_Otter_Vibe_10', 'v24_hybrid', 'ymg_slice1.json'] | 各岛最优(相对fit,相对margin,评估次数) [(14814, -792, 1), (13755, 10337, 1), (11824, 4254, 1), (10961, 4429, 2)] | 全局 margin 6236 own 69613 n=5 | straw=23 cow=6.5 岛间距 12.29
gen 58: 对手 ['majkel_107678936', 'packs', 'packs', 'v119_center_live', 'v24_hybrid', 'majkel_107976609'] | 各岛最优(相对fit,相对margin,评估次数) [(13002, 5602, 1), (10236, 5488, 2), (9057, 3241, 1), (19166, 9665, 1)] | 全局 margin 2909 own 68641 n=3 | straw=24 cow=7.5 岛间距 20.96
gen 59: 对手 ['majkel_107678936', 'packs', 'packs', 'v1_adaptive_mark', 'v120_hierarchica', 'ymg_slice0.json'] | 各岛最优(相对fit,相对margin,评估次数) [(9082, 5253, 2), (9574, 4618, 1), (7395, 2550, 1), (12162, 6275, 2)] | 全局 margin 845 own 67883 n=3 | straw=29 cow=6.5 岛间距 20.96
gen 60: 对手 ['nl_SpaTaro_10728', 'packs', 'packs', 'v119_center_live', 'v24_hybrid', 'majkel_107624912'] | 各岛最优(相对fit,相对margin,评估次数) [(8194, 6018, 1), (11855, 4368, 1), (7968, -511, 1), (8122, 5075, 1)] | 全局 margin 3182 own 75235 n=3 | straw=23 cow=6.5 岛间距 21.70
gen 61: 对手 ['nl_SpaTaro_10728', 'v58_rebuild.py', 'packs', 'v1_adaptive_mark', 'v120_hierarchica', 'majkel_107976609'] | 各岛最优(相对fit,相对margin,评估次数) [(10159, 2743, 1), (6681, 2180, 2), (5526, 542, 2), (13548, 4176, 1)] | 全局 margin 5586 own 75055 n=4 | straw=24 cow=7.7 岛间距 21.18
gen 62: 对手 ['majkel_107678936', 'packs', 'packs', 'v2_survival_guar', 'v24_hybrid', 'majkel_107620962'] | 各岛最优(相对fit,相对margin,评估次数) [(8318, 1272, 2), (12162, 5747, 2), (4358, 826, 3), (9496, 1780, 1)] | 全局 margin 4695 own 81163 n=3 | straw=24 cow=7.5 岛间距 21.15
gen 63: 对手 ['v1_baseline_sche', 'packs', 'packs', 'v119_center_live', 'v33_opp_router', 'fta_slice0.json'] | 各岛最优(相对fit,相对margin,评估次数) [(13707, 9029, 1), (11127, 1144, 1), (6197, -1055, 1), (12442, 5998, 1)] | 全局 margin 3441 own 75572 n=3 | straw=23 cow=6.5 岛间距 20.88
gen 64: 对手 ['nl_SpaTaro_10728', 'packs', 'packs', 'v119_center_live', 'v33_opp_router', 'ymg_slice1.json'] | 各岛最优(相对fit,相对margin,评估次数) [(13739, 8178, 2), (10872, 6886, 2), (9139, 2111, 2), (16083, 5371, 1)] | 全局 margin 5602 own 73845 n=3 | straw=24 cow=7.5 岛间距 2.85
gen 65: 对手 ['majkel_107678936', 'packs', 'v58_rebuild.py', 'v1_adaptive_mark', 'v31_sell_timing', 'ult_normal.json'] | 各岛最优(相对fit,相对margin,评估次数) [(11323, 4968, 1), (12843, 5390, 1), (8817, 1921, 3), (8609, 5542, 2)] | 全局 margin 6664 own 73850 n=3 | straw=23 cow=6.5 岛间距 3.91
gen 66: 对手 ['majkel_107678936', 'packs', 'packs', 'v25_market_maker', 'v120_hierarchica', 'majkel_107756423'] | 各岛最优(相对fit,相对margin,评估次数) [(11995, 3620, 1), (11160, 3731, 2), (9991, 3135, 4), (7369, 2494, 2)] | 全局 margin 3135 own 76971 n=4 | straw=19 cow=6.5 岛间距 16.80
gen 67: 对手 ['majkel_107678936', 'packs', 'packs', 'v2_survival_guar', 'v39_pure_tape', 'majkel_107620962'] | 各岛最优(相对fit,相对margin,评估次数) [(10101, 3777, 2), (9410, 2041, 1), (12987, 9290, 1), (25754, 14125, 1)] | 全局 margin 3451 own 74848 n=5 | straw=19 cow=6.5 岛间距 18.24
gen 68: 对手 ['v1_baseline_sche', 'packs', 'packs', 'v2_survival_guar', 'v33_opp_router', 'fta_slice0.json'] | 各岛最优(相对fit,相对margin,评估次数) [(14598, 8329, 1), (8160, 3949, 4), (8698, 2012, 2), (20295, 8646, 1)] | 全局 margin 3814 own 73958 n=3 | straw=23 cow=7.3 岛间距 21.19
gen 69: 对手 ['nl_SpaTaro_10728', 'packs', 'packs', 'v2_survival_guar', 'v24_hybrid', 'fta_slice0.json'] | 各岛最优(相对fit,相对margin,评估次数) [(10617, -1374, 2), (18722, 2155, 1), (6109, 2392, 3), (16321, 7447, 2)] | 全局 margin 5984 own 75933 n=3 | straw=25 cow=7.7 岛间距 17.71
HOLDOUT 岛0 cand0: fit 49152 margin -35930 own 68221 solo 112401 (训练 margin -1374 n=2)
HOLDOUT 岛0 cand1: fit 48192 margin -34134 own 63892 solo 122895 (训练 margin 5821 n=2)
HOLDOUT 岛1 cand2: fit 54961 margin -36025 own 74296 solo 111264 (训练 margin 534 n=2)
HOLDOUT 岛1 cand3: fit 53625 margin -35899 own 71776 solo 118320 (训练 margin 3328 n=5)
HOLDOUT 岛2 cand4: fit 48255 margin -35213 own 66764 solo 111362 (训练 margin 2392 n=3)
HOLDOUT 岛2 cand5: fit 46300 margin -37769 own 66715 solo 115697 (训练 margin 4684 n=3)
HOLDOUT 岛3 cand6: fit 58726 margin -30088 own 70839 solo 119836 (训练 margin 7447 n=2)
HOLDOUT 岛3 cand7: fit 47901 margin -34588 own 66346 solo 107622 (训练 margin 5984 n=3)
迭代池 8 条（来自岛 [0, 1, 2, 3]）
