gen 0: 对手 ['majkel_107678936', 'packs', 'packs', 'v29_adaptive', 'v31_sell_timing', 'majkel_107624912'] | 各岛最优(相对fit,相对margin,评估次数) [(67727, 26952, 1), (67727, 26952, 1), (1332, 12160, 1), (23359, 9633, 1)] | 全局 margin 26952 own 78534 n=1 | straw=23 cow=6.5 岛间距 12.36
gen 1: 对手 ['v1_baseline_sche', 'packs', 'packs', 'v25_market_maker', 'v39_pure_tape', 'fta_slice1.json'] | 各岛最优(相对fit,相对margin,评估次数) [(58053, 30922, 2), (58053, 30922, 2), (-13800, -3440, 1), (14171, 6526, 2)] | 全局 margin 30922 own 67856 n=2 | straw=23 cow=6.5 岛间距 12.36
gen 2: 对手 ['nl_SpaTaro_10728', 'packs', 'packs', 'v25_market_maker', 'v24_hybrid', 'ymg_slice1.json'] | 各岛最优(相对fit,相对margin,评估次数) [(51359, 23921, 3), (50741, 26101, 3), (-613, 9799, 1), (7542, 2293, 3)] | 全局 margin 23921 own 72009 n=3 | straw=23 cow=6.5 岛间距 12.52
gen 3: 对手 ['nl_SpaTaro_10728', 'packs', 'packs', 'nl_Otter_Vibe_10', 'v39_pure_tape', 'fta_slice1.json'] | 各岛最优(相对fit,相对margin,评估次数) [(44987, 22088, 4), (44044, 24066, 4), (-6704, -3921, 2), (1253, 2573, 3)] | 全局 margin 22088 own 68895 n=4 | straw=23 cow=6.5 岛间距 15.95
gen 4: 对手 ['majkel_107678936', 'packs', 'packs', 'v29_adaptive', 'v31_sell_timing', 'majkel_107976609'] | 各岛最优(相对fit,相对margin,评估次数) [(41349, 17827, 5), (39612, 22577, 5), (-7772, -9855, 1), (1445, 5329, 4)] | 全局 margin 17827 own 70832 n=5 | straw=23 cow=6.5 岛间距 15.95
gen 5: 对手 ['v1_baseline_sche', 'packs', 'v58_rebuild.py', 'v2_survival_guar', 'v39_pure_tape', 'ult_normal.json'] | 各岛最优(相对fit,相对margin,评估次数) [(37335, 16041, 6), (36225, 21450, 6), (-8902, -11051, 2), (-1150, 3682, 5)] | 全局 margin 16041 own 69820 n=6 | straw=23 cow=6.5 岛间距 15.95
gen 6: 对手 ['v1_baseline_sche', 'packs', 'packs', 'v29_adaptive', 'v31_sell_timing', 'fta_slice0.json'] | 各岛最优(相对fit,相对margin,评估次数) [(35169, 15934, 7), (33638, 19866, 7), (-1650, -5269, 1), (12500, 7715, 1)] | 全局 margin 15934 own 69065 n=7 | straw=23 cow=6.5 岛间距 16.67
gen 7: 对手 ['majkel_107678936', 'packs', 'v58_rebuild.py', 'v25_market_maker', 'v39_pure_tape', 'majkel_107624912'] | 各岛最优(相对fit,相对margin,评估次数) [(33523, 15126, 8), (32415, 19129, 8), (-1134, 230, 1), (7286, 8648, 2)] | 全局 margin 15126 own 68776 n=8 | straw=23 cow=6.5 岛间距 16.67
gen 8: 对手 ['nl_SpaTaro_10728', 'packs', 'packs', 'v2_survival_guar', 'v33_opp_router', 'majkel_107976609'] | 各岛最优(相对fit,相对margin,评估次数) [(31789, 19209, 9), (31789, 19209, 9), (31789, 19209, 9), (3117, 6291, 3)] | 全局 margin 19209 own 63912 n=9 | straw=23 cow=6.5 岛间距 16.65
gen 9: 对手 ['majkel_107678936', 'packs', 'packs', 'v1_adaptive_mark', 'v24_hybrid', 'fta_slice0.json'] | 各岛最优(相对fit,相对margin,评估次数) [(30487, 18048, 10), (30487, 18048, 10), (30487, 18048, 10), (1799, 4496, 4)] | 全局 margin 18048 own 63827 n=10 | straw=23 cow=6.5 岛间距 16.65
gen 10: 对手 ['nl_SpaTaro_10728', 'packs', 'packs', 'v1_adaptive_mark', 'v39_pure_tape', 'majkel_107620962'] | 各岛最优(相对fit,相对margin,评估次数) [(29135, 17181, 11), (29135, 17181, 11), (29135, 17181, 11), (-696, 2499, 5)] | 全局 margin 17181 own 64255 n=11 | straw=23 cow=6.5 岛间距 16.65
gen 11: 对手 ['v1_baseline_sche', 'packs', 'v58_rebuild.py', 'v1_adaptive_mark', 'v33_opp_router', 'majkel_107976609'] | 各岛最优(相对fit,相对margin,评估次数) [(27899, 16909, 12), (27899, 16909, 12), (27899, 16909, 12), (-556, 970, 6)] | 全局 margin 16909 own 63952 n=12 | straw=23 cow=6.5 岛间距 16.65
gen 12: 对手 ['majkel_107678936', 'packs', 'packs', 'v119_center_live', 'v39_pure_tape', 'majkel_107976609'] | 各岛最优(相对fit,相对margin,评估次数) [(26287, 13488, 13), (26287, 13488, 13), (25769, 15703, 13), (1132, -1370, 1)] | 全局 margin 13488 own 65740 n=13 | straw=23 cow=6.5 岛间距 17.28
gen 13: 对手 ['nl_SpaTaro_10728', 'packs', 'packs', 'v25_market_maker', 'v39_pure_tape', 'majkel_107620962'] | 各岛最优(相对fit,相对margin,评估次数) [(25354, 15731, 14), (25354, 15731, 14), (25354, 15731, 14), (1772, 1099, 2)] | 全局 margin 15731 own 63029 n=14 | straw=23 cow=6.5 岛间距 17.26
gen 14: 对手 ['v1_baseline_sche', 'packs', 'dist_backup', 'v119_center_live', 'v24_hybrid', 'fta_slice0.json'] | 各岛最优(相对fit,相对margin,评估次数) [(24780, 15154, 15), (24780, 15154, 15), (24780, 15154, 15), (-991, 2234, 1)] | 全局 margin 15154 own 63805 n=15 | straw=23 cow=6.5 岛间距 18.29
gen 15: 对手 ['nl_SpaTaro_10728', 'packs', 'packs', 'v2_survival_guar', 'v39_pure_tape', 'ymg_slice1.json'] | 各岛最优(相对fit,相对margin,评估次数) [(24174, 14756, 16), (24174, 14756, 16), (24174, 14756, 16), (-4750, -1636, 4)] | 全局 margin 14756 own 64400 n=16 | straw=23 cow=6.5 岛间距 17.26
gen 16: 对手 ['majkel_107678936', 'v58_rebuild.py', 'packs', 'v29_adaptive', 'v24_hybrid', 'fta_slice1.json'] | 各岛最优(相对fit,相对margin,评估次数) [(23268, 14140, 17), (23268, 14140, 17), (23268, 14140, 17), (23268, 14140, 17)] | 全局 margin 14140 own 64932 n=17 | straw=23 cow=6.5 岛间距 0.00
gen 17: 对手 ['majkel_107678936', 'v58_rebuild.py', 'packs', 'v1_adaptive_mark', 'v120_hierarchica', 'majkel_107637563'] | 各岛最优(相对fit,相对margin,评估次数) [(22655, 13806, 18), (22655, 13806, 18), (22655, 13806, 18), (22655, 13806, 18)] | 全局 margin 13806 own 64472 n=18 | straw=23 cow=6.5 岛间距 0.00
gen 18: 对手 ['nl_SpaTaro_10728', 'dist_backup', 'packs', 'v2_survival_guar', 'v33_opp_router', 'ult_normal.json'] | 各岛最优(相对fit,相对margin,评估次数) [(21977, 13201, 19), (21977, 13201, 19), (21977, 13201, 19), (21977, 13201, 19)] | 全局 margin 13201 own 64389 n=19 | straw=23 cow=6.5 岛间距 0.00
gen 19: 对手 ['v1_baseline_sche', 'packs', 'packs', 'v1_adaptive_mark', 'v33_opp_router', 'majkel_107629571'] | 各岛最优(相对fit,相对margin,评估次数) [(21474, 13061, 20), (21474, 13061, 20), (21474, 13061, 20), (21474, 13061, 20)] | 全局 margin 13061 own 64265 n=20 | straw=23 cow=6.5 岛间距 0.00
gen 20: 对手 ['nl_SpaTaro_10728', 'packs', 'packs', 'v1_adaptive_mark', 'v33_opp_router', 'ymg_slice0.json'] | 各岛最优(相对fit,相对margin,评估次数) [(20726, 12716, 21), (20726, 12716, 21), (20726, 12716, 21), (20726, 12716, 21)] | 全局 margin 12716 own 64336 n=21 | straw=23 cow=6.5 岛间距 0.00
gen 21: 对手 ['v1_baseline_sche', 'packs', 'dist_backup', 'v29_adaptive', 'v33_opp_router', 'majkel_107624912'] | 各岛最优(相对fit,相对margin,评估次数) [(20115, 12289, 22), (20115, 12289, 22), (20115, 12289, 22), (20115, 12289, 22)] | 全局 margin 12289 own 64334 n=22 | straw=23 cow=6.5 岛间距 0.00
gen 22: 对手 ['majkel_107678936', 'packs', 'packs', 'v1_adaptive_mark', 'v39_pure_tape', 'majkel_107637563'] | 各岛最优(相对fit,相对margin,评估次数) [(19659, 12068, 23), (19659, 12068, 23), (19659, 12068, 23), (19659, 12068, 23)] | 全局 margin 12068 own 64257 n=23 | straw=23 cow=6.5 岛间距 0.00
gen 23: 对手 ['v1_baseline_sche', 'packs', 'dist_backup', 'v2_survival_guar', 'v33_opp_router', 'majkel_107976609'] | 各岛最优(相对fit,相对margin,评估次数) [(19184, 11703, 24), (19184, 11703, 24), (19184, 11703, 24), (19184, 11703, 24)] | 全局 margin 11703 own 64114 n=24 | straw=23 cow=6.5 岛间距 0.00
gen 24: 对手 ['v1_baseline_sche', 'v58_rebuild.py', 'packs', 'v2_survival_guar', 'v39_pure_tape', 'majkel_107620962'] | 各岛最优(相对fit,相对margin,评估次数) [(18577, 11406, 25), (18577, 11406, 25), (18577, 11406, 25), (18577, 11406, 25)] | 全局 margin 11406 own 64153 n=25 | straw=23 cow=6.5 岛间距 0.00
gen 25: 对手 ['majkel_107678936', 'packs', 'packs', 'nl_Otter_Vibe_10', 'v39_pure_tape', 'ymg_slice1.json'] | 各岛最优(相对fit,相对margin,评估次数) [(18148, 11182, 26), (18148, 11182, 26), (18148, 11182, 26), (18148, 11182, 26)] | 全局 margin 11182 own 64235 n=26 | straw=23 cow=6.5 岛间距 0.00
gen 26: 对手 ['v1_baseline_sche', 'packs', 'packs', 'v25_market_maker', 'v39_pure_tape', 'fta_slice0.json'] | 各岛最优(相对fit,相对margin,评估次数) [(17305, 11041, 27), (17305, 11041, 27), (17305, 11041, 27), (21942, 2820, 1)] | 全局 margin 11041 own 63756 n=27 | straw=23 cow=6.5 岛间距 1.17
gen 27: 对手 ['v1_baseline_sche', 'packs', 'dist_backup', 'v2_survival_guar', 'v33_opp_router', 'fta_slice1.json'] | 各岛最优(相对fit,相对margin,评估次数) [(16918, 10880, 28), (16918, 10880, 28), (16918, 10880, 28), (18238, 2812, 2)] | 全局 margin 10880 own 63689 n=28 | straw=23 cow=6.5 岛间距 1.17
gen 28: 对手 ['nl_SpaTaro_10728', 'packs', 'dist_backup', 'v119_center_live', 'v120_hierarchica', 'majkel_107629571'] | 各岛最优(相对fit,相对margin,评估次数) [(16535, 10587, 29), (16535, 10587, 29), (16535, 10587, 29), (16535, 10587, 29)] | 全局 margin 10587 own 63765 n=29 | straw=23 cow=6.5 岛间距 0.00
gen 29: 对手 ['nl_SpaTaro_10728', 'v58_rebuild.py', 'packs', 'v25_market_maker', 'v31_sell_timing', 'majkel_107620962'] | 各岛最优(相对fit,相对margin,评估次数) [(16244, 10469, 30), (16244, 10469, 30), (16244, 10469, 30), (16244, 10469, 30)] | 全局 margin 10469 own 63598 n=30 | straw=23 cow=6.5 岛间距 0.00
gen 30: 对手 ['nl_SpaTaro_10728', 'packs', 'packs', 'v119_center_live', 'v24_hybrid', 'fta_slice0.json'] | 各岛最优(相对fit,相对margin,评估次数) [(15914, 10284, 31), (15914, 10284, 31), (15914, 10284, 31), (15914, 10284, 31)] | 全局 margin 10284 own 63712 n=31 | straw=23 cow=6.5 岛间距 0.00
gen 31: 对手 ['v1_baseline_sche', 'dist_backup', 'packs', 'nl_Otter_Vibe_10', 'v24_hybrid', 'majkel_107624912'] | 各岛最优(相对fit,相对margin,评估次数) [(15680, 10357, 32), (15680, 10357, 32), (15680, 10357, 32), (15680, 10357, 32)] | 全局 margin 10357 own 63437 n=32 | straw=23 cow=6.5 岛间距 0.00
gen 32: 对手 ['nl_SpaTaro_10728', 'packs', 'packs', 'v2_survival_guar', 'v24_hybrid', 'ymg_slice1.json'] | 各岛最优(相对fit,相对margin,评估次数) [(15324, 10199, 33), (15324, 10199, 33), (15324, 10199, 33), (15324, 10199, 33)] | 全局 margin 10199 own 63312 n=33 | straw=23 cow=6.5 岛间距 0.00
gen 33: 对手 ['nl_SpaTaro_10728', 'v58_rebuild.py', 'packs', 'v25_market_maker', 'v33_opp_router', 'ult_normal.json'] | 各岛最优(相对fit,相对margin,评估次数) [(15274, 9844, 34), (22866, 2306, 1), (15274, 9844, 34), (15274, 9844, 34)] | 全局 margin 9844 own 63657 n=34 | straw=23 cow=6.5 岛间距 0.00
gen 34: 对手 ['nl_SpaTaro_10728', 'packs', 'dist_backup', 'v2_survival_guar', 'v31_sell_timing', 'majkel_107629571'] | 各岛最优(相对fit,相对margin,评估次数) [(14988, 9607, 35), (16980, 5508, 2), (14988, 9607, 35), (14988, 9607, 35)] | 全局 margin 9607 own 63721 n=35 | straw=23 cow=6.5 岛间距 0.00
gen 35: 对手 ['v1_baseline_sche', 'packs', 'packs', 'v25_market_maker', 'v33_opp_router', 'majkel_107756423'] | 各岛最优(相对fit,相对margin,评估次数) [(14795, 9501, 36), (14795, 9501, 36), (14795, 9501, 36), (14795, 9501, 36)] | 全局 margin 9501 own 63867 n=36 | straw=23 cow=6.5 岛间距 0.00
gen 36: 对手 ['v1_baseline_sche', 'packs', 'packs', 'v2_survival_guar', 'v31_sell_timing', 'fta_slice0.json'] | 各岛最优(相对fit,相对margin,评估次数) [(14598, 9462, 37), (14598, 9462, 37), (14598, 9462, 37), (14598, 9462, 37)] | 全局 margin 9462 own 63818 n=37 | straw=23 cow=6.5 岛间距 0.00
gen 37: 对手 ['nl_SpaTaro_10728', 'packs', 'packs', 'v1_adaptive_mark', 'v33_opp_router', 'majkel_107620962'] | 各岛最优(相对fit,相对margin,评估次数) [(14361, 9395, 38), (15804, 8208, 1), (14361, 9395, 38), (14361, 9395, 38)] | 全局 margin 9395 own 63638 n=38 | straw=23 cow=6.5 岛间距 0.00
gen 38: 对手 ['majkel_107678936', 'packs', 'packs', 'nl_Otter_Vibe_10', 'v31_sell_timing', 'fta_slice1.json'] | 各岛最优(相对fit,相对margin,评估次数) [(14109, 9203, 39), (12955, 973, 1), (14109, 9203, 39), (14109, 9203, 39)] | 全局 margin 9203 own 63731 n=39 | straw=23 cow=6.5 岛间距 0.00
gen 39: 对手 ['v1_baseline_sche', 'dist_backup', 'packs', 'v2_survival_guar', 'v31_sell_timing', 'fta_slice1.json'] | 各岛最优(相对fit,相对margin,评估次数) [(13993, 9279, 40), (17768, 20903, 1), (18256, 10456, 1), (14251, 2833, 1)] | 全局 margin 9279 own 63784 n=40 | straw=23 cow=6.5 岛间距 0.94
gen 40: 对手 ['majkel_107678936', 'packs', 'packs', 'v25_market_maker', 'v33_opp_router', 'ymg_slice0.json'] | 各岛最优(相对fit,相对margin,评估次数) [(13875, 9254, 41), (14670, 17309, 2), (14745, 9447, 2), (14745, 9447, 2)] | 全局 margin 9254 own 63709 n=41 | straw=23 cow=6.5 岛间距 2.36
gen 41: 对手 ['nl_SpaTaro_10728', 'packs', 'packs', 'nl_Otter_Vibe_10', 'v120_hierarchica', 'majkel_107624912'] | 各岛最优(相对fit,相对margin,评估次数) [(14732, -21, 1), (13979, -1506, 1), (13876, 12535, 3), (15834, 4924, 1)] | 全局 margin 12535 own 63636 n=3 | straw=28 cow=6.5 岛间距 5.13
gen 42: 对手 ['v1_baseline_sche', 'packs', 'packs', 'v25_market_maker', 'v33_opp_router', 'ymg_slice1.json'] | 各岛最优(相对fit,相对margin,评估次数) [(14710, 2355, 2), (15558, 5567, 1), (11675, 10999, 4), (11693, 5101, 2)] | 全局 margin 9069 own 63902 n=43 | straw=23 cow=6.5 岛间距 4.57
gen 43: 对手 ['majkel_107678936', 'packs', 'packs', 'v25_market_maker', 'v31_sell_timing', 'fta_slice0.json'] | 各岛最优(相对fit,相对margin,评估次数) [(13391, 8926, 44), (14239, 5160, 2), (9929, 9064, 5), (10260, 5478, 3)] | 全局 margin 8926 own 63833 n=44 | straw=23 cow=6.5 岛间距 3.18
gen 44: 对手 ['nl_SpaTaro_10728', 'packs', 'packs', 'nl_Otter_Vibe_10', 'v31_sell_timing', 'majkel_107629571'] | 各岛最优(相对fit,相对margin,评估次数) [(13641, 5875, 1), (20955, 7546, 1), (8967, 7025, 6), (21457, 10932, 1)] | 全局 margin 5761 own 72913 n=3 | straw=28 cow=6.5 岛间距 6.12
gen 45: 对手 ['nl_SpaTaro_10728', 'packs', 'dist_backup', 'v2_survival_guar', 'v33_opp_router', 'majkel_107637563'] | 各岛最优(相对fit,相对margin,评估次数) [(13094, 8856, 46), (16395, -5361, 1), (17926, 7366, 1), (14770, 6976, 2)] | 全局 margin 6796 own 70304 n=4 | straw=28 cow=6.5 岛间距 5.17
gen 46: 对手 ['majkel_107678936', 'packs', 'packs', 'v1_adaptive_mark', 'v33_opp_router', 'majkel_107637563'] | 各岛最优(相对fit,相对margin,评估次数) [(13007, 8828, 47), (16424, 6687, 5), (16964, 7422, 1), (15103, 6437, 3)] | 全局 margin 6687 own 71652 n=5 | straw=28 cow=6.5 岛间距 5.17
gen 47: 对手 ['majkel_107678936', 'packs', 'packs', 'nl_Otter_Vibe_10', 'v31_sell_timing', 'majkel_107624912'] | 各岛最优(相对fit,相对margin,评估次数) [(12932, 8793, 48), (15034, 6614, 6), (12403, 6818, 3), (14670, 6619, 4)] | 全局 margin 6614 own 69307 n=6 | straw=28 cow=6.5 岛间距 5.17
gen 48: 对手 ['v1_baseline_sche', 'packs', 'packs', 'v29_adaptive', 'v31_sell_timing', 'fta_slice1.json'] | 各岛最优(相对fit,相对margin,评估次数) [(15474, 6527, 5), (14158, 5096, 7), (14158, 5096, 7), (22604, 3643, 1)] | 全局 margin 9211 own 70854 n=3 | straw=23 cow=6.5 岛间距 2.36
gen 49: 对手 ['v1_baseline_sche', 'packs', 'packs', 'v29_adaptive', 'v120_hierarchica', 'majkel_107976609'] | 各岛最优(相对fit,相对margin,评估次数) [(17983, 5269, 1), (14913, 7506, 1), (12820, 4457, 8), (24444, 11821, 1)] | 全局 margin 6277 own 71859 n=6 | straw=23 cow=6.5 岛间距 5.59
gen 50: 对手 ['majkel_107678936', 'packs', 'packs', 'v1_adaptive_mark', 'v120_hierarchica', 'ymg_slice1.json'] | 各岛最优(相对fit,相对margin,评估次数) [(15740, 3673, 2), (13564, 14230, 1), (12492, 5429, 9), (15353, 15741, 1)] | 全局 margin 7093 own 69889 n=7 | straw=23 cow=6.5 岛间距 4.95
gen 51: 对手 ['nl_SpaTaro_10728', 'dist_backup', 'packs', 'v29_adaptive', 'v39_pure_tape', 'ult_normal.json'] | 各岛最优(相对fit,相对margin,评估次数) [(14886, 4316, 3), (12289, 7868, 2), (13865, 658, 1), (11826, 5080, 1)] | 全局 margin 4316 own 71715 n=3 | straw=23 cow=6.5 岛间距 6.15
gen 52: 对手 ['majkel_107678936', 'packs', 'packs', 'v29_adaptive', 'v24_hybrid', 'ymg_slice0.json'] | 各岛最优(相对fit,相对margin,评估次数) [(14889, 13272, 1), (11682, 4060, 11), (12711, -1489, 1), (16635, 13468, 1)] | 全局 margin 7236 own 68100 n=9 | straw=23 cow=6.5 岛间距 5.98
gen 53: 对手 ['v1_baseline_sche', 'dist_backup', 'packs', 'nl_Otter_Vibe_10', 'v39_pure_tape', 'majkel_107756423'] | 各岛最优(相对fit,相对margin,评估次数) [(20604, 17750, 1), (16642, 6723, 1), (16302, 5430, 3), (16341, 13384, 3)] | 全局 margin 13384 own 64439 n=3 | straw=26 cow=6.5 岛间距 4.80
gen 54: 对手 ['v1_baseline_sche', 'dist_backup', 'packs', 'v29_adaptive', 'v24_hybrid', 'majkel_107756423'] | 各岛最优(相对fit,相对margin,评估次数) [(18852, 7481, 1), (18084, 15540, 1), (16869, 8269, 4), (16982, 4655, 1)] | 全局 margin 8269 own 70804 n=4 | straw=28 cow=6.5 岛间距 7.49
gen 55: 对手 ['v1_baseline_sche', 'packs', 'dist_backup', 'nl_Otter_Vibe_10', 'v120_hierarchica', 'majkel_107624912'] | 各岛最优(相对fit,相对margin,评估次数) [(12698, 11385, 3), (13130, -1398, 1), (15864, 7028, 5), (14404, 11616, 5)] | 全局 margin 7028 own 70226 n=5 | straw=28 cow=6.5 岛间距 4.80
gen 56: 对手 ['nl_SpaTaro_10728', 'packs', 'packs', 'v2_survival_guar', 'v31_sell_timing', 'majkel_107756423'] | 各岛最优(相对fit,相对margin,评估次数) [(18014, 12799, 1), (17672, 6952, 1), (21056, 10882, 1), (22143, 14502, 1)] | 全局 margin 7393 own 71040 n=6 | straw=28 cow=6.5 岛间距 7.39
gen 57: 对手 ['v1_baseline_sche', 'packs', 'packs', 'nl_Otter_Vibe_10', 'v24_hybrid', 'ymg_slice1.json'] | 各岛最优(相对fit,相对margin,评估次数) [(15749, 11150, 7), (12391, 5353, 2), (15147, 6083, 2), (17076, 13562, 2)] | 全局 margin 11150 own 66660 n=7 | straw=26 cow=6.5 岛间距 6.07
gen 58: 对手 ['majkel_107678936', 'packs', 'packs', 'v119_center_live', 'v24_hybrid', 'majkel_107976609'] | 各岛最优(相对fit,相对margin,评估次数) [(16886, 11931, 8), (13580, 17800, 1), (13954, 5794, 8), (17465, 11448, 3)] | 全局 margin 11448 own 67282 n=3 | straw=26 cow=6.5 岛间距 3.97
gen 59: 对手 ['majkel_107678936', 'packs', 'packs', 'v1_adaptive_mark', 'v120_hierarchica', 'ymg_slice0.json'] | 各岛最优(相对fit,相对margin,评估次数) [(15990, 11539, 9), (13978, 12644, 2), (13520, 6068, 9), (15537, 9162, 4)] | 全局 margin 11539 own 65947 n=9 | straw=26 cow=6.5 岛间距 3.97
gen 60: 对手 ['nl_SpaTaro_10728', 'packs', 'packs', 'v119_center_live', 'v24_hybrid', 'majkel_107624912'] | 各岛最优(相对fit,相对margin,评估次数) [(14692, 10828, 10), (12321, 1937, 1), (14177, 5926, 10), (15429, 5846, 1)] | 全局 margin 10828 own 65674 n=10 | straw=26 cow=6.5 岛间距 4.27
gen 61: 对手 ['nl_SpaTaro_10728', 'v58_rebuild.py', 'packs', 'v1_adaptive_mark', 'v120_hierarchica', 'majkel_107976609'] | 各岛最优(相对fit,相对margin,评估次数) [(15079, 10229, 1), (14129, 8152, 4), (15564, 15424, 1), (20518, 6703, 1)] | 全局 margin 10525 own 66273 n=11 | straw=26 cow=6.5 岛间距 5.88
gen 62: 对手 ['majkel_107678936', 'packs', 'packs', 'v2_survival_guar', 'v24_hybrid', 'majkel_107620962'] | 各岛最优(相对fit,相对margin,评估次数) [(20489, 7519, 1), (14534, 4545, 1), (13606, 6191, 12), (14772, 5931, 2)] | 全局 margin 6191 own 68711 n=12 | straw=28 cow=6.5 岛间距 5.84
gen 63: 对手 ['v1_baseline_sche', 'packs', 'packs', 'v119_center_live', 'v33_opp_router', 'fta_slice0.json'] | 各岛最优(相对fit,相对margin,评估次数) [(14963, 8314, 2), (11241, 6562, 6), (22764, -1682, 1), (16225, 8226, 3)] | 全局 margin 8226 own 68029 n=3 | straw=34 cow=6.5 岛间距 5.84
gen 64: 对手 ['nl_SpaTaro_10728', 'packs', 'packs', 'v119_center_live', 'v33_opp_router', 'ymg_slice1.json'] | 各岛最优(相对fit,相对margin,评估次数) [(14986, 4206, 1), (17090, 10004, 1), (19167, 15363, 1), (18087, 4021, 2)] | 全局 margin 8761 own 66526 n=3 | straw=31 cow=6.5 岛间距 10.14
gen 65: 对手 ['majkel_107678936', 'packs', 'v58_rebuild.py', 'v1_adaptive_mark', 'v31_sell_timing', 'ult_normal.json'] | 各岛最优(相对fit,相对margin,评估次数) [(20966, 6200, 2), (12172, 5946, 1), (21553, 11802, 1), (14837, 7281, 3)] | 全局 margin 7281 own 69506 n=3 | straw=28 cow=6.5 岛间距 10.14
gen 66: 对手 ['majkel_107678936', 'packs', 'packs', 'v25_market_maker', 'v120_hierarchica', 'majkel_107756423'] | 各岛最优(相对fit,相对margin,评估次数) [(20908, 7988, 3), (10578, 10707, 2), (27219, 20809, 1), (14937, 8988, 4)] | 全局 margin 7988 own 78074 n=3 | straw=31 cow=6.5 岛间距 10.14
gen 67: 对手 ['majkel_107678936', 'packs', 'packs', 'v2_survival_guar', 'v39_pure_tape', 'majkel_107620962'] | 各岛最优(相对fit,相对margin,评估次数) [(18846, 6759, 4), (10489, 8708, 2), (17857, 12485, 2), (12858, 7054, 5)] | 全局 margin 6759 own 73968 n=4 | straw=31 cow=6.5 岛间距 10.14
gen 68: 对手 ['v1_baseline_sche', 'packs', 'packs', 'v2_survival_guar', 'v33_opp_router', 'fta_slice0.json'] | 各岛最优(相对fit,相对margin,评估次数) [(15635, 6371, 1), (23913, 7203, 1), (31358, 2180, 1), (22236, -52, 1)] | 全局 margin 6078 own 72678 n=5 | straw=31 cow=6.5 岛间距 9.86
gen 69: 对手 ['nl_SpaTaro_10728', 'packs', 'packs', 'v2_survival_guar', 'v24_hybrid', 'fta_slice0.json'] | 各岛最优(相对fit,相对margin,评估次数) [(19630, 6717, 1), (15403, 15810, 1), (15177, -3074, 2), (16469, 1424, 2)] | 全局 margin 6597 own 71114 n=6 | straw=31 cow=6.5 岛间距 9.86
HOLDOUT 岛0 cand0: fit 33606 margin -43721 own 61710 solo 104112 (训练 margin 9141 n=2)
HOLDOUT 岛0 cand1: fit 27778 margin -46063 own 56808 solo 113549 (训练 margin 6597 n=6)
HOLDOUT 岛1 cand2: fit 32659 margin -45391 own 61645 solo 109368 (训练 margin 8422 n=2)
HOLDOUT 岛1 cand3: fit 25563 margin -45479 own 51472 solo 130464 (训练 margin 3324 n=2)
HOLDOUT 岛2 cand4: fit 16602 margin -53541 own 54145 solo 106652 (训练 margin -3074 n=2)
HOLDOUT 岛2 cand5: fit 17127 margin -53805 own 54403 solo 110193 (训练 margin -271 n=2)
HOLDOUT 岛3 cand6: fit 30598 margin -46509 own 59001 solo 120707 (训练 margin 1424 n=2)
HOLDOUT 岛3 cand7: fit 20643 margin -55446 own 60645 solo 102959 (训练 margin -1757 n=2)
迭代池 5 条（来自岛 [0, 1, 3]）
