gen 0: 对手 ['majkel_107678936', 'packs', 'packs', 'v29_adaptive', 'v31_sell_timing', 'majkel_107624912'] | 各岛最优(相对fit,相对margin,评估次数) [(62673, 23386, 1), (62673, 23386, 1), (12559, 3589, 1), (18305, 6066, 1)] | 全局 margin 23386 own 78534 n=1 | straw=23 cow=6.5 岛间距 12.36
gen 1: 对手 ['v1_baseline_sche', 'packs', 'packs', 'v25_market_maker', 'v39_pure_tape', 'fta_slice1.json'] | 各岛最优(相对fit,相对margin,评估次数) [(51942, 28094, 2), (51942, 28094, 2), (12160, 2667, 1), (8060, 3699, 2)] | 全局 margin 28094 own 67856 n=2 | straw=23 cow=6.5 岛间距 12.36
gen 2: 对手 ['nl_SpaTaro_10728', 'packs', 'packs', 'v25_market_maker', 'v24_hybrid', 'ymg_slice1.json'] | 各岛最优(相对fit,相对margin,评估次数) [(47052, 22513, 3), (46434, 24693, 3), (5654, -552, 2), (3234, 885, 3)] | 全局 margin 22513 own 72009 n=3 | straw=23 cow=6.5 岛间距 12.52
gen 3: 对手 ['nl_SpaTaro_10728', 'packs', 'packs', 'nl_Otter_Vibe_10', 'v39_pure_tape', 'fta_slice1.json'] | 各岛最优(相对fit,相对margin,评估次数) [(42281, 21849, 4), (41337, 23827, 4), (994, 10429, 1), (-2115, -1573, 4)] | 全局 margin 21849 own 68895 n=4 | straw=23 cow=6.5 岛间距 12.52
gen 4: 对手 ['majkel_107678936', 'packs', 'packs', 'v29_adaptive', 'v31_sell_timing', 'majkel_107976609'] | 各岛最优(相对fit,相对margin,评估次数) [(39371, 17737, 5), (37634, 22487, 5), (-3933, -6818, 4), (16192, 11160, 1)] | 全局 margin 17737 own 70832 n=5 | straw=23 cow=6.5 岛间距 19.27
gen 5: 对手 ['v1_baseline_sche', 'packs', 'v58_rebuild.py', 'v2_survival_guar', 'v39_pure_tape', 'ult_normal.json'] | 各岛最优(相对fit,相对margin,评估次数) [(36695, 16618, 6), (35585, 22026, 6), (-2059, -13918, 1), (1570, 1868, 2)] | 全局 margin 16618 own 69820 n=6 | straw=23 cow=6.5 岛间距 19.27
gen 6: 对手 ['v1_baseline_sche', 'packs', 'packs', 'v29_adaptive', 'v31_sell_timing', 'fta_slice0.json'] | 各岛最优(相对fit,相对margin,评估次数) [(35221, 16745, 7), (33690, 20677, 7), (-798, -5589, 2), (-1115, 2822, 1)] | 全局 margin 16745 own 69065 n=7 | straw=23 cow=6.5 岛间距 22.48
gen 7: 对手 ['majkel_107678936', 'packs', 'v58_rebuild.py', 'v25_market_maker', 'v39_pure_tape', 'majkel_107624912'] | 各岛最优(相对fit,相对margin,评估次数) [(33083, 15535, 8), (31975, 19538, 8), (-703, -6506, 3), (4336, 1141, 1)] | 全局 margin 15535 own 68776 n=8 | straw=23 cow=6.5 岛间距 22.74
gen 8: 对手 ['nl_SpaTaro_10728', 'packs', 'packs', 'v2_survival_guar', 'v33_opp_router', 'majkel_107976609'] | 各岛最优(相对fit,相对margin,评估次数) [(35102, 16497, 1), (31983, 19964, 9), (31983, 19964, 9), (15717, -3297, 1)] | 全局 margin 19964 own 63912 n=9 | straw=23 cow=6.5 岛间距 20.30
gen 9: 对手 ['majkel_107678936', 'packs', 'packs', 'v1_adaptive_mark', 'v24_hybrid', 'fta_slice0.json'] | 各岛最优(相对fit,相对margin,评估次数) [(31061, 19216, 10), (31061, 19216, 10), (31061, 19216, 10), (2744, -5200, 2)] | 全局 margin 19216 own 63827 n=10 | straw=23 cow=6.5 岛间距 20.91
gen 10: 对手 ['nl_SpaTaro_10728', 'packs', 'packs', 'v1_adaptive_mark', 'v39_pure_tape', 'majkel_107620962'] | 各岛最优(相对fit,相对margin,评估次数) [(29566, 18276, 11), (29566, 18276, 11), (29566, 18276, 11), (-1201, -5210, 1)] | 全局 margin 18276 own 64255 n=11 | straw=23 cow=6.5 岛间距 20.87
gen 11: 对手 ['v1_baseline_sche', 'packs', 'v58_rebuild.py', 'v1_adaptive_mark', 'v33_opp_router', 'majkel_107976609'] | 各岛最优(相对fit,相对margin,评估次数) [(28211, 17803, 12), (28211, 17803, 12), (28211, 17803, 12), (5760, -4134, 1)] | 全局 margin 17803 own 63952 n=12 | straw=23 cow=6.5 岛间距 22.20
gen 12: 对手 ['majkel_107678936', 'packs', 'packs', 'v119_center_live', 'v39_pure_tape', 'majkel_107976609'] | 各岛最优(相对fit,相对margin,评估次数) [(26225, 16639, 13), (26743, 14425, 13), (26225, 16639, 13), (623, -481, 3)] | 全局 margin 14425 own 65740 n=13 | straw=23 cow=6.5 岛间距 20.87
gen 13: 对手 ['nl_SpaTaro_10728', 'packs', 'packs', 'v25_market_maker', 'v39_pure_tape', 'majkel_107620962'] | 各岛最优(相对fit,相对margin,评估次数) [(26655, 8795, 1), (25679, 16538, 14), (25679, 16538, 14), (-3352, -4098, 4)] | 全局 margin 16538 own 63029 n=14 | straw=23 cow=6.5 岛间距 20.95
gen 14: 对手 ['v1_baseline_sche', 'packs', 'dist_backup', 'v119_center_live', 'v24_hybrid', 'fta_slice0.json'] | 各岛最优(相对fit,相对margin,评估次数) [(24819, 15823, 15), (24819, 15823, 15), (24819, 15823, 15), (1491, -1647, 1)] | 全局 margin 15823 own 63805 n=15 | straw=23 cow=6.5 岛间距 23.76
gen 15: 对手 ['nl_SpaTaro_10728', 'packs', 'packs', 'v2_survival_guar', 'v39_pure_tape', 'ymg_slice1.json'] | 各岛最优(相对fit,相对margin,评估次数) [(24419, 15475, 16), (24419, 15475, 16), (24419, 15475, 16), (-6014, -6679, 2)] | 全局 margin 15475 own 64400 n=16 | straw=23 cow=6.5 岛间距 22.36
gen 16: 对手 ['majkel_107678936', 'v58_rebuild.py', 'packs', 'v29_adaptive', 'v24_hybrid', 'fta_slice1.json'] | 各岛最优(相对fit,相对margin,评估次数) [(23509, 14821, 17), (23509, 14821, 17), (23509, 14821, 17), (23509, 14821, 17)] | 全局 margin 14821 own 64932 n=17 | straw=23 cow=6.5 岛间距 0.00
gen 17: 对手 ['majkel_107678936', 'v58_rebuild.py', 'packs', 'v1_adaptive_mark', 'v120_hierarchica', 'majkel_107637563'] | 各岛最优(相对fit,相对margin,评估次数) [(22716, 14364, 18), (22716, 14364, 18), (22716, 14364, 18), (22716, 14364, 18)] | 全局 margin 14364 own 64472 n=18 | straw=23 cow=6.5 岛间距 0.00
gen 18: 对手 ['nl_SpaTaro_10728', 'dist_backup', 'packs', 'v2_survival_guar', 'v33_opp_router', 'ult_normal.json'] | 各岛最优(相对fit,相对margin,评估次数) [(22340, 13871, 19), (22340, 13871, 19), (22340, 13871, 19), (22340, 13871, 19)] | 全局 margin 13871 own 64389 n=19 | straw=23 cow=6.5 岛间距 0.00
gen 19: 对手 ['v1_baseline_sche', 'packs', 'packs', 'v1_adaptive_mark', 'v33_opp_router', 'majkel_107629571'] | 各岛最优(相对fit,相对margin,评估次数) [(21698, 13556, 20), (21698, 13556, 20), (21698, 13556, 20), (21698, 13556, 20)] | 全局 margin 13556 own 64265 n=20 | straw=23 cow=6.5 岛间距 0.00
gen 20: 对手 ['nl_SpaTaro_10728', 'packs', 'packs', 'v1_adaptive_mark', 'v33_opp_router', 'ymg_slice0.json'] | 各岛最优(相对fit,相对margin,评估次数) [(20961, 13197, 21), (20961, 13197, 21), (20961, 13197, 21), (20961, 13197, 21)] | 全局 margin 13197 own 64336 n=21 | straw=23 cow=6.5 岛间距 0.00
gen 21: 对手 ['v1_baseline_sche', 'packs', 'dist_backup', 'v29_adaptive', 'v33_opp_router', 'majkel_107624912'] | 各岛最优(相对fit,相对margin,评估次数) [(20303, 12677, 22), (20303, 12677, 22), (20303, 12677, 22), (20303, 12677, 22)] | 全局 margin 12677 own 64334 n=22 | straw=23 cow=6.5 岛间距 0.00
gen 22: 对手 ['majkel_107678936', 'packs', 'packs', 'v1_adaptive_mark', 'v39_pure_tape', 'majkel_107637563'] | 各岛最优(相对fit,相对margin,评估次数) [(19684, 12314, 23), (19684, 12314, 23), (19684, 12314, 23), (19684, 12314, 23)] | 全局 margin 12314 own 64257 n=23 | straw=23 cow=6.5 岛间距 0.00
gen 23: 对手 ['v1_baseline_sche', 'packs', 'dist_backup', 'v2_survival_guar', 'v33_opp_router', 'majkel_107976609'] | 各岛最优(相对fit,相对margin,评估次数) [(19154, 11902, 24), (19154, 11902, 24), (19154, 11902, 24), (19154, 11902, 24)] | 全局 margin 11902 own 64114 n=24 | straw=23 cow=6.5 岛间距 0.00
gen 24: 对手 ['v1_baseline_sche', 'v58_rebuild.py', 'packs', 'v2_survival_guar', 'v39_pure_tape', 'majkel_107620962'] | 各岛最优(相对fit,相对margin,评估次数) [(18628, 11665, 25), (18628, 11665, 25), (18628, 11665, 25), (18628, 11665, 25)] | 全局 margin 11665 own 64153 n=25 | straw=23 cow=6.5 岛间距 0.00
gen 25: 对手 ['majkel_107678936', 'packs', 'packs', 'nl_Otter_Vibe_10', 'v39_pure_tape', 'ymg_slice1.json'] | 各岛最优(相对fit,相对margin,评估次数) [(18174, 11418, 26), (18174, 11418, 26), (18174, 11418, 26), (18174, 11418, 26)] | 全局 margin 11418 own 64235 n=26 | straw=23 cow=6.5 岛间距 0.00
gen 26: 对手 ['v1_baseline_sche', 'packs', 'packs', 'v25_market_maker', 'v39_pure_tape', 'fta_slice0.json'] | 各岛最优(相对fit,相对margin,评估次数) [(20624, 11883, 1), (18448, 4436, 1), (17523, 11317, 27), (17523, 11317, 27)] | 全局 margin 11317 own 63756 n=27 | straw=23 cow=6.5 岛间距 5.33
gen 27: 对手 ['v1_baseline_sche', 'packs', 'dist_backup', 'v2_survival_guar', 'v33_opp_router', 'fta_slice1.json'] | 各岛最优(相对fit,相对margin,评估次数) [(16096, 7948, 2), (17067, -3223, 2), (17168, 11117, 28), (17168, 11117, 28)] | 全局 margin 11117 own 63689 n=28 | straw=23 cow=6.5 岛间距 5.33
gen 28: 对手 ['nl_SpaTaro_10728', 'packs', 'dist_backup', 'v119_center_live', 'v120_hierarchica', 'majkel_107629571'] | 各岛最优(相对fit,相对margin,评估次数) [(16066, 2641, 3), (11692, -3895, 3), (16848, 10905, 29), (16848, 10905, 29)] | 全局 margin 10905 own 63765 n=29 | straw=23 cow=6.5 岛间距 2.30
gen 29: 对手 ['nl_SpaTaro_10728', 'v58_rebuild.py', 'packs', 'v25_market_maker', 'v31_sell_timing', 'majkel_107620962'] | 各岛最优(相对fit,相对margin,评估次数) [(11702, 1804, 4), (8826, -1170, 4), (16585, 10754, 30), (16585, 10754, 30)] | 全局 margin 10754 own 63598 n=30 | straw=23 cow=6.5 岛间距 2.30
gen 30: 对手 ['nl_SpaTaro_10728', 'packs', 'packs', 'v119_center_live', 'v24_hybrid', 'fta_slice0.json'] | 各岛最优(相对fit,相对margin,评估次数) [(15523, 4399, 1), (8410, -112, 5), (16367, 10609, 31), (16367, 10609, 31)] | 全局 margin 10609 own 63712 n=31 | straw=23 cow=6.5 岛间距 5.10
gen 31: 对手 ['v1_baseline_sche', 'dist_backup', 'packs', 'nl_Otter_Vibe_10', 'v24_hybrid', 'majkel_107624912'] | 各岛最优(相对fit,相对margin,评估次数) [(16501, 13672, 1), (7664, -1272, 6), (16148, 10690, 32), (16148, 10690, 32)] | 全局 margin 10690 own 63437 n=32 | straw=23 cow=6.5 岛间距 4.85
gen 32: 对手 ['nl_SpaTaro_10728', 'packs', 'packs', 'v2_survival_guar', 'v24_hybrid', 'ymg_slice1.json'] | 各岛最优(相对fit,相对margin,评估次数) [(17120, 12663, 2), (17120, 12663, 2), (15900, 10606, 33), (15900, 10606, 33)] | 全局 margin 10606 own 63312 n=33 | straw=23 cow=6.5 岛间距 4.85
gen 33: 对手 ['nl_SpaTaro_10728', 'v58_rebuild.py', 'packs', 'v25_market_maker', 'v33_opp_router', 'ult_normal.json'] | 各岛最优(相对fit,相对margin,评估次数) [(15892, 10245, 34), (13219, 14285, 3), (19439, 2245, 1), (15892, 10245, 34)] | 全局 margin 10245 own 63657 n=34 | straw=23 cow=6.5 岛间距 0.00
gen 34: 对手 ['nl_SpaTaro_10728', 'packs', 'dist_backup', 'v2_survival_guar', 'v31_sell_timing', 'majkel_107629571'] | 各岛最优(相对fit,相对margin,评估次数) [(15624, 9986, 35), (11187, 11633, 4), (15624, 9986, 35), (15624, 9986, 35)] | 全局 margin 9986 own 63721 n=35 | straw=23 cow=6.5 岛间距 0.00
gen 35: 对手 ['v1_baseline_sche', 'packs', 'packs', 'v25_market_maker', 'v33_opp_router', 'majkel_107756423'] | 各岛最优(相对fit,相对margin,评估次数) [(15462, 9887, 36), (12132, 11211, 5), (15462, 9887, 36), (15462, 9887, 36)] | 全局 margin 9887 own 63867 n=36 | straw=23 cow=6.5 岛间距 0.00
gen 36: 对手 ['v1_baseline_sche', 'packs', 'packs', 'v2_survival_guar', 'v31_sell_timing', 'fta_slice0.json'] | 各岛最优(相对fit,相对margin,评估次数) [(17673, 7490, 1), (18096, 7401, 1), (15258, 9846, 37), (15258, 9846, 37)] | 全局 margin 9846 own 63818 n=37 | straw=23 cow=6.5 岛间距 6.92
gen 37: 对手 ['nl_SpaTaro_10728', 'packs', 'packs', 'v1_adaptive_mark', 'v33_opp_router', 'majkel_107620962'] | 各岛最优(相对fit,相对margin,评估次数) [(14943, 8028, 2), (17532, 7968, 2), (15031, 9798, 38), (17161, 3145, 1)] | 全局 margin 9798 own 63638 n=38 | straw=23 cow=6.5 岛间距 8.62
gen 38: 对手 ['majkel_107678936', 'packs', 'packs', 'nl_Otter_Vibe_10', 'v31_sell_timing', 'fta_slice1.json'] | 各岛最优(相对fit,相对margin,评估次数) [(19534, 9008, 3), (30981, 10639, 1), (14749, 9599, 39), (18464, 5522, 1)] | 全局 margin 9008 own 70814 n=3 | straw=23 cow=6.5 岛间距 9.15
gen 39: 对手 ['v1_baseline_sche', 'dist_backup', 'packs', 'v2_survival_guar', 'v31_sell_timing', 'fta_slice1.json'] | 各岛最优(相对fit,相对margin,评估次数) [(25446, 5899, 1), (20142, 2415, 2), (15625, 12894, 1), (11401, 6415, 2)] | 全局 margin 9726 own 75262 n=4 | straw=23 cow=6.5 岛间距 8.66
gen 40: 对手 ['majkel_107678936', 'packs', 'packs', 'v25_market_maker', 'v33_opp_router', 'ymg_slice0.json'] | 各岛最优(相对fit,相对margin,评估次数) [(20021, 8711, 5), (16635, 3177, 3), (16635, 3177, 3), (13468, 11764, 2)] | 全局 margin 8711 own 73307 n=5 | straw=23 cow=6.5 岛间距 7.83
gen 41: 对手 ['nl_SpaTaro_10728', 'packs', 'packs', 'nl_Otter_Vibe_10', 'v120_hierarchica', 'majkel_107624912'] | 各岛最优(相对fit,相对margin,评估次数) [(20508, 8982, 6), (17006, 5116, 1), (14799, 4772, 1), (10689, 8812, 3)] | 全局 margin 8982 own 73878 n=6 | straw=23 cow=6.5 岛间距 7.83
gen 42: 对手 ['v1_baseline_sche', 'packs', 'packs', 'v25_market_maker', 'v33_opp_router', 'ymg_slice1.json'] | 各岛最优(相对fit,相对margin,评估次数) [(19300, 8620, 7), (14146, 5012, 3), (12088, 3140, 5), (10858, 7767, 4)] | 全局 margin 8620 own 73543 n=7 | straw=23 cow=6.5 岛间距 7.83
gen 43: 对手 ['majkel_107678936', 'packs', 'packs', 'v25_market_maker', 'v31_sell_timing', 'fta_slice0.json'] | 各岛最优(相对fit,相对margin,评估次数) [(17673, 8128, 8), (9204, 2917, 4), (12336, 4204, 6), (9585, 6019, 5)] | 全局 margin 8128 own 70840 n=8 | straw=23 cow=6.5 岛间距 7.83
gen 44: 对手 ['nl_SpaTaro_10728', 'packs', 'packs', 'nl_Otter_Vibe_10', 'v31_sell_timing', 'majkel_107629571'] | 各岛最优(相对fit,相对margin,评估次数) [(20163, 10342, 1), (13791, 3396, 1), (16945, 2743, 1), (8498, 6642, 6)] | 全局 margin 9055 own 70606 n=9 | straw=23 cow=6.5 岛间距 9.07
gen 45: 对手 ['nl_SpaTaro_10728', 'packs', 'dist_backup', 'v2_survival_guar', 'v33_opp_router', 'majkel_107637563'] | 各岛最优(相对fit,相对margin,评估次数) [(17219, 5670, 1), (12644, -1032, 1), (12308, 4613, 8), (10468, -5773, 1)] | 全局 margin 4613 own 69778 n=8 | straw=23 cow=6.5 岛间距 10.75
gen 46: 对手 ['majkel_107678936', 'packs', 'packs', 'v1_adaptive_mark', 'v33_opp_router', 'majkel_107637563'] | 各岛最优(相对fit,相对margin,评估次数) [(21970, 8165, 2), (16542, 4601, 1), (13149, 7788, 2), (12880, 6256, 1)] | 全局 margin 9957 own 66326 n=3 | straw=23 cow=5.9 岛间距 10.93
gen 47: 对手 ['majkel_107678936', 'packs', 'packs', 'nl_Otter_Vibe_10', 'v31_sell_timing', 'majkel_107624912'] | 各岛最优(相对fit,相对margin,评估次数) [(20046, 9046, 3), (18022, 10515, 1), (13732, 7727, 3), (13198, 6091, 2)] | 全局 margin 9046 own 70691 n=3 | straw=23 cow=6.5 岛间距 10.93
gen 48: 对手 ['v1_baseline_sche', 'packs', 'packs', 'v29_adaptive', 'v31_sell_timing', 'fta_slice1.json'] | 各岛最优(相对fit,相对margin,评估次数) [(17681, 9047, 4), (17681, 9047, 4), (17650, 21270, 1), (17597, 2727, 1)] | 全局 margin 9047 own 68652 n=4 | straw=23 cow=6.5 岛间距 11.99
gen 49: 对手 ['v1_baseline_sche', 'packs', 'packs', 'v29_adaptive', 'v120_hierarchica', 'majkel_107976609'] | 各岛最优(相对fit,相对margin,评估次数) [(19595, 7334, 1), (13775, 8185, 5), (24951, 9495, 1), (11164, -403, 1)] | 全局 margin 8185 own 67495 n=5 | straw=23 cow=6.5 岛间距 14.30
gen 50: 对手 ['majkel_107678936', 'packs', 'packs', 'v1_adaptive_mark', 'v120_hierarchica', 'ymg_slice1.json'] | 各岛最优(相对fit,相对margin,评估次数) [(14466, 4814, 1), (13080, 8411, 6), (13932, 7669, 3), (12571, 4806, 1)] | 全局 margin 7669 own 65145 n=3 | straw=23 cow=6.5 岛间距 13.22
gen 51: 对手 ['nl_SpaTaro_10728', 'dist_backup', 'packs', 'v29_adaptive', 'v39_pure_tape', 'ult_normal.json'] | 各岛最优(相对fit,相对margin,评估次数) [(17830, 5592, 2), (11524, 7394, 7), (20673, 10308, 1), (18690, 4779, 1)] | 全局 margin 8838 own 67695 n=3 | straw=23 cow=6.5 岛间距 14.70
gen 52: 对手 ['majkel_107678936', 'packs', 'packs', 'v29_adaptive', 'v24_hybrid', 'ymg_slice0.json'] | 各岛最优(相对fit,相对margin,评估次数) [(16170, -2192, 1), (12559, 7759, 8), (20449, 11279, 2), (17805, 7998, 2)] | 全局 margin 5929 own 65930 n=3 | straw=23 cow=6.5 岛间距 16.50
gen 53: 对手 ['v1_baseline_sche', 'dist_backup', 'packs', 'nl_Otter_Vibe_10', 'v39_pure_tape', 'majkel_107756423'] | 各岛最优(相对fit,相对margin,评估次数) [(18931, 2997, 1), (14344, 8203, 9), (18997, 8953, 3), (9585, 6407, 3)] | 全局 margin 8953 own 70022 n=3 | straw=24 cow=6.5 岛间距 16.43
gen 54: 对手 ['v1_baseline_sche', 'dist_backup', 'packs', 'v29_adaptive', 'v24_hybrid', 'majkel_107756423'] | 各岛最优(相对fit,相对margin,评估次数) [(17902, 6082, 1), (13792, 7853, 10), (18857, 8015, 4), (9361, 6106, 4)] | 全局 margin 8015 own 71431 n=4 | straw=24 cow=6.5 岛间距 15.00
gen 55: 对手 ['v1_baseline_sche', 'packs', 'dist_backup', 'nl_Otter_Vibe_10', 'v120_hierarchica', 'majkel_107624912'] | 各岛最优(相对fit,相对margin,评估次数) [(13160, 1395, 4), (17154, 2271, 1), (18275, 6255, 5), (8097, 6699, 5)] | 全局 margin 6255 own 71714 n=5 | straw=24 cow=6.5 岛间距 16.50
gen 56: 对手 ['nl_SpaTaro_10728', 'packs', 'packs', 'v2_survival_guar', 'v31_sell_timing', 'majkel_107756423'] | 各岛最优(相对fit,相对margin,评估次数) [(10409, 2811, 5), (17349, 4124, 2), (17349, 4124, 2), (16638, 5703, 6)] | 全局 margin 5703 own 71690 n=6 | straw=24 cow=6.5 岛间距 13.78
gen 57: 对手 ['v1_baseline_sche', 'packs', 'packs', 'nl_Otter_Vibe_10', 'v24_hybrid', 'ymg_slice1.json'] | 各岛最优(相对fit,相对margin,评估次数) [(12360, 5562, 1), (14711, 4447, 3), (14892, -5339, 1), (15013, 5710, 7)] | 全局 margin 5710 own 69688 n=7 | straw=24 cow=6.5 岛间距 13.74
gen 58: 对手 ['majkel_107678936', 'packs', 'packs', 'v119_center_live', 'v24_hybrid', 'majkel_107976609'] | 各岛最优(相对fit,相对margin,评估次数) [(15798, 13283, 1), (16991, 10489, 1), (13756, 5333, 4), (14422, 5076, 8)] | 全局 margin 5076 own 69190 n=8 | straw=24 cow=6.5 岛间距 14.23
gen 59: 对手 ['majkel_107678936', 'packs', 'packs', 'v1_adaptive_mark', 'v120_hierarchica', 'ymg_slice0.json'] | 各岛最优(相对fit,相对margin,评估次数) [(18944, 8780, 1), (15189, 12709, 2), (14011, 6558, 5), (22740, 6142, 1)] | 全局 margin 6558 own 66957 n=5 | straw=23 cow=6.5 岛间距 15.22
gen 60: 对手 ['nl_SpaTaro_10728', 'packs', 'packs', 'v119_center_live', 'v24_hybrid', 'majkel_107624912'] | 各岛最优(相对fit,相对margin,评估次数) [(18082, 6733, 2), (16747, 3413, 2), (14468, 6905, 6), (16112, 6860, 2)] | 全局 margin 6905 own 67598 n=6 | straw=23 cow=6.5 岛间距 15.22
gen 61: 对手 ['nl_SpaTaro_10728', 'v58_rebuild.py', 'packs', 'v1_adaptive_mark', 'v120_hierarchica', 'majkel_107976609'] | 各岛最优(相对fit,相对margin,评估次数) [(21895, 5143, 1), (22983, 13677, 1), (17169, 5593, 2), (12674, 5016, 11)] | 全局 margin 8536 own 70321 n=3 | straw=19 cow=7.0 岛间距 15.14
gen 62: 对手 ['majkel_107678936', 'packs', 'packs', 'v2_survival_guar', 'v24_hybrid', 'majkel_107620962'] | 各岛最优(相对fit,相对margin,评估次数) [(20247, 2268, 1), (17939, 7103, 2), (15171, 7903, 1), (12417, 5371, 12)] | 全局 margin 7585 own 68623 n=4 | straw=19 cow=7.0 岛间距 15.60
gen 63: 对手 ['v1_baseline_sche', 'packs', 'packs', 'v119_center_live', 'v33_opp_router', 'fta_slice0.json'] | 各岛最优(相对fit,相对margin,评估次数) [(19109, 7523, 2), (28335, 1625, 1), (18986, 11316, 1), (11488, 4653, 13)] | 全局 margin 7496 own 70298 n=3 | straw=23 cow=6.5 岛间距 15.60
gen 64: 对手 ['nl_SpaTaro_10728', 'packs', 'packs', 'v119_center_live', 'v33_opp_router', 'ymg_slice1.json'] | 各岛最优(相对fit,相对margin,评估次数) [(15164, 9353, 1), (15514, 2330, 2), (21006, 9471, 2), (21006, 9471, 2)] | 全局 margin 6552 own 66433 n=3 | straw=19 cow=5.6 岛间距 14.28
gen 65: 对手 ['majkel_107678936', 'packs', 'v58_rebuild.py', 'v1_adaptive_mark', 'v31_sell_timing', 'ult_normal.json'] | 各岛最优(相对fit,相对margin,评估次数) [(19072, 409, 1), (23276, 5304, 1), (18384, 10795, 3), (18384, 10795, 3)] | 全局 margin 10795 own 69302 n=3 | straw=20 cow=5.9 岛间距 13.76
gen 66: 对手 ['majkel_107678936', 'packs', 'packs', 'v25_market_maker', 'v120_hierarchica', 'majkel_107756423'] | 各岛最优(相对fit,相对margin,评估次数) [(17797, 5538, 2), (21334, 13447, 1), (15982, 10664, 4), (15982, 10664, 4)] | 全局 margin 10664 own 67812 n=4 | straw=20 cow=5.9 岛间距 15.27
gen 67: 对手 ['majkel_107678936', 'packs', 'packs', 'v2_survival_guar', 'v39_pure_tape', 'majkel_107620962'] | 各岛最优(相对fit,相对margin,评估次数) [(14499, 5730, 3), (10202, 5121, 2), (15077, 9991, 5), (22123, -111, 1)] | 全局 margin 9991 own 65707 n=5 | straw=20 cow=5.9 岛间距 16.81
gen 68: 对手 ['v1_baseline_sche', 'packs', 'packs', 'v2_survival_guar', 'v33_opp_router', 'fta_slice0.json'] | 各岛最优(相对fit,相对margin,评估次数) [(20275, 5302, 1), (12028, 8977, 1), (33252, 17083, 1), (19144, 10025, 1)] | 全局 margin 6072 own 71755 n=4 | straw=19 cow=7.0 岛间距 18.59
gen 69: 对手 ['nl_SpaTaro_10728', 'packs', 'packs', 'v2_survival_guar', 'v24_hybrid', 'fta_slice0.json'] | 各岛最优(相对fit,相对margin,评估次数) [(16769, 6249, 2), (11049, 14728, 1), (23677, 15510, 2), (14930, 11792, 2)] | 全局 margin 6916 own 69670 n=5 | straw=19 cow=7.0 岛间距 18.06
HOLDOUT 岛0 cand0: fit 27533 margin -50243 own 61005 solo 111811 (训练 margin 6249 n=2)
HOLDOUT 岛0 cand1: fit 30842 margin -43743 own 57891 solo 111293 (训练 margin 6916 n=5)
HOLDOUT 岛1 cand2: fit 18937 margin -48830 own 51209 solo 110389 (训练 margin 6132 n=4)
HOLDOUT 岛1 cand3: fit 27575 margin -45352 own 55431 solo 116637 (训练 margin 6697 n=2)
HOLDOUT 岛2 cand4: fit 31102 margin -43588 own 56452 solo 121587 (训练 margin 15510 n=2)
HOLDOUT 岛2 cand5: fit 36458 margin -45729 own 65925 solo 108413 (训练 margin 15429 n=2)
HOLDOUT 岛3 cand6: fit 36464 margin -41081 own 59925 solo 117458 (训练 margin 11792 n=2)
HOLDOUT 岛3 cand7: fit 31041 margin -44445 own 58297 solo 114594 (训练 margin 8354 n=2)
迭代池 7 条（来自岛 [0, 1, 2, 3]）
