warm start from best_iter (hold_fit 90198)
gen 0: fit 91597 (vs_own 76100 solo 82180) elite_mean 85691 | cow=3.7 straw=31 fert_start=12
gen 1: fit 83063 (vs_own 60310 solo 80648) elite_mean 81815 | cow=5.8 straw=28 fert_start=12
gen 2: fit 89546 (vs_own 65807 solo 93496) elite_mean 83304 | cow=3.4 straw=34 fert_start=11
gen 3: fit 84716 (vs_own 58058 solo 98340) elite_mean 80901 | cow=3.0 straw=34 fert_start=12
gen 4: fit 90102 (vs_own 62011 solo 88822) elite_mean 85958 | cow=5.8 straw=33 fert_start=12
gen 5: fit 92942 (vs_own 60946 solo 107612) elite_mean 86566 | cow=6.1 straw=34 fert_start=12
gen 6: fit 86428 (vs_own 64036 solo 86661) elite_mean 84607 | cow=3.5 straw=32 fert_start=12
gen 7: fit 97802 (vs_own 77608 solo 109283) elite_mean 89726 | cow=4.1 straw=33 fert_start=12
gen 8: fit 90971 (vs_own 61793 solo 122492) elite_mean 87621 | cow=4.8 straw=32 fert_start=12
gen 9: fit 98478 (vs_own 77928 solo 76731) elite_mean 89530 | cow=3.6 straw=34 fert_start=12
gen 10: fit 97220 (vs_own 73763 solo 86094) elite_mean 91153 | cow=5.7 straw=32 fert_start=12
gen 11: fit 90561 (vs_own 73237 solo 64708) elite_mean 86380 | cow=3.9 straw=33 fert_start=12
HOLDOUT baseline: fit 65007 vs_own 38415
HOLDOUT cand0: fit 82657 vs_own 55889 solo 107071
HOLDOUT cand1: fit 82679 vs_own 57183 solo 101984
HOLDOUT cand2: fit 71078 vs_own 43165 solo 111653
HOLDOUT cand3: fit 71487 vs_own 47685 solo 95208
HOLDOUT cand4: fit 77705 vs_own 54372 solo 93331
迭代池 5 条 -> plan_pool_iter.json
