warm start from best_iter (hold_fit 82679)
gen 0: fit 91597 (vs_own 76100 solo 82180) elite_mean 83695 | cow=3.7 straw=31 fert_start=12
gen 1: fit 92086 (vs_own 74110 solo 79317) elite_mean 85471 | cow=4.1 straw=33 fert_start=13
gen 2: fit 90849 (vs_own 70546 solo 91851) elite_mean 85206 | cow=3.5 straw=36 fert_start=11
gen 3: fit 96197 (vs_own 76859 solo 99305) elite_mean 87451 | cow=4.7 straw=32 fert_start=10
gen 4: fit 93560 (vs_own 68498 solo 103322) elite_mean 87333 | cow=3.6 straw=34 fert_start=11
gen 5: fit 93737 (vs_own 65997 solo 105993) elite_mean 87989 | cow=4.4 straw=35 fert_start=12
gen 6: fit 103081 (vs_own 76904 solo 122666) elite_mean 92330 | cow=5.2 straw=32 fert_start=12
gen 7: fit 103000 (vs_own 80105 solo 112093) elite_mean 95840 | cow=4.8 straw=32 fert_start=12
gen 8: fit 110650 (vs_own 85499 solo 118061) elite_mean 101403 | cow=4.9 straw=34 fert_start=12
gen 9: fit 101879 (vs_own 73728 solo 99163) elite_mean 91642 | cow=6.3 straw=34 fert_start=12
gen 10: fit 98294 (vs_own 63166 solo 118781) elite_mean 93526 | cow=5.5 straw=33 fert_start=12
gen 11: fit 96513 (vs_own 67228 solo 100115) elite_mean 93497 | cow=5.2 straw=32 fert_start=11
gen 12: fit 99567 (vs_own 78111 solo 114556) elite_mean 94589 | cow=5.9 straw=33 fert_start=12
gen 13: fit 97205 (vs_own 70544 solo 102253) elite_mean 93655 | cow=6.0 straw=33 fert_start=12
HOLDOUT baseline: fit 65007 vs_own 38415
HOLDOUT cand0: fit 94057 vs_own 67156 solo 107606
HOLDOUT cand1: fit 74284 vs_own 44449 solo 119339
HOLDOUT cand2: fit 83931 vs_own 56452 solo 109918
HOLDOUT cand3: fit 93260 vs_own 66060 solo 108802
HOLDOUT cand4: fit 84160 vs_own 58230 solo 103717
迭代池 5 条 -> plan_pool_iter.json
