gen   0 best=   -111567 mean=   -126986 | {"n_animal_tiles": 9, "n_wheat_tiles": 3, "n_melon_tiles": 8, "n_straw_tiles": 16, "n_melon2_tiles": 5, "ipo_day": 10, "last_animal_day": 18, "slip_to
gen   1 best=    -84671 mean=   -101141 | {"n_animal_tiles": 11, "n_wheat_tiles": 6, "n_melon_tiles": 13, "n_straw_tiles": 19, "n_melon2_tiles": 7, "ipo_day": 9, "last_animal_day": 18, "slip_t
gen   2 best=    -92987 mean=   -106558 | {"n_animal_tiles": 9, "n_wheat_tiles": 3, "n_melon_tiles": 13, "n_straw_tiles": 18, "n_melon2_tiles": 5, "ipo_day": 7, "last_animal_day": 17, "slip_to
gen   3 best=    -80203 mean=    -93104 | {"n_animal_tiles": 10, "n_wheat_tiles": 4, "n_melon_tiles": 13, "n_straw_tiles": 11, "n_melon2_tiles": 6, "ipo_day": 9, "last_animal_day": 17, "slip_t
gen   4 best=   -108715 mean=   -120407 | {"n_animal_tiles": 9, "n_wheat_tiles": 4, "n_melon_tiles": 12, "n_straw_tiles": 6, "n_melon2_tiles": 7, "ipo_day": 9, "last_animal_day": 15, "slip_tol
gen   5 best=    -69870 mean=    -90724 | {"n_animal_tiles": 10, "n_wheat_tiles": 5, "n_melon_tiles": 12, "n_straw_tiles": 8, "n_melon2_tiles": 5, "ipo_day": 8, "last_animal_day": 16, "slip_to
gen   6 best=    -55375 mean=    -86017 | {"n_animal_tiles": 9, "n_wheat_tiles": 5, "n_melon_tiles": 11, "n_straw_tiles": 8, "n_melon2_tiles": 7, "ipo_day": 9, "last_animal_day": 17, "slip_tol
gen   7 best=   -101514 mean=   -111902 | {"n_animal_tiles": 9, "n_wheat_tiles": 5, "n_melon_tiles": 12, "n_straw_tiles": 8, "n_melon2_tiles": 7, "ipo_day": 7, "last_animal_day": 18, "slip_tol
gen   8 best=    -96007 mean=   -109505 | {"n_animal_tiles": 9, "n_wheat_tiles": 5, "n_melon_tiles": 11, "n_straw_tiles": 8, "n_melon2_tiles": 5, "ipo_day": 7, "last_animal_day": 20, "slip_tol
gen   9 best=    -79135 mean=    -92499 | {"n_animal_tiles": 9, "n_wheat_tiles": 5, "n_melon_tiles": 13, "n_straw_tiles": 8, "n_melon2_tiles": 4, "ipo_day": 7, "last_animal_day": 16, "slip_tol
gen  10 best=    -81325 mean=    -97802 | {"n_animal_tiles": 9, "n_wheat_tiles": 4, "n_melon_tiles": 13, "n_straw_tiles": 8, "n_melon2_tiles": 6, "ipo_day": 7, "last_animal_day": 16, "slip_tol
gen  11 best=    -77204 mean=    -98542 | {"n_animal_tiles": 9, "n_wheat_tiles": 5, "n_melon_tiles": 13, "n_straw_tiles": 8, "n_melon2_tiles": 6, "ipo_day": 7, "last_animal_day": 20, "slip_tol
gen  12 best=    -63290 mean=    -79179 | {"n_animal_tiles": 9, "n_wheat_tiles": 5, "n_melon_tiles": 13, "n_straw_tiles": 8, "n_melon2_tiles": 6, "ipo_day": 7, "last_animal_day": 19, "slip_tol
gen  13 best=    -67737 mean=    -76796 | {"n_animal_tiles": 9, "n_wheat_tiles": 5, "n_melon_tiles": 14, "n_straw_tiles": 7, "n_melon2_tiles": 5, "ipo_day": 7, "last_animal_day": 18, "slip_tol
gen  14 best=    -98361 mean=   -109367 | {"n_animal_tiles": 9, "n_wheat_tiles": 5, "n_melon_tiles": 14, "n_straw_tiles": 7, "n_melon2_tiles": 5, "ipo_day": 7, "last_animal_day": 17, "slip_tol
gen  15 best=    -87115 mean=    -93061 | {"n_animal_tiles": 9, "n_wheat_tiles": 5, "n_melon_tiles": 13, "n_straw_tiles": 7, "n_melon2_tiles": 5, "ipo_day": 7, "last_animal_day": 15, "slip_tol
gen  16 best=   -100543 mean=   -107043 | {"n_animal_tiles": 9, "n_wheat_tiles": 5, "n_melon_tiles": 14, "n_straw_tiles": 7, "n_melon2_tiles": 4, "ipo_day": 7, "last_animal_day": 12, "slip_tol
gen  17 best=    -94857 mean=    -97816 | {"n_animal_tiles": 9, "n_wheat_tiles": 5, "n_melon_tiles": 14, "n_straw_tiles": 7, "n_melon2_tiles": 4, "ipo_day": 7, "last_animal_day": 15, "slip_tol
gen  18 best=    -85091 mean=    -89348 | {"n_animal_tiles": 9, "n_wheat_tiles": 5, "n_melon_tiles": 14, "n_straw_tiles": 7, "n_melon2_tiles": 4, "ipo_day": 7, "last_animal_day": 16, "slip_tol
gen  19 best=    -71185 mean=    -76425 | {"n_animal_tiles": 9, "n_wheat_tiles": 5, "n_melon_tiles": 13, "n_straw_tiles": 7, "n_melon2_tiles": 4, "ipo_day": 7, "last_animal_day": 14, "slip_tol
gen  20 best=    -82907 mean=    -89568 | {"n_animal_tiles": 9, "n_wheat_tiles": 5, "n_melon_tiles": 12, "n_straw_tiles": 7, "n_melon2_tiles": 4, "ipo_day": 7, "last_animal_day": 12, "slip_tol
gen  21 best=   -113720 mean=   -115197 | {"n_animal_tiles": 9, "n_wheat_tiles": 5, "n_melon_tiles": 14, "n_straw_tiles": 7, "n_melon2_tiles": 4, "ipo_day": 7, "last_animal_day": 12, "slip_tol
gen  22 best=   -102754 mean=   -103959 | {"n_animal_tiles": 9, "n_wheat_tiles": 5, "n_melon_tiles": 14, "n_straw_tiles": 7, "n_melon2_tiles": 4, "ipo_day": 7, "last_animal_day": 14, "slip_tol
gen  23 best=   -112009 mean=   -115455 | {"n_animal_tiles": 9, "n_wheat_tiles": 5, "n_melon_tiles": 14, "n_straw_tiles": 6, "n_melon2_tiles": 4, "ipo_day": 7, "last_animal_day": 16, "slip_tol
gen  24 best=    -99117 mean=   -104660 | {"n_animal_tiles": 9, "n_wheat_tiles": 5, "n_melon_tiles": 14, "n_straw_tiles": 8, "n_melon2_tiles": 4, "ipo_day": 7, "last_animal_day": 13, "slip_tol
gen  25 best=    -82246 mean=    -90339 | {"n_animal_tiles": 9, "n_wheat_tiles": 5, "n_melon_tiles": 14, "n_straw_tiles": 7, "n_melon2_tiles": 4, "ipo_day": 7, "last_animal_day": 15, "slip_tol
gen  26 best=   -107871 mean=   -110664 | {"n_animal_tiles": 9, "n_wheat_tiles": 5, "n_melon_tiles": 13, "n_straw_tiles": 8, "n_melon2_tiles": 4, "ipo_day": 7, "last_animal_day": 14, "slip_tol
gen  27 best=   -100022 mean=   -103013 | {"n_animal_tiles": 9, "n_wheat_tiles": 5, "n_melon_tiles": 13, "n_straw_tiles": 7, "n_melon2_tiles": 4, "ipo_day": 7, "last_animal_day": 14, "slip_tol
gen  28 best=    -67671 mean=    -73527 | {"n_animal_tiles": 9, "n_wheat_tiles": 5, "n_melon_tiles": 13, "n_straw_tiles": 7, "n_melon2_tiles": 4, "ipo_day": 7, "last_animal_day": 15, "slip_tol
gen  29 best=    -74594 mean=    -82649 | {"n_animal_tiles": 9, "n_wheat_tiles": 5, "n_melon_tiles": 14, "n_straw_tiles": 7, "n_melon2_tiles": 4, "ipo_day": 7, "last_animal_day": 14, "slip_tol
gen  30 best=    -88909 mean=    -92359 | {"n_animal_tiles": 9, "n_wheat_tiles": 5, "n_melon_tiles": 14, "n_straw_tiles": 8, "n_melon2_tiles": 4, "ipo_day": 7, "last_animal_day": 15, "slip_tol
gen  31 best=    -84185 mean=    -93421 | {"n_animal_tiles": 9, "n_wheat_tiles": 5, "n_melon_tiles": 13, "n_straw_tiles": 8, "n_melon2_tiles": 4, "ipo_day": 7, "last_animal_day": 14, "slip_tol
gen  32 best=   -101622 mean=   -105052 | {"n_animal_tiles": 9, "n_wheat_tiles": 5, "n_melon_tiles": 13, "n_straw_tiles": 7, "n_melon2_tiles": 4, "ipo_day": 7, "last_animal_day": 14, "slip_tol
gen  33 best=    -91642 mean=   -104001 | {"n_animal_tiles": 9, "n_wheat_tiles": 5, "n_melon_tiles": 14, "n_straw_tiles": 9, "n_melon2_tiles": 4, "ipo_day": 7, "last_animal_day": 14, "slip_tol
gen  34 best=    -87366 mean=    -95137 | {"n_animal_tiles": 9, "n_wheat_tiles": 5, "n_melon_tiles": 15, "n_straw_tiles": 6, "n_melon2_tiles": 4, "ipo_day": 7, "last_animal_day": 14, "slip_tol
gen  35 best=    -89286 mean=   -104713 | {"n_animal_tiles": 8, "n_wheat_tiles": 5, "n_melon_tiles": 14, "n_straw_tiles": 12, "n_melon2_tiles": 4, "ipo_day": 7, "last_animal_day": 14, "slip_to
gen  36 best=    -83872 mean=    -96039 | {"n_animal_tiles": 10, "n_wheat_tiles": 5, "n_melon_tiles": 14, "n_straw_tiles": 6, "n_melon2_tiles": 4, "ipo_day": 7, "last_animal_day": 14, "slip_to
gen  37 best=    -80312 mean=    -92681 | {"n_animal_tiles": 8, "n_wheat_tiles": 5, "n_melon_tiles": 14, "n_straw_tiles": 9, "n_melon2_tiles": 4, "ipo_day": 7, "last_animal_day": 14, "slip_tol
gen  38 best=    -92772 mean=   -101974 | {"n_animal_tiles": 8, "n_wheat_tiles": 5, "n_melon_tiles": 14, "n_straw_tiles": 7, "n_melon2_tiles": 4, "ipo_day": 7, "last_animal_day": 14, "slip_tol
gen  39 best=    -83749 mean=    -90568 | {"n_animal_tiles": 8, "n_wheat_tiles": 5, "n_melon_tiles": 14, "n_straw_tiles": 6, "n_melon2_tiles": 4, "ipo_day": 7, "last_animal_day": 14, "slip_tol
