warm start from best_iter (旧口径 hold_fit 94057)
gen 0: fit -34978 (margin -67392 own 43522 solo 77812) elite_mean -40647 | straw=27 wheat=26 cow=9.7
gen 1: fit -34612 (margin -72902 own 58886 solo 97220) elite_mean -40009 | straw=34 wheat=28 cow=8.4
gen 2: fit -33594 (margin -71786 own 61247 solo 75280) elite_mean -36309 | straw=31 wheat=28 cow=7.6
gen 3: fit -35323 (margin -88384 own 65314 solo 97523) elite_mean -38538 | straw=32 wheat=28 cow=7.9
gen 4: fit -31535 (margin -75030 own 67040 solo 84123) elite_mean -33906 | straw=30 wheat=27 cow=8.6
gen 5: fit -31462 (margin -79075 own 64112 solo 89287) elite_mean -38853 | straw=30 wheat=27 cow=7.1
gen 6: fit -32150 (margin -86191 own 87644 solo 74869) elite_mean -35880 | straw=32 wheat=29 cow=8.9
gen 7: fit -33934 (margin -73036 own 65437 solo 65880) elite_mean -36628 | straw=31 wheat=27 cow=8.2
gen 8: fit -28499 (margin -74144 own 56511 solo 87636) elite_mean -36255 | straw=30 wheat=25 cow=7.6
gen 9: fit -22490 (margin -76728 own 71106 solo 94520) elite_mean -28924 | straw=32 wheat=28 cow=8.9
gen 10: fit -27693 (margin -69654 own 57823 solo 104574) elite_mean -32742 | straw=29 wheat=26 cow=7.2
gen 11: fit -28828 (margin -65084 own 43061 solo 99964) elite_mean -32608 | straw=30 wheat=25 cow=7.0
HOLDOUT baseline: fit -51862 margin -91759 own 51382
HOLDOUT cand0: fit -35264 margin -76449 own 49916 solo 108180
HOLDOUT cand1: fit -38629 margin -88209 own 68550 solo 102034
HOLDOUT cand2: fit -29907 margin -71407 own 52012 solo 103292
HOLDOUT cand3: fit -34205 margin -81366 own 63881 solo 101468
HOLDOUT cand4: fit -35463 margin -80796 own 59907 solo 102526
迭代池 5 条 -> plan_pool_iter.json
