warm start from best_iter (旧口径 hold_fit 94057)
gen 0: fit -13868 (margin -64474 own 32478 solo 87552) elite_mean -17786 | straw=34 wheat=29 cow=4.9
gen 1: fit 2943 (margin -75827 own 62257 solo 101034) elite_mean -7610 | straw=32 wheat=29 cow=5.3
gen 2: fit -1664 (margin -71044 own 56785 solo 72310) elite_mean -11477 | straw=29 wheat=33 cow=5.0
gen 3: fit 12510 (margin -89411 own 87376 solo 113294) elite_mean -6325 | straw=32 wheat=29 cow=4.6
gen 4: fit 1360 (margin -72454 own 65611 solo 83191) elite_mean -5064 | straw=32 wheat=33 cow=4.6
gen 5: fit 5186 (margin -89900 own 77115 solo 92302) elite_mean -3951 | straw=34 wheat=29 cow=5.4
gen 6: fit 4288 (margin -85908 own 80114 solo 90752) elite_mean 2076 | straw=34 wheat=31 cow=4.6
gen 7: fit 8853 (margin -74746 own 68454 solo 106481) elite_mean 3470 | straw=36 wheat=34 cow=5.4
gen 8: fit 6661 (margin -74064 own 65793 solo 100509) elite_mean 2427 | straw=35 wheat=32 cow=4.9
gen 9: fit 8673 (margin -77894 own 73300 solo 96526) elite_mean -1327 | straw=36 wheat=33 cow=4.6
gen 10: fit 1823 (margin -69955 own 56337 solo 80431) elite_mean -2916 | straw=36 wheat=32 cow=5.2
gen 11: fit 9056 (margin -75138 own 62724 solo 109105) elite_mean 1907 | straw=35 wheat=30 cow=4.9
HOLDOUT baseline: fit -26171 margin -91759 own 51382
HOLDOUT cand0: fit -7912 margin -81821 own 58757 solo 101020
HOLDOUT cand1: fit -9715 margin -81489 own 56116 solo 104388
HOLDOUT cand2: fit -4856 margin -73690 own 52931 solo 106024
HOLDOUT cand3: fit 5103 margin -67466 own 56221 solo 108990
HOLDOUT cand4: fit -8517 margin -76718 own 53427 solo 98490
迭代池 5 条 -> plan_pool_iter.json
